Archive member included to satisfy reference by file (symbol)

/usr/lib/gcc/arm-none-eabi/12.2.0/../../../../arm-none-eabi/lib/thumb/v7-m/nofp/libc_nano.a(lib_a-atexit.o)
                              /usr/lib/gcc/arm-none-eabi/12.2.0/../../../../arm-none-eabi/lib/thumb/v7-m/nofp/crt0.o (atexit)
/usr/lib/gcc/arm-none-eabi/12.2.0/../../../../arm-none-eabi/lib/thumb/v7-m/nofp/libc_nano.a(lib_a-exit.o)
                              /usr/lib/gcc/arm-none-eabi/12.2.0/../../../../arm-none-eabi/lib/thumb/v7-m/nofp/crt0.o (exit)
/usr/lib/gcc/arm-none-eabi/12.2.0/../../../../arm-none-eabi/lib/thumb/v7-m/nofp/libc_nano.a(lib_a-fini.o)
                              /usr/lib/gcc/arm-none-eabi/12.2.0/../../../../arm-none-eabi/lib/thumb/v7-m/nofp/crt0.o (__libc_fini_array)
/usr/lib/gcc/arm-none-eabi/12.2.0/../../../../arm-none-eabi/lib/thumb/v7-m/nofp/libc_nano.a(lib_a-impure.o)
                              /usr/lib/gcc/arm-none-eabi/12.2.0/../../../../arm-none-eabi/lib/thumb/v7-m/nofp/libc_nano.a(lib_a-exit.o) (_global_impure_ptr)
/usr/lib/gcc/arm-none-eabi/12.2.0/../../../../arm-none-eabi/lib/thumb/v7-m/nofp/libc_nano.a(lib_a-init.o)
                              /usr/lib/gcc/arm-none-eabi/12.2.0/../../../../arm-none-eabi/lib/thumb/v7-m/nofp/crt0.o (__libc_init_array)
/usr/lib/gcc/arm-none-eabi/12.2.0/../../../../arm-none-eabi/lib/thumb/v7-m/nofp/libc_nano.a(lib_a-malloc.o)
                              build/st7735.o (malloc)
/usr/lib/gcc/arm-none-eabi/12.2.0/../../../../arm-none-eabi/lib/thumb/v7-m/nofp/libc_nano.a(lib_a-memset.o)
                              /usr/lib/gcc/arm-none-eabi/12.2.0/../../../../arm-none-eabi/lib/thumb/v7-m/nofp/crt0.o (memset)
/usr/lib/gcc/arm-none-eabi/12.2.0/../../../../arm-none-eabi/lib/thumb/v7-m/nofp/libc_nano.a(lib_a-nano-freer.o)
                              /usr/lib/gcc/arm-none-eabi/12.2.0/../../../../arm-none-eabi/lib/thumb/v7-m/nofp/libc_nano.a(lib_a-malloc.o) (_free_r)
/usr/lib/gcc/arm-none-eabi/12.2.0/../../../../arm-none-eabi/lib/thumb/v7-m/nofp/libc_nano.a(lib_a-nano-mallocr.o)
                              /usr/lib/gcc/arm-none-eabi/12.2.0/../../../../arm-none-eabi/lib/thumb/v7-m/nofp/libc_nano.a(lib_a-malloc.o) (_malloc_r)
/usr/lib/gcc/arm-none-eabi/12.2.0/../../../../arm-none-eabi/lib/thumb/v7-m/nofp/libc_nano.a(lib_a-sbrkr.o)
                              /usr/lib/gcc/arm-none-eabi/12.2.0/../../../../arm-none-eabi/lib/thumb/v7-m/nofp/libc_nano.a(lib_a-nano-mallocr.o) (_sbrk_r)
/usr/lib/gcc/arm-none-eabi/12.2.0/../../../../arm-none-eabi/lib/thumb/v7-m/nofp/libc_nano.a(lib_a-strlen.o)
                              build/st7735.o (strlen)
/usr/lib/gcc/arm-none-eabi/12.2.0/../../../../arm-none-eabi/lib/thumb/v7-m/nofp/libc_nano.a(lib_a-strncpy.o)
                              build/flash_execution.o (strncpy)
/usr/lib/gcc/arm-none-eabi/12.2.0/../../../../arm-none-eabi/lib/thumb/v7-m/nofp/libc_nano.a(lib_a-__atexit.o)
                              /usr/lib/gcc/arm-none-eabi/12.2.0/../../../../arm-none-eabi/lib/thumb/v7-m/nofp/libc_nano.a(lib_a-atexit.o) (__register_exitproc)
/usr/lib/gcc/arm-none-eabi/12.2.0/../../../../arm-none-eabi/lib/thumb/v7-m/nofp/libc_nano.a(lib_a-__call_atexit.o)
                              /usr/lib/gcc/arm-none-eabi/12.2.0/../../../../arm-none-eabi/lib/thumb/v7-m/nofp/libc_nano.a(lib_a-__atexit.o) (__call_exitprocs)
/usr/lib/gcc/arm-none-eabi/12.2.0/../../../../arm-none-eabi/lib/thumb/v7-m/nofp/libc_nano.a(lib_a-lock.o)
                              /usr/lib/gcc/arm-none-eabi/12.2.0/../../../../arm-none-eabi/lib/thumb/v7-m/nofp/libc_nano.a(lib_a-__atexit.o) (__retarget_lock_acquire_recursive)
/usr/lib/gcc/arm-none-eabi/12.2.0/../../../../arm-none-eabi/lib/thumb/v7-m/nofp/libc_nano.a(lib_a-mlock.o)
                              /usr/lib/gcc/arm-none-eabi/12.2.0/../../../../arm-none-eabi/lib/thumb/v7-m/nofp/libc_nano.a(lib_a-nano-freer.o) (__malloc_lock)
/usr/lib/gcc/arm-none-eabi/12.2.0/../../../../arm-none-eabi/lib/thumb/v7-m/nofp/libc_nano.a(lib_a-reent.o)
                              /usr/lib/gcc/arm-none-eabi/12.2.0/../../../../arm-none-eabi/lib/thumb/v7-m/nofp/libc_nano.a(lib_a-sbrkr.o) (errno)
/usr/lib/gcc/arm-none-eabi/12.2.0/../../../../arm-none-eabi/lib/thumb/v7-m/nofp/libnosys.a(sbrk.o)
                              /usr/lib/gcc/arm-none-eabi/12.2.0/../../../../arm-none-eabi/lib/thumb/v7-m/nofp/libc_nano.a(lib_a-sbrkr.o) (_sbrk)
/usr/lib/gcc/arm-none-eabi/12.2.0/../../../../arm-none-eabi/lib/thumb/v7-m/nofp/libnosys.a(_exit.o)
                              /usr/lib/gcc/arm-none-eabi/12.2.0/../../../../arm-none-eabi/lib/thumb/v7-m/nofp/libc_nano.a(lib_a-exit.o) (_exit)

Discarded input sections

 .text          0x0000000000000000        0x0 /usr/lib/gcc/arm-none-eabi/12.2.0/thumb/v7-m/nofp/crti.o
 .data          0x0000000000000000        0x0 /usr/lib/gcc/arm-none-eabi/12.2.0/thumb/v7-m/nofp/crti.o
 .bss           0x0000000000000000        0x0 /usr/lib/gcc/arm-none-eabi/12.2.0/thumb/v7-m/nofp/crti.o
[...]
Memory Configuration

Name             Origin             Length             Attributes
RAM              0x0000000020000000 0x0000000000005000 xrw
FLASH            0x0000000008000000 0x0000000000010000 xr
*default*        0x0000000000000000 0xffffffffffffffff

Linker script and memory map

LOAD /usr/lib/gcc/arm-none-eabi/12.2.0/thumb/v7-m/nofp/crti.o
LOAD /usr/lib/gcc/arm-none-eabi/12.2.0/thumb/v7-m/nofp/crtbegin.o
LOAD /usr/lib/gcc/arm-none-eabi/12.2.0/../../../../arm-none-eabi/lib/thumb/v7-m/nofp/crt0.o
LOAD build/fonts.o
LOAD build/st7735.o
LOAD build/adc.o
LOAD build/comm_interface.o
LOAD build/flash_execution.o
LOAD build/gpio.o
LOAD build/joypad.o
LOAD build/main.o
LOAD build/menu.o
LOAD build/spi.o
LOAD build/stm32f1xx_hal_msp.o
LOAD build/stm32f1xx_it.o
LOAD build/system_stm32f1xx.o
LOAD build/usart.o
LOAD build/stm32f1xx_hal.o
LOAD build/stm32f1xx_hal_adc.o
LOAD build/stm32f1xx_hal_adc_ex.o
LOAD build/stm32f1xx_hal_cortex.o
LOAD build/stm32f1xx_hal_dma.o
LOAD build/stm32f1xx_hal_exti.o
LOAD build/stm32f1xx_hal_flash.o
LOAD build/stm32f1xx_hal_flash_ex.o
LOAD build/stm32f1xx_hal_gpio.o
LOAD build/stm32f1xx_hal_gpio_ex.o
LOAD build/stm32f1xx_hal_pwr.o
LOAD build/stm32f1xx_hal_rcc.o
LOAD build/stm32f1xx_hal_rcc_ex.o
LOAD build/stm32f1xx_hal_spi.o
LOAD build/stm32f1xx_hal_tim.o
LOAD build/stm32f1xx_hal_tim_ex.o
LOAD build/stm32f1xx_hal_uart.o
LOAD build/startup_stm32f103xb.o
LOAD /usr/lib/gcc/arm-none-eabi/12.2.0/../../../../arm-none-eabi/lib/thumb/v7-m/nofp/libc_nano.a
LOAD /usr/lib/gcc/arm-none-eabi/12.2.0/../../../../arm-none-eabi/lib/thumb/v7-m/nofp/libm.a
LOAD /usr/lib/gcc/arm-none-eabi/12.2.0/../../../../arm-none-eabi/lib/thumb/v7-m/nofp/libnosys.a
START GROUP
LOAD /usr/lib/gcc/arm-none-eabi/12.2.0/thumb/v7-m/nofp/libgcc.a
LOAD /usr/lib/gcc/arm-none-eabi/12.2.0/../../../../arm-none-eabi/lib/thumb/v7-m/nofp/libc_nano.a
END GROUP
START GROUP
LOAD /usr/lib/gcc/arm-none-eabi/12.2.0/thumb/v7-m/nofp/libgcc.a
LOAD /usr/lib/gcc/arm-none-eabi/12.2.0/../../../../arm-none-eabi/lib/thumb/v7-m/nofp/libc_nano.a
END GROUP
LOAD /usr/lib/gcc/arm-none-eabi/12.2.0/thumb/v7-m/nofp/crtend.o
LOAD /usr/lib/gcc/arm-none-eabi/12.2.0/thumb/v7-m/nofp/crtn.o
                0x0000000020005000                _estack = (ORIGIN (RAM) + LENGTH (RAM))
                0x0000000000000200                _Min_Heap_Size = 0x200
                0x0000000000000400                _Min_Stack_Size = 0x400

.isr_vector     0x0000000008000000      0x10c
                0x0000000008000000                . = ALIGN (0x4)
 *(.isr_vector)
 .isr_vector    0x0000000008000000      0x10c build/startup_stm32f103xb.o
                0x0000000008000000                g_pfnVectors
                0x000000000800010c                . = ALIGN (0x4)

.text           0x000000000800010c     0x232c
                0x000000000800010c                . = ALIGN (0x4)
 *(.text)
 .text          0x000000000800010c       0x10 /usr/lib/gcc/arm-none-eabi/12.2.0/../../../../arm-none-eabi/lib/thumb/v7-m/nofp/libc_nano.a(lib_a-strlen.o)
                0x000000000800010c                strlen
 *(.text*)
 .text.__do_global_dtors_aux
                0x000000000800011c       0x24 /usr/lib/gcc/arm-none-eabi/12.2.0/thumb/v7-m/nofp/crtbegin.o
 .text.frame_dummy
                0x0000000008000140       0x1c /usr/lib/gcc/arm-none-eabi/12.2.0/thumb/v7-m/nofp/crtbegin.o
 .text.ST7735_Select
                0x000000000800015c       0x14 build/st7735.o
 .text.ST7735_Reset
                0x0000000008000170       0x24 build/st7735.o
 .text.ST7735_WriteCommand
                0x0000000008000194       0x30 build/st7735.o
 .text.ST7735_WriteData
                0x00000000080001c4       0x28 build/st7735.o
 .text.ST7735_ExecuteCommandList
                0x00000000080001ec       0x4c build/st7735.o
 .text.ST7735_SetAddressWindow
                0x0000000008000238       0x58 build/st7735.o
 .text.ST7735_WriteChar
                0x0000000008000290       0x98 build/st7735.o
 .text.ST7735_Unselect
                0x0000000008000328       0x14 build/st7735.o
                0x0000000008000328                ST7735_Unselect
 .text.ST7735_Init
                0x000000000800033c       0x30 build/st7735.o
                0x000000000800033c                ST7735_Init
 .text.ST7735_WriteString
                0x000000000800036c       0x72 build/st7735.o
                0x000000000800036c                ST7735_WriteString
 .text.ST7735_WriteJustifyString
                0x00000000080003de       0x98 build/st7735.o
                0x00000000080003de                ST7735_WriteJustifyString
 *fill*         0x0000000008000476        0x2 
 .text.ST7735_FillRectangle
                0x0000000008000478       0x98 build/st7735.o
                0x0000000008000478                ST7735_FillRectangle
 .text.ST7735_FillScreen
                0x0000000008000510       0x18 build/st7735.o
                0x0000000008000510                ST7735_FillScreen
 .text.MX_ADC1_Init
                0x0000000008000528       0x78 build/adc.o
                0x0000000008000528                MX_ADC1_Init
 .text.HAL_ADC_MspInit
                0x00000000080005a0       0x5c build/adc.o
                0x00000000080005a0                HAL_ADC_MspInit
 .text.initComms
                0x00000000080005fc       0x4c build/comm_interface.o
                0x00000000080005fc                initComms
 .text.serveCommunication
                0x0000000008000648        0x4 build/comm_interface.o
                0x0000000008000648                serveCommunication
 .text.reportFail
                0x000000000800064c        0x4 build/comm_interface.o
                0x000000000800064c                reportFail
 .text.initSetupData
                0x0000000008000650       0x28 build/flash_execution.o
                0x0000000008000650                initSetupData
 .text.parseInstruction
                0x0000000008000678        0x4 build/flash_execution.o
                0x0000000008000678                parseInstruction
 .text.MX_GPIO_Init
                0x000000000800067c       0xb4 build/gpio.o
                0x000000000800067c                MX_GPIO_Init
 .text.getJoypadVals
                0x0000000008000730       0x44 build/joypad.o
                0x0000000008000730                getJoypadVals
 .text.Error_Handler
                0x0000000008000774        0x4 build/main.o
                0x0000000008000774                Error_Handler
 .text.SystemClock_Config
                0x0000000008000778       0x84 build/main.o
                0x0000000008000778                SystemClock_Config
 .text.main     0x00000000080007fc       0xa6 build/main.o
                0x00000000080007fc                main
 .text.setMenuTexts
                0x00000000080008a2       0x1e build/menu.o
 .text.initMenu
                0x00000000080008c0      0x180 build/menu.o
                0x00000000080008c0                initMenu
 .text.serveMenuFunc
                0x0000000008000a40        0x4 build/menu.o
                0x0000000008000a40                serveMenuFunc
 .text.drawMenuScreen
                0x0000000008000a44       0x60 build/menu.o
                0x0000000008000a44                drawMenuScreen
 .text.serveMenuScreen
                0x0000000008000aa4       0x58 build/menu.o
                0x0000000008000aa4                serveMenuScreen
 .text.MX_SPI2_Init
                0x0000000008000afc       0x44 build/spi.o
                0x0000000008000afc                MX_SPI2_Init
 .text.HAL_SPI_MspInit
                0x0000000008000b40       0x64 build/spi.o
                0x0000000008000b40                HAL_SPI_MspInit
 .text.HAL_MspInit
                0x0000000008000ba4       0x30 build/stm32f1xx_hal_msp.o
                0x0000000008000ba4                HAL_MspInit
 .text.NMI_Handler
                0x0000000008000bd4        0x2 build/stm32f1xx_it.o
                0x0000000008000bd4                NMI_Handler
 .text.HardFault_Handler
                0x0000000008000bd6        0x2 build/stm32f1xx_it.o
                0x0000000008000bd6                HardFault_Handler
 .text.MemManage_Handler
                0x0000000008000bd8        0x2 build/stm32f1xx_it.o
                0x0000000008000bd8                MemManage_Handler
 .text.BusFault_Handler
                0x0000000008000bda        0x2 build/stm32f1xx_it.o
                0x0000000008000bda                BusFault_Handler
 .text.UsageFault_Handler
                0x0000000008000bdc        0x2 build/stm32f1xx_it.o
                0x0000000008000bdc                UsageFault_Handler
 .text.SVC_Handler
                0x0000000008000bde        0x2 build/stm32f1xx_it.o
                0x0000000008000bde                SVC_Handler
 .text.DebugMon_Handler
                0x0000000008000be0        0x2 build/stm32f1xx_it.o
                0x0000000008000be0                DebugMon_Handler
 .text.PendSV_Handler
                0x0000000008000be2        0x2 build/stm32f1xx_it.o
                0x0000000008000be2                PendSV_Handler
 .text.SysTick_Handler
                0x0000000008000be4        0x8 build/stm32f1xx_it.o
                0x0000000008000be4                SysTick_Handler
 .text.SystemInit
                0x0000000008000bec        0x2 build/system_stm32f1xx.o
                0x0000000008000bec                SystemInit
 *fill*         0x0000000008000bee        0x2 
 .text.MX_USART1_UART_Init
                0x0000000008000bf0       0x34 build/usart.o
                0x0000000008000bf0                MX_USART1_UART_Init
 .text.MX_USART3_UART_Init
                0x0000000008000c24       0x34 build/usart.o
                0x0000000008000c24                MX_USART3_UART_Init
 .text.HAL_UART_MspInit
                0x0000000008000c58       0xdc build/usart.o
                0x0000000008000c58                HAL_UART_MspInit
 .text.HAL_InitTick
                0x0000000008000d34       0x4c build/stm32f1xx_hal.o
                0x0000000008000d34                HAL_InitTick
 .text.HAL_Init
                0x0000000008000d80       0x24 build/stm32f1xx_hal.o
                0x0000000008000d80                HAL_Init
 .text.HAL_IncTick
                0x0000000008000da4       0x18 build/stm32f1xx_hal.o
                0x0000000008000da4                HAL_IncTick
 .text.HAL_GetTick
                0x0000000008000dbc        0xc build/stm32f1xx_hal.o
                0x0000000008000dbc                HAL_GetTick
 .text.HAL_Delay
                0x0000000008000dc8       0x28 build/stm32f1xx_hal.o
                0x0000000008000dc8                HAL_Delay
 .text.HAL_ADC_PollForConversion
                0x0000000008000df0      0x184 build/stm32f1xx_hal_adc.o
                0x0000000008000df0                HAL_ADC_PollForConversion
 .text.HAL_ADC_GetValue
                0x0000000008000f74        0x6 build/stm32f1xx_hal_adc.o
                0x0000000008000f74                HAL_ADC_GetValue
 *fill*         0x0000000008000f7a        0x2 
 .text.HAL_ADC_ConfigChannel
                0x0000000008000f7c      0x140 build/stm32f1xx_hal_adc.o
                0x0000000008000f7c                HAL_ADC_ConfigChannel
 .text.ADC_Enable
                0x00000000080010bc       0x88 build/stm32f1xx_hal_adc.o
                0x00000000080010bc                ADC_Enable
 .text.HAL_ADC_Start
                0x0000000008001144       0xe8 build/stm32f1xx_hal_adc.o
                0x0000000008001144                HAL_ADC_Start
 .text.ADC_ConversionStop_Disable
                0x000000000800122c       0x56 build/stm32f1xx_hal_adc.o
                0x000000000800122c                ADC_ConversionStop_Disable
 *fill*         0x0000000008001282        0x2 
 .text.HAL_ADC_Init
                0x0000000008001284      0x108 build/stm32f1xx_hal_adc.o
                0x0000000008001284                HAL_ADC_Init
 .text.__NVIC_SetPriority
                0x000000000800138c       0x28 build/stm32f1xx_hal_cortex.o
 .text.NVIC_EncodePriority
                0x00000000080013b4       0x3e build/stm32f1xx_hal_cortex.o
 *fill*         0x00000000080013f2        0x2 
 .text.HAL_NVIC_SetPriorityGrouping
                0x00000000080013f4       0x24 build/stm32f1xx_hal_cortex.o
                0x00000000080013f4                HAL_NVIC_SetPriorityGrouping
 .text.HAL_NVIC_SetPriority
                0x0000000008001418       0x20 build/stm32f1xx_hal_cortex.o
                0x0000000008001418                HAL_NVIC_SetPriority
 .text.HAL_SYSTICK_Config
                0x0000000008001438       0x28 build/stm32f1xx_hal_cortex.o
                0x0000000008001438                HAL_SYSTICK_Config
 .text.HAL_GPIO_Init
                0x0000000008001460      0x21c build/stm32f1xx_hal_gpio.o
                0x0000000008001460                HAL_GPIO_Init
 .text.HAL_GPIO_WritePin
                0x000000000800167c        0xc build/stm32f1xx_hal_gpio.o
                0x000000000800167c                HAL_GPIO_WritePin
 .text.RCC_Delay
                0x0000000008001688       0x2c build/stm32f1xx_hal_rcc.o
 .text.HAL_RCC_OscConfig
                0x00000000080016b4      0x410 build/stm32f1xx_hal_rcc.o
                0x00000000080016b4                HAL_RCC_OscConfig
 .text.HAL_RCC_GetSysClockFreq
                0x0000000008001ac4       0x70 build/stm32f1xx_hal_rcc.o
                0x0000000008001ac4                HAL_RCC_GetSysClockFreq
 .text.HAL_RCC_ClockConfig
                0x0000000008001b34      0x16c build/stm32f1xx_hal_rcc.o
                0x0000000008001b34                HAL_RCC_ClockConfig
 .text.HAL_RCC_GetHCLKFreq
                0x0000000008001ca0        0xc build/stm32f1xx_hal_rcc.o
                0x0000000008001ca0                HAL_RCC_GetHCLKFreq
 .text.HAL_RCC_GetPCLK1Freq
                0x0000000008001cac       0x20 build/stm32f1xx_hal_rcc.o
                0x0000000008001cac                HAL_RCC_GetPCLK1Freq
 .text.HAL_RCC_GetPCLK2Freq
                0x0000000008001ccc       0x20 build/stm32f1xx_hal_rcc.o
                0x0000000008001ccc                HAL_RCC_GetPCLK2Freq
 .text.HAL_RCCEx_PeriphCLKConfig
                0x0000000008001cec      0x118 build/stm32f1xx_hal_rcc_ex.o
                0x0000000008001cec                HAL_RCCEx_PeriphCLKConfig
 .text.HAL_RCCEx_GetPeriphCLKFreq
                0x0000000008001e04      0x100 build/stm32f1xx_hal_rcc_ex.o
                0x0000000008001e04                HAL_RCCEx_GetPeriphCLKFreq
 .text.SPI_WaitFlagStateUntilTimeout
                0x0000000008001f04       0xc8 build/stm32f1xx_hal_spi.o
 .text.SPI_EndRxTxTransaction
                0x0000000008001fcc       0x24 build/stm32f1xx_hal_spi.o
 .text.HAL_SPI_Init
                0x0000000008001ff0       0xb6 build/stm32f1xx_hal_spi.o
                0x0000000008001ff0                HAL_SPI_Init
 .text.HAL_SPI_Transmit
                0x00000000080020a6      0x1b8 build/stm32f1xx_hal_spi.o
                0x00000000080020a6                HAL_SPI_Transmit
 *fill*         0x000000000800225e        0x2 
 .text.UART_SetConfig
                0x0000000008002260       0x94 build/stm32f1xx_hal_uart.o
 .text.HAL_UART_Init
                0x00000000080022f4       0x5e build/stm32f1xx_hal_uart.o
                0x00000000080022f4                HAL_UART_Init
 *fill*         0x0000000008002352        0x2 
 .text.Reset_Handler
                0x0000000008002354       0x48 build/startup_stm32f103xb.o
                0x0000000008002354                Reset_Handler
 .text.Default_Handler
                0x000000000800239c        0x2 build/startup_stm32f103xb.o
                0x000000000800239c                RTC_Alarm_IRQHandler
                0x000000000800239c                EXTI2_IRQHandler
                0x000000000800239c                TIM1_CC_IRQHandler
                0x000000000800239c                PVD_IRQHandler
                0x000000000800239c                EXTI3_IRQHandler
                0x000000000800239c                EXTI0_IRQHandler
                0x000000000800239c                I2C2_EV_IRQHandler
                0x000000000800239c                ADC1_2_IRQHandler
                0x000000000800239c                SPI1_IRQHandler
                0x000000000800239c                TAMPER_IRQHandler
                0x000000000800239c                DMA1_Channel4_IRQHandler
                0x000000000800239c                USART3_IRQHandler
                0x000000000800239c                RTC_IRQHandler
                0x000000000800239c                DMA1_Channel7_IRQHandler
                0x000000000800239c                CAN1_RX1_IRQHandler
                0x000000000800239c                TIM4_IRQHandler
                0x000000000800239c                I2C1_EV_IRQHandler
                0x000000000800239c                DMA1_Channel6_IRQHandler
                0x000000000800239c                TIM3_IRQHandler
                0x000000000800239c                RCC_IRQHandler
                0x000000000800239c                TIM1_TRG_COM_IRQHandler
                0x000000000800239c                DMA1_Channel1_IRQHandler
                0x000000000800239c                Default_Handler
                0x000000000800239c                EXTI15_10_IRQHandler
                0x000000000800239c                EXTI9_5_IRQHandler
                0x000000000800239c                SPI2_IRQHandler
                0x000000000800239c                DMA1_Channel5_IRQHandler
                0x000000000800239c                EXTI4_IRQHandler
                0x000000000800239c                USB_LP_CAN1_RX0_IRQHandler
                0x000000000800239c                USB_HP_CAN1_TX_IRQHandler
                0x000000000800239c                DMA1_Channel3_IRQHandler
                0x000000000800239c                TIM1_UP_IRQHandler
                0x000000000800239c                WWDG_IRQHandler
                0x000000000800239c                TIM2_IRQHandler
                0x000000000800239c                TIM1_BRK_IRQHandler
                0x000000000800239c                EXTI1_IRQHandler
                0x000000000800239c                USART2_IRQHandler
                0x000000000800239c                I2C2_ER_IRQHandler
                0x000000000800239c                DMA1_Channel2_IRQHandler
                0x000000000800239c                CAN1_SCE_IRQHandler
                0x000000000800239c                FLASH_IRQHandler
                0x000000000800239c                USART1_IRQHandler
                0x000000000800239c                I2C1_ER_IRQHandler
                0x000000000800239c                USBWakeUp_IRQHandler
 *fill*         0x000000000800239e        0x2 
 .text.__libc_init_array
                0x00000000080023a0       0x48 /usr/lib/gcc/arm-none-eabi/12.2.0/../../../../arm-none-eabi/lib/thumb/v7-m/nofp/libc_nano.a(lib_a-init.o)
                0x00000000080023a0                __libc_init_array
 .text.memset   0x00000000080023e8       0x10 /usr/lib/gcc/arm-none-eabi/12.2.0/../../../../arm-none-eabi/lib/thumb/v7-m/nofp/libc_nano.a(lib_a-memset.o)
                0x00000000080023e8                memset
 .text.strncpy  0x00000000080023f8       0x26 /usr/lib/gcc/arm-none-eabi/12.2.0/../../../../arm-none-eabi/lib/thumb/v7-m/nofp/libc_nano.a(lib_a-strncpy.o)
                0x00000000080023f8                strncpy
 *(.glue_7)
 .glue_7        0x000000000800241e        0x0 linker stubs
 *(.glue_7t)
 .glue_7t       0x000000000800241e        0x0 linker stubs
 *(.eh_frame)
 *fill*         0x000000000800241e        0x2 
 .eh_frame      0x0000000008002420        0x0 /usr/lib/gcc/arm-none-eabi/12.2.0/thumb/v7-m/nofp/crtbegin.o
 *(.init)
 .init          0x0000000008002420        0x4 /usr/lib/gcc/arm-none-eabi/12.2.0/thumb/v7-m/nofp/crti.o
                0x0000000008002420                _init
 .init          0x0000000008002424        0x8 /usr/lib/gcc/arm-none-eabi/12.2.0/thumb/v7-m/nofp/crtn.o
 *(.fini)
 .fini          0x000000000800242c        0x4 /usr/lib/gcc/arm-none-eabi/12.2.0/thumb/v7-m/nofp/crti.o
                0x000000000800242c                _fini
 .fini          0x0000000008002430        0x8 /usr/lib/gcc/arm-none-eabi/12.2.0/thumb/v7-m/nofp/crtn.o
                0x0000000008002438                . = ALIGN (0x4)
                0x0000000008002438                _etext = .

.vfp11_veneer   0x0000000008002438        0x0
 .vfp11_veneer  0x0000000008002438        0x0 linker stubs

.v4_bx          0x0000000008002438        0x0
 .v4_bx         0x0000000008002438        0x0 linker stubs

.iplt           0x0000000008002438        0x0
 .iplt          0x0000000008002438        0x0 /usr/lib/gcc/arm-none-eabi/12.2.0/thumb/v7-m/nofp/crtbegin.o

.rodata         0x0000000008002438     0x1704
                0x0000000008002438                . = ALIGN (0x4)
 *(.rodata)
 *(.rodata*)
 .rodata.Font11x18
                0x0000000008002438      0xd5c build/fonts.o
 .rodata.Font7x10
                0x0000000008003194      0x76c build/fonts.o
 .rodata.init_cmds3
                0x0000000008003900       0x2b build/st7735.o
 *fill*         0x000000000800392b        0x1 
 .rodata.init_cmds2
                0x000000000800392c        0xd build/st7735.o
 *fill*         0x0000000008003939        0x3 
 .rodata.init_cmds1
                0x000000000800393c       0x3b build/st7735.o
 *fill*         0x0000000008003977        0x1 
 .rodata.initSetupData.str1.4
                0x0000000008003978        0x8 build/flash_execution.o
 .rodata.initMenu.str1.4
                0x0000000008003980      0x190 build/menu.o
                                        0x194 (size before relaxing)
 .rodata.APBPrescTable
                0x0000000008003b10        0x8 build/system_stm32f1xx.o
                0x0000000008003b10                APBPrescTable
 .rodata.AHBPrescTable
                0x0000000008003b18       0x10 build/system_stm32f1xx.o
                0x0000000008003b18                AHBPrescTable
 .rodata.HAL_RCC_GetSysClockFreq.str1.4
                0x0000000008003b28       0x11 build/stm32f1xx_hal_rcc.o
 .rodata.HAL_RCCEx_GetPeriphCLKFreq.str1.4
                0x0000000008003b39       0x11 build/stm32f1xx_hal_rcc_ex.o
                0x0000000008003b4c                . = ALIGN (0x4)
 *fill*         0x0000000008003b39        0x3 

.rel.dyn        0x0000000008003b3c        0x0
 .rel.iplt      0x0000000008003b3c        0x0 /usr/lib/gcc/arm-none-eabi/12.2.0/thumb/v7-m/nofp/crtbegin.o

.ARM.extab
 *(.ARM.extab* .gnu.linkonce.armextab.*)

.ARM            0x0000000008003b3c        0x0
                0x0000000008003b3c                __exidx_start = .
 *(.ARM.exidx*)
                0x0000000008003b3c                __exidx_end = .

.preinit_array  0x0000000008003b3c        0x0
                0x0000000008003b3c                PROVIDE (__preinit_array_start = .)
 *(.preinit_array*)
                0x0000000008003b3c                PROVIDE (__preinit_array_end = .)

.init_array     0x0000000008003b3c        0x4
                0x0000000008003b3c                PROVIDE (__init_array_start = .)
 *(SORT_BY_NAME(.init_array.*))
 *(.init_array*)
 .init_array    0x0000000008003b3c        0x4 /usr/lib/gcc/arm-none-eabi/12.2.0/thumb/v7-m/nofp/crtbegin.o
                0x0000000008003b40                PROVIDE (__init_array_end = .)

.fini_array     0x0000000008003b40        0x4
                0x0000000008003b40                PROVIDE (__fini_array_start = .)
 *(SORT_BY_NAME(.fini_array.*))
 *(.fini_array*)
 .fini_array    0x0000000008003b40        0x4 /usr/lib/gcc/arm-none-eabi/12.2.0/thumb/v7-m/nofp/crtbegin.o
                0x0000000008003b44                PROVIDE (__fini_array_end = .)
                0x0000000008003b44                _sidata = LOADADDR (.data)

.data           0x0000000020000000       0x1c load address 0x0000000008003b44
                0x0000000020000000                . = ALIGN (0x4)
                0x0000000020000000                _sdata = .
 *(.data)
 *(.data*)
 .data.Font_11x18
                0x0000000020000000        0x8 build/fonts.o
                0x0000000020000000                Font_11x18
 .data.Font_7x10
                0x0000000020000008        0x8 build/fonts.o
                0x0000000020000008                Font_7x10
 .data.SystemCoreClock
                0x0000000020000010        0x4 build/system_stm32f1xx.o
                0x0000000020000010                SystemCoreClock
 .data.uwTickFreq
                0x0000000020000014        0x1 build/stm32f1xx_hal.o
                0x0000000020000014                uwTickFreq
 *fill*         0x0000000020000015        0x3 
 .data.uwTickPrio
                0x0000000020000018        0x4 build/stm32f1xx_hal.o
                0x0000000020000018                uwTickPrio
                0x000000002000001c                . = ALIGN (0x4)
                0x000000002000001c                _edata = .

.igot.plt       0x000000002000001c        0x0 load address 0x0000000008003b60
 .igot.plt      0x000000002000001c        0x0 /usr/lib/gcc/arm-none-eabi/12.2.0/thumb/v7-m/nofp/crtbegin.o
                0x000000002000001c                . = ALIGN (0x4)

.bss            0x000000002000001c      0x9c8 load address 0x0000000008003b60
                0x000000002000001c                _sbss = .
                0x000000002000001c                __bss_start__ = _sbss
 *(.bss)
 *(.bss*)
 .bss.completed.1
                0x000000002000001c        0x1 /usr/lib/gcc/arm-none-eabi/12.2.0/thumb/v7-m/nofp/crtbegin.o
 *fill*         0x000000002000001d        0x3 
 .bss.object.0  0x0000000020000020       0x18 /usr/lib/gcc/arm-none-eabi/12.2.0/thumb/v7-m/nofp/crtbegin.o
 .bss.hadc1     0x0000000020000038       0x30 build/adc.o
                0x0000000020000038                hadc1
 .bss.menu_cont
                0x0000000020000068      0x44c build/menu.o
                0x0000000020000068                menu_cont
 .bss.menu_titles
                0x00000000200004b4      0x44c build/menu.o
                0x00000000200004b4                menu_titles
 .bss.hspi2     0x0000000020000900       0x58 build/spi.o
                0x0000000020000900                hspi2
 .bss.huart3    0x0000000020000958       0x44 build/usart.o
                0x0000000020000958                huart3
 .bss.huart1    0x000000002000099c       0x44 build/usart.o
                0x000000002000099c                huart1
 .bss.uwTick    0x00000000200009e0        0x4 build/stm32f1xx_hal.o
                0x00000000200009e0                uwTick
 *(COMMON)
                0x00000000200009e4                . = ALIGN (0x4)
                0x00000000200009e4                _ebss = .
                0x00000000200009e4                __bss_end__ = _ebss

._user_heap_stack
                0x00000000200009e4      0x604 load address 0x0000000008003b60
                0x00000000200009e8                . = ALIGN (0x8)
 *fill*         0x00000000200009e4        0x4 
                0x00000000200009e8                PROVIDE (end = .)
                [!provide]                        PROVIDE (_end = .)
                0x0000000020000be8                . = (. + _Min_Heap_Size)
 *fill*         0x00000000200009e8      0x200 
                0x0000000020000fe8                . = (. + _Min_Stack_Size)
 *fill*         0x0000000020000be8      0x400 
                0x0000000020000fe8                . = ALIGN (0x8)

/DISCARD/
 libc.a(*)
 libm.a(*)
 libgcc.a(*)

.ARM.attributes
                0x0000000000000000       0x29
 *(.ARM.attributes)
 .ARM.attributes
                0x0000000000000000       0x1d /usr/lib/gcc/arm-none-eabi/12.2.0/thumb/v7-m/nofp/crti.o
 .ARM.attributes
                0x000000000000001d       0x2d /usr/lib/gcc/arm-none-eabi/12.2.0/thumb/v7-m/nofp/crtbegin.o
 .ARM.attributes
                0x000000000000004a       0x2d build/fonts.o
 .ARM.attributes
                0x0000000000000077       0x2d build/st7735.o
 .ARM.attributes
                0x00000000000000a4       0x2d build/adc.o
 .ARM.attributes
                0x00000000000000d1       0x2d build/comm_interface.o
 .ARM.attributes
                0x00000000000000fe       0x2d build/flash_execution.o
 .ARM.attributes
                0x000000000000012b       0x2d build/gpio.o
 .ARM.attributes
                0x0000000000000158       0x2d build/joypad.o
 .ARM.attributes
                0x0000000000000185       0x2d build/main.o
 .ARM.attributes
                0x00000000000001b2       0x2d build/menu.o
 .ARM.attributes
                0x00000000000001df       0x2d build/spi.o
 .ARM.attributes
                0x000000000000020c       0x2d build/stm32f1xx_hal_msp.o
 .ARM.attributes
                0x0000000000000239       0x2d build/stm32f1xx_it.o
 .ARM.attributes
                0x0000000000000266       0x2d build/system_stm32f1xx.o
 .ARM.attributes
                0x0000000000000293       0x2d build/usart.o
 .ARM.attributes
                0x00000000000002c0       0x2d build/stm32f1xx_hal.o
 .ARM.attributes
                0x00000000000002ed       0x2d build/stm32f1xx_hal_adc.o
 .ARM.attributes
                0x000000000000031a       0x2d build/stm32f1xx_hal_cortex.o
 .ARM.attributes
                0x0000000000000347       0x2d build/stm32f1xx_hal_gpio.o
 .ARM.attributes
                0x0000000000000374       0x2d build/stm32f1xx_hal_rcc.o
 .ARM.attributes
                0x00000000000003a1       0x2d build/stm32f1xx_hal_rcc_ex.o
 .ARM.attributes
                0x00000000000003ce       0x2d build/stm32f1xx_hal_spi.o
 .ARM.attributes
                0x00000000000003fb       0x2d build/stm32f1xx_hal_uart.o
 .ARM.attributes
                0x0000000000000428       0x21 build/startup_stm32f103xb.o
 .ARM.attributes
                0x0000000000000449       0x2d /usr/lib/gcc/arm-none-eabi/12.2.0/../../../../arm-none-eabi/lib/thumb/v7-m/nofp/libc_nano.a(lib_a-init.o)
 .ARM.attributes
                0x0000000000000476       0x2d /usr/lib/gcc/arm-none-eabi/12.2.0/../../../../arm-none-eabi/lib/thumb/v7-m/nofp/libc_nano.a(lib_a-memset.o)
 .ARM.attributes
                0x00000000000004a3       0x17 /usr/lib/gcc/arm-none-eabi/12.2.0/../../../../arm-none-eabi/lib/thumb/v7-m/nofp/libc_nano.a(lib_a-strlen.o)
 .ARM.attributes
                0x00000000000004ba       0x2d /usr/lib/gcc/arm-none-eabi/12.2.0/../../../../arm-none-eabi/lib/thumb/v7-m/nofp/libc_nano.a(lib_a-strncpy.o)
 .ARM.attributes
                0x00000000000004e7       0x1d /usr/lib/gcc/arm-none-eabi/12.2.0/thumb/v7-m/nofp/crtn.o
OUTPUT(build/flasher_interface.elf elf32-littlearm)
LOAD linker stubs
LOAD /usr/lib/gcc/arm-none-eabi/12.2.0/../../../../arm-none-eabi/lib/thumb/v7-m/nofp/libc.a
LOAD /usr/lib/gcc/arm-none-eabi/12.2.0/../../../../arm-none-eabi/lib/thumb/v7-m/nofp/libm.a
LOAD /usr/lib/gcc/arm-none-eabi/12.2.0/thumb/v7-m/nofp/libgcc.a

.debug_info     0x0000000000000000     0xd1db
 .debug_info    0x0000000000000000      0x196 build/fonts.o
 .debug_info    0x0000000000000196     0x1406 build/st7735.o
 .debug_info    0x000000000000159c      0x861 build/adc.o
 .debug_info    0x0000000000001dfd      0x7ad build/comm_interface.o
 .debug_info    0x00000000000025aa      0x6e0 build/flash_execution.o
 .debug_info    0x0000000000002c8a      0x34a build/gpio.o
 .debug_info    0x0000000000002fd4      0x5fb build/joypad.o
 .debug_info    0x00000000000035cf      0xc1c build/main.o
 .debug_info    0x00000000000041eb      0x855 build/menu.o
 .debug_info    0x0000000000004a40      0x812 build/spi.o
 .debug_info    0x0000000000005252      0x16c build/stm32f1xx_hal_msp.o
 .debug_info    0x00000000000053be      0x124 build/stm32f1xx_it.o
 .debug_info    0x00000000000054e2      0x22d build/system_stm32f1xx.o
 .debug_info    0x000000000000570f      0x8b8 build/usart.o
 .debug_info    0x0000000000005fc7      0x7a2 build/stm32f1xx_hal.o
 .debug_info    0x0000000000006769      0xeac build/stm32f1xx_hal_adc.o
 .debug_info    0x0000000000007615      0xcad build/stm32f1xx_hal_cortex.o
 .debug_info    0x00000000000082c2      0x604 build/stm32f1xx_hal_gpio.o
 .debug_info    0x00000000000088c6      0x9db build/stm32f1xx_hal_rcc.o
 .debug_info    0x00000000000092a1      0x410 build/stm32f1xx_hal_rcc_ex.o
 .debug_info    0x00000000000096b1     0x1c53 build/stm32f1xx_hal_spi.o
 .debug_info    0x000000000000b304     0x1b89 build/stm32f1xx_hal_uart.o
 .debug_info    0x000000000000ce8d       0x2e build/startup_stm32f103xb.o
 .debug_info    0x000000000000cebb      0x10b /usr/lib/gcc/arm-none-eabi/12.2.0/../../../../arm-none-eabi/lib/thumb/v7-m/nofp/libc_nano.a(lib_a-init.o)
 .debug_info    0x000000000000cfc6       0xe0 /usr/lib/gcc/arm-none-eabi/12.2.0/../../../../arm-none-eabi/lib/thumb/v7-m/nofp/libc_nano.a(lib_a-memset.o)
 .debug_info    0x000000000000d0a6       0x24 /usr/lib/gcc/arm-none-eabi/12.2.0/../../../../arm-none-eabi/lib/thumb/v7-m/nofp/libc_nano.a(lib_a-strlen.o)
 .debug_info    0x000000000000d0ca      0x111 /usr/lib/gcc/arm-none-eabi/12.2.0/../../../../arm-none-eabi/lib/thumb/v7-m/nofp/libc_nano.a(lib_a-strncpy.o)

.debug_abbrev   0x0000000000000000     0x2cdb
 .debug_abbrev  0x0000000000000000       0xb1 build/fonts.o
 .debug_abbrev  0x00000000000000b1      0x32a build/st7735.o
 .debug_abbrev  0x00000000000003db      0x1ff build/adc.o
 .debug_abbrev  0x00000000000005da      0x1e9 build/comm_interface.o
 .debug_abbrev  0x00000000000007c3      0x1d7 build/flash_execution.o
 .debug_abbrev  0x000000000000099a      0x151 build/gpio.o
 .debug_abbrev  0x0000000000000aeb      0x187 build/joypad.o
 .debug_abbrev  0x0000000000000c72      0x247 build/main.o
 .debug_abbrev  0x0000000000000eb9      0x1f4 build/menu.o
 .debug_abbrev  0x00000000000010ad      0x1fe build/spi.o
 .debug_abbrev  0x00000000000012ab       0xc4 build/stm32f1xx_hal_msp.o
 .debug_abbrev  0x000000000000136f       0x7c build/stm32f1xx_it.o
 .debug_abbrev  0x00000000000013eb      0x143 build/system_stm32f1xx.o
 .debug_abbrev  0x000000000000152e      0x201 build/usart.o
 .debug_abbrev  0x000000000000172f      0x22d build/stm32f1xx_hal.o
 .debug_abbrev  0x000000000000195c      0x252 build/stm32f1xx_hal_adc.o
 .debug_abbrev  0x0000000000001bae      0x36d build/stm32f1xx_hal_cortex.o
 .debug_abbrev  0x0000000000001f1b      0x1f7 build/stm32f1xx_hal_gpio.o
 .debug_abbrev  0x0000000000002112      0x29e build/stm32f1xx_hal_rcc.o
 .debug_abbrev  0x00000000000023b0      0x1d8 build/stm32f1xx_hal_rcc_ex.o
 .debug_abbrev  0x0000000000002588      0x27c build/stm32f1xx_hal_spi.o
 .debug_abbrev  0x0000000000002804      0x298 build/stm32f1xx_hal_uart.o
 .debug_abbrev  0x0000000000002a9c       0x1d build/startup_stm32f103xb.o
 .debug_abbrev  0x0000000000002ab9       0xc9 /usr/lib/gcc/arm-none-eabi/12.2.0/../../../../arm-none-eabi/lib/thumb/v7-m/nofp/libc_nano.a(lib_a-init.o)
 .debug_abbrev  0x0000000000002b82       0x9e /usr/lib/gcc/arm-none-eabi/12.2.0/../../../../arm-none-eabi/lib/thumb/v7-m/nofp/libc_nano.a(lib_a-memset.o)
 .debug_abbrev  0x0000000000002c20       0x14 /usr/lib/gcc/arm-none-eabi/12.2.0/../../../../arm-none-eabi/lib/thumb/v7-m/nofp/libc_nano.a(lib_a-strlen.o)
 .debug_abbrev  0x0000000000002c34       0xa7 /usr/lib/gcc/arm-none-eabi/12.2.0/../../../../arm-none-eabi/lib/thumb/v7-m/nofp/libc_nano.a(lib_a-strncpy.o)

.debug_aranges  0x0000000000000000      0xb38
 .debug_aranges
                0x0000000000000000       0x18 build/fonts.o
 .debug_aranges
                0x0000000000000018       0xb0 build/st7735.o
 .debug_aranges
                0x00000000000000c8       0x30 build/adc.o
 .debug_aranges
                0x00000000000000f8       0x38 build/comm_interface.o
 .debug_aranges
                0x0000000000000130       0x28 build/flash_execution.o
 .debug_aranges
                0x0000000000000158       0x20 build/gpio.o
 .debug_aranges
                0x0000000000000178       0x20 build/joypad.o
 .debug_aranges
                0x0000000000000198       0x30 build/main.o
 .debug_aranges
                0x00000000000001c8       0x40 build/menu.o
 .debug_aranges
                0x0000000000000208       0x30 build/spi.o
 .debug_aranges
                0x0000000000000238       0x20 build/stm32f1xx_hal_msp.o
 .debug_aranges
                0x0000000000000258       0x60 build/stm32f1xx_it.o
 .debug_aranges
                0x00000000000002b8       0x28 build/system_stm32f1xx.o
 .debug_aranges
                0x00000000000002e0       0x38 build/usart.o
 .debug_aranges
                0x0000000000000318       0xe0 build/stm32f1xx_hal.o
 .debug_aranges
                0x00000000000003f8       0xf0 build/stm32f1xx_hal_adc.o
 .debug_aranges
                0x00000000000004e8       0xc0 build/stm32f1xx_hal_cortex.o
 .debug_aranges
                0x00000000000005a8       0x58 build/stm32f1xx_hal_gpio.o
 .debug_aranges
                0x0000000000000600       0x90 build/stm32f1xx_hal_rcc.o
 .debug_aranges
                0x0000000000000690       0x30 build/stm32f1xx_hal_rcc_ex.o
 .debug_aranges
                0x00000000000006c0      0x1d0 build/stm32f1xx_hal_spi.o
 .debug_aranges
                0x0000000000000890      0x200 build/stm32f1xx_hal_uart.o
 .debug_aranges
                0x0000000000000a90       0x28 build/startup_stm32f103xb.o
 .debug_aranges
                0x0000000000000ab8       0x20 /usr/lib/gcc/arm-none-eabi/12.2.0/../../../../arm-none-eabi/lib/thumb/v7-m/nofp/libc_nano.a(lib_a-init.o)
 .debug_aranges
                0x0000000000000ad8       0x20 /usr/lib/gcc/arm-none-eabi/12.2.0/../../../../arm-none-eabi/lib/thumb/v7-m/nofp/libc_nano.a(lib_a-memset.o)
 .debug_aranges
                0x0000000000000af8       0x20 /usr/lib/gcc/arm-none-eabi/12.2.0/../../../../arm-none-eabi/lib/thumb/v7-m/nofp/libc_nano.a(lib_a-strlen.o)
 .debug_aranges
                0x0000000000000b18       0x20 /usr/lib/gcc/arm-none-eabi/12.2.0/../../../../arm-none-eabi/lib/thumb/v7-m/nofp/libc_nano.a(lib_a-strncpy.o)

.debug_line     0x0000000000000000     0x9a2e
 .debug_line    0x0000000000000000       0xa6 build/fonts.o
 .debug_line    0x00000000000000a6      0x7ad build/st7735.o
 .debug_line    0x0000000000000853      0x2ad build/adc.o
 .debug_line    0x0000000000000b00      0x244 build/comm_interface.o
 .debug_line    0x0000000000000d44      0x21e build/flash_execution.o
 .debug_line    0x0000000000000f62      0x195 build/gpio.o
 .debug_line    0x00000000000010f7      0x194 build/joypad.o
 .debug_line    0x000000000000128b      0x3a3 build/main.o
 .debug_line    0x000000000000162e      0x2d3 build/menu.o
 .debug_line    0x0000000000001901      0x27b build/spi.o
 .debug_line    0x0000000000001b7c       0xfe build/stm32f1xx_hal_msp.o
 .debug_line    0x0000000000001c7a      0x177 build/stm32f1xx_it.o
 .debug_line    0x0000000000001df1      0x1ce build/system_stm32f1xx.o
 .debug_line    0x0000000000001fbf      0x344 build/usart.o
 .debug_line    0x0000000000002303      0x4b6 build/stm32f1xx_hal.o
 .debug_line    0x00000000000027b9      0xe5a build/stm32f1xx_hal_adc.o
 .debug_line    0x0000000000003613      0x659 build/stm32f1xx_hal_cortex.o
 .debug_line    0x0000000000003c6c      0x533 build/stm32f1xx_hal_gpio.o
 .debug_line    0x000000000000419f      0xbac build/stm32f1xx_hal_rcc.o
 .debug_line    0x0000000000004d4b      0x41e build/stm32f1xx_hal_rcc_ex.o
 .debug_line    0x0000000000005169     0x240b build/stm32f1xx_hal_spi.o
 .debug_line    0x0000000000007574     0x2051 build/stm32f1xx_hal_uart.o
 .debug_line    0x00000000000095c5       0x75 build/startup_stm32f103xb.o
 .debug_line    0x000000000000963a      0x130 /usr/lib/gcc/arm-none-eabi/12.2.0/../../../../arm-none-eabi/lib/thumb/v7-m/nofp/libc_nano.a(lib_a-init.o)
 .debug_line    0x000000000000976a      0x129 /usr/lib/gcc/arm-none-eabi/12.2.0/../../../../arm-none-eabi/lib/thumb/v7-m/nofp/libc_nano.a(lib_a-memset.o)
 .debug_line    0x0000000000009893       0x4f /usr/lib/gcc/arm-none-eabi/12.2.0/../../../../arm-none-eabi/lib/thumb/v7-m/nofp/libc_nano.a(lib_a-strlen.o)
 .debug_line    0x00000000000098e2      0x14c /usr/lib/gcc/arm-none-eabi/12.2.0/../../../../arm-none-eabi/lib/thumb/v7-m/nofp/libc_nano.a(lib_a-strncpy.o)

.debug_str      0x0000000000000000     0x3253
 .debug_str     0x0000000000000000      0x189 build/fonts.o
                                        0x1d3 (size before relaxing)
 .debug_str     0x0000000000000189      0x6aa build/st7735.o
                                        0x885 (size before relaxing)
 .debug_str     0x0000000000000833      0x256 build/adc.o
                                        0x612 (size before relaxing)
 .debug_str     0x0000000000000a89      0x2ec build/comm_interface.o
                                        0x6c9 (size before relaxing)
 .debug_str     0x0000000000000d75       0x42 build/flash_execution.o
                                        0x693 (size before relaxing)
 .debug_str     0x0000000000000db7       0x1d build/gpio.o
                                        0x26c (size before relaxing)
 .debug_str     0x0000000000000dd4       0x62 build/joypad.o
                                        0x519 (size before relaxing)
 .debug_str     0x0000000000000e36      0x360 build/main.o
                                        0xa5e (size before relaxing)
 .debug_str     0x0000000000001196       0x63 build/menu.o
                                        0x45b (size before relaxing)
 .debug_str     0x00000000000011f9       0x48 build/spi.o
                                        0x67e (size before relaxing)
 .debug_str     0x0000000000001241       0x29 build/stm32f1xx_hal_msp.o
                                        0x1d2 (size before relaxing)
 .debug_str     0x000000000000126a       0xb4 build/stm32f1xx_it.o
                                        0x203 (size before relaxing)
 .debug_str     0x000000000000131e       0x7b build/system_stm32f1xx.o
                                        0x230 (size before relaxing)
 .debug_str     0x0000000000001399       0x4e build/usart.o
                                        0x6a6 (size before relaxing)
 .debug_str     0x00000000000013e7      0x5d9 build/stm32f1xx_hal.o
                                        0x80a (size before relaxing)
 .debug_str     0x00000000000019c0      0x2fb build/stm32f1xx_hal_adc.o
                                        0x8af (size before relaxing)
 .debug_str     0x0000000000001cbb      0x3c2 build/stm32f1xx_hal_cortex.o
                                        0x8af (size before relaxing)
 .debug_str     0x000000000000207d      0x12d build/stm32f1xx_hal_gpio.o
                                        0x3dc (size before relaxing)
 .debug_str     0x00000000000021aa      0x1e2 build/stm32f1xx_hal_rcc.o
                                        0x607 (size before relaxing)
 .debug_str     0x000000000000238c       0x81 build/stm32f1xx_hal_rcc_ex.o
                                        0x3af (size before relaxing)
 .debug_str     0x000000000000240d      0x51f build/stm32f1xx_hal_spi.o
                                        0xb43 (size before relaxing)
 .debug_str     0x000000000000292c      0x5ea build/stm32f1xx_hal_uart.o
                                        0xc6a (size before relaxing)
 .debug_str     0x0000000000002f16       0x30 build/startup_stm32f103xb.o
                                         0x6a (size before relaxing)
 .debug_str     0x0000000000002f46      0x186 /usr/lib/gcc/arm-none-eabi/12.2.0/../../../../arm-none-eabi/lib/thumb/v7-m/nofp/libc_nano.a(lib_a-init.o)
                                        0x228 (size before relaxing)
 .debug_str     0x00000000000030cc       0xa6 /usr/lib/gcc/arm-none-eabi/12.2.0/../../../../arm-none-eabi/lib/thumb/v7-m/nofp/libc_nano.a(lib_a-memset.o)
                                        0x1c9 (size before relaxing)
 .debug_str     0x0000000000003172       0x80 /usr/lib/gcc/arm-none-eabi/12.2.0/../../../../arm-none-eabi/lib/thumb/v7-m/nofp/libc_nano.a(lib_a-strlen.o)
 .debug_str     0x00000000000031f2       0x61 /usr/lib/gcc/arm-none-eabi/12.2.0/../../../../arm-none-eabi/lib/thumb/v7-m/nofp/libc_nano.a(lib_a-strncpy.o)
                                        0x1e7 (size before relaxing)

.comment        0x0000000000000000       0x3c
 .comment       0x0000000000000000       0x1e build/fonts.o
                                         0x1f (size before relaxing)
 .comment       0x000000000000001e       0x1f build/st7735.o
 .comment       0x000000000000001e       0x1f build/adc.o
 .comment       0x000000000000001e       0x1f build/comm_interface.o
 .comment       0x000000000000001e       0x1f build/flash_execution.o
 .comment       0x000000000000001e       0x1f build/gpio.o
 .comment       0x000000000000001e       0x1f build/joypad.o
 .comment       0x000000000000001e       0x1f build/main.o
 .comment       0x000000000000001e       0x1f build/menu.o
 .comment       0x000000000000001e       0x1f build/spi.o
 .comment       0x000000000000001e       0x1f build/stm32f1xx_hal_msp.o
 .comment       0x000000000000001e       0x1f build/stm32f1xx_it.o
 .comment       0x000000000000001e       0x1f build/system_stm32f1xx.o
 .comment       0x000000000000001e       0x1f build/usart.o
 .comment       0x000000000000001e       0x1f build/stm32f1xx_hal.o
 .comment       0x000000000000001e       0x1f build/stm32f1xx_hal_adc.o
 .comment       0x000000000000001e       0x1f build/stm32f1xx_hal_cortex.o
 .comment       0x000000000000001e       0x1f build/stm32f1xx_hal_gpio.o
 .comment       0x000000000000001e       0x1f build/stm32f1xx_hal_rcc.o
 .comment       0x000000000000001e       0x1f build/stm32f1xx_hal_rcc_ex.o
 .comment       0x000000000000001e       0x1f build/stm32f1xx_hal_spi.o
 .comment       0x000000000000001e       0x1f build/stm32f1xx_hal_uart.o
 .comment       0x000000000000001e       0x1e /usr/lib/gcc/arm-none-eabi/12.2.0/../../../../arm-none-eabi/lib/thumb/v7-m/nofp/libc_nano.a(lib_a-init.o)
                                         0x1f (size before relaxing)
 .comment       0x000000000000003c       0x1f /usr/lib/gcc/arm-none-eabi/12.2.0/../../../../arm-none-eabi/lib/thumb/v7-m/nofp/libc_nano.a(lib_a-memset.o)
 .comment       0x000000000000003c       0x1f /usr/lib/gcc/arm-none-eabi/12.2.0/../../../../arm-none-eabi/lib/thumb/v7-m/nofp/libc_nano.a(lib_a-strncpy.o)

.debug_loclists
                0x0000000000000000     0x4754
 .debug_loclists
                0x0000000000000000      0x644 build/st7735.o
 .debug_loclists
                0x0000000000000644       0x5c build/adc.o
 .debug_loclists
                0x00000000000006a0       0x6f build/comm_interface.o
 .debug_loclists
                0x000000000000070f       0x43 build/flash_execution.o
 .debug_loclists
                0x0000000000000752       0x2a build/joypad.o
 .debug_loclists
                0x000000000000077c       0xb6 build/menu.o
 .debug_loclists
                0x0000000000000832       0x5c build/spi.o
 .debug_loclists
                0x000000000000088e       0xa5 build/system_stm32f1xx.o
 .debug_loclists
                0x0000000000000933       0x81 build/usart.o
 .debug_loclists
                0x00000000000009b4       0xc9 build/stm32f1xx_hal.o
 .debug_loclists
                0x0000000000000a7d      0x707 build/stm32f1xx_hal_adc.o
 .debug_loclists
                0x0000000000001184      0x422 build/stm32f1xx_hal_cortex.o
 .debug_loclists
                0x00000000000015a6      0x2e8 build/stm32f1xx_hal_gpio.o
 .debug_loclists
                0x000000000000188e      0x40c build/stm32f1xx_hal_rcc.o
 .debug_loclists
                0x0000000000001c9a      0x273 build/stm32f1xx_hal_rcc_ex.o
 .debug_loclists
                0x0000000000001f0d     0x134a build/stm32f1xx_hal_spi.o
 .debug_loclists
                0x0000000000003257     0x13ff build/stm32f1xx_hal_uart.o
 .debug_loclists
                0x0000000000004656       0x34 /usr/lib/gcc/arm-none-eabi/12.2.0/../../../../arm-none-eabi/lib/thumb/v7-m/nofp/libc_nano.a(lib_a-init.o)
 .debug_loclists
                0x000000000000468a       0x3b /usr/lib/gcc/arm-none-eabi/12.2.0/../../../../arm-none-eabi/lib/thumb/v7-m/nofp/libc_nano.a(lib_a-memset.o)
 .debug_loclists
                0x00000000000046c5       0x8f /usr/lib/gcc/arm-none-eabi/12.2.0/../../../../arm-none-eabi/lib/thumb/v7-m/nofp/libc_nano.a(lib_a-strncpy.o)

.debug_rnglists
                0x0000000000000000      0x827
 .debug_rnglists
                0x0000000000000000       0x8f build/st7735.o
 .debug_rnglists
                0x000000000000008f       0x1f build/adc.o
 .debug_rnglists
                0x00000000000000ae       0x25 build/comm_interface.o
 .debug_rnglists
                0x00000000000000d3       0x19 build/flash_execution.o
 .debug_rnglists
                0x00000000000000ec       0x14 build/gpio.o
 .debug_rnglists
                0x0000000000000100       0x13 build/joypad.o
 .debug_rnglists
                0x0000000000000113       0x21 build/main.o
 .debug_rnglists
                0x0000000000000134       0x2c build/menu.o
 .debug_rnglists
                0x0000000000000160       0x1f build/spi.o
 .debug_rnglists
                0x000000000000017f       0x13 build/stm32f1xx_hal_msp.o
 .debug_rnglists
                0x0000000000000192       0x43 build/stm32f1xx_it.o
 .debug_rnglists
                0x00000000000001d5       0x1a build/system_stm32f1xx.o
 .debug_rnglists
                0x00000000000001ef       0x26 build/usart.o
 .debug_rnglists
                0x0000000000000215       0xa3 build/stm32f1xx_hal.o
 .debug_rnglists
                0x00000000000002b8       0xb8 build/stm32f1xx_hal_adc.o
 .debug_rnglists
                0x0000000000000370       0x8b build/stm32f1xx_hal_cortex.o
 .debug_rnglists
                0x00000000000003fb       0x3f build/stm32f1xx_hal_gpio.o
 .debug_rnglists
                0x000000000000043a       0x7d build/stm32f1xx_hal_rcc.o
 .debug_rnglists
                0x00000000000004b7       0x2f build/stm32f1xx_hal_rcc_ex.o
 .debug_rnglists
                0x00000000000004e6      0x168 build/stm32f1xx_hal_spi.o
 .debug_rnglists
                0x000000000000064e      0x187 build/stm32f1xx_hal_uart.o
 .debug_rnglists
                0x00000000000007d5       0x19 build/startup_stm32f103xb.o
 .debug_rnglists
                0x00000000000007ee       0x13 /usr/lib/gcc/arm-none-eabi/12.2.0/../../../../arm-none-eabi/lib/thumb/v7-m/nofp/libc_nano.a(lib_a-init.o)
 .debug_rnglists
                0x0000000000000801       0x13 /usr/lib/gcc/arm-none-eabi/12.2.0/../../../../arm-none-eabi/lib/thumb/v7-m/nofp/libc_nano.a(lib_a-memset.o)
 .debug_rnglists
                0x0000000000000814       0x13 /usr/lib/gcc/arm-none-eabi/12.2.0/../../../../arm-none-eabi/lib/thumb/v7-m/nofp/libc_nano.a(lib_a-strncpy.o)

.debug_frame    0x0000000000000000     0x1bb4
 .debug_frame   0x0000000000000000      0x29c build/st7735.o
 .debug_frame   0x000000000000029c       0x68 build/adc.o
 .debug_frame   0x0000000000000304       0x5c build/comm_interface.o
 .debug_frame   0x0000000000000360       0x38 build/flash_execution.o
 .debug_frame   0x0000000000000398       0x38 build/gpio.o
 .debug_frame   0x00000000000003d0       0x2c build/joypad.o
 .debug_frame   0x00000000000003fc       0x60 build/main.o
 .debug_frame   0x000000000000045c       0xa4 build/menu.o
 .debug_frame   0x0000000000000500       0x60 build/spi.o
 .debug_frame   0x0000000000000560       0x28 build/stm32f1xx_hal_msp.o
 .debug_frame   0x0000000000000588       0xa8 build/stm32f1xx_it.o
 .debug_frame   0x0000000000000630       0x30 build/system_stm32f1xx.o
 .debug_frame   0x0000000000000660       0x78 build/usart.o
 .debug_frame   0x00000000000006d8      0x1cc build/stm32f1xx_hal.o
 .debug_frame   0x00000000000008a4      0x2c4 build/stm32f1xx_hal_adc.o
 .debug_frame   0x0000000000000b68      0x19c build/stm32f1xx_hal_cortex.o
 .debug_frame   0x0000000000000d04       0xe4 build/stm32f1xx_hal_gpio.o
 .debug_frame   0x0000000000000de8      0x190 build/stm32f1xx_hal_rcc.o
 .debug_frame   0x0000000000000f78       0x64 build/stm32f1xx_hal_rcc_ex.o
 .debug_frame   0x0000000000000fdc      0x5a4 build/stm32f1xx_hal_spi.o
 .debug_frame   0x0000000000001580      0x5c0 build/stm32f1xx_hal_uart.o
 .debug_frame   0x0000000000001b40       0x2c /usr/lib/gcc/arm-none-eabi/12.2.0/../../../../arm-none-eabi/lib/thumb/v7-m/nofp/libc_nano.a(lib_a-init.o)
 .debug_frame   0x0000000000001b6c       0x20 /usr/lib/gcc/arm-none-eabi/12.2.0/../../../../arm-none-eabi/lib/thumb/v7-m/nofp/libc_nano.a(lib_a-memset.o)
 .debug_frame   0x0000000000001b8c       0x28 /usr/lib/gcc/arm-none-eabi/12.2.0/../../../../arm-none-eabi/lib/thumb/v7-m/nofp/libc_nano.a(lib_a-strncpy.o)

.debug_line_str
                0x0000000000000000       0xac
 .debug_line_str
                0x0000000000000000       0x50 build/startup_stm32f103xb.o
 .debug_line_str
                0x0000000000000050       0x5c /usr/lib/gcc/arm-none-eabi/12.2.0/../../../../arm-none-eabi/lib/thumb/v7-m/nofp/libc_nano.a(lib_a-strlen.o)
                                         0xb8 (size before relaxing)

Cross Reference Table

Symbol                                            File
ADC1_2_IRQHandler                                 build/startup_stm32f103xb.o
ADC_ConversionStop_Disable                        build/stm32f1xx_hal_adc.o
                                                  build/stm32f1xx_hal_adc_ex.o
ADC_DMAConvCplt                                   build/stm32f1xx_hal_adc.o
                                                  build/stm32f1xx_hal_adc_ex.o
ADC_DMAError                                      build/stm32f1xx_hal_adc.o
                                                  build/stm32f1xx_hal_adc_ex.o
ADC_DMAHalfConvCplt                               build/stm32f1xx_hal_adc.o
                                                  build/stm32f1xx_hal_adc_ex.o
ADC_Enable                                        build/stm32f1xx_hal_adc.o
                                                  build/stm32f1xx_hal_adc_ex.o
AHBPrescTable                                     build/system_stm32f1xx.o
                                                  build/stm32f1xx_hal_rcc.o
APBPrescTable                                     build/system_stm32f1xx.o
                                                  build/stm32f1xx_hal_rcc.o
BusFault_Handler                                  build/stm32f1xx_it.o
CAN1_RX1_IRQHandler                               build/startup_stm32f103xb.o
CAN1_SCE_IRQHandler                               build/startup_stm32f103xb.o
DMA1_Channel1_IRQHandler                          build/startup_stm32f103xb.o
DMA1_Channel2_IRQHandler                          build/startup_stm32f103xb.o
DMA1_Channel3_IRQHandler                          build/startup_stm32f103xb.o
DMA1_Channel4_IRQHandler                          build/startup_stm32f103xb.o
DMA1_Channel5_IRQHandler                          build/startup_stm32f103xb.o
DMA1_Channel6_IRQHandler                          build/startup_stm32f103xb.o
DMA1_Channel7_IRQHandler                          build/startup_stm32f103xb.o
DebugMon_Handler                                  build/stm32f1xx_it.o
Default_Handler                                   build/startup_stm32f103xb.o
EXTI0_IRQHandler                                  build/startup_stm32f103xb.o
EXTI15_10_IRQHandler                              build/startup_stm32f103xb.o
EXTI1_IRQHandler                                  build/startup_stm32f103xb.o
EXTI2_IRQHandler                                  build/startup_stm32f103xb.o
EXTI3_IRQHandler                                  build/startup_stm32f103xb.o
EXTI4_IRQHandler                                  build/startup_stm32f103xb.o
EXTI9_5_IRQHandler                                build/startup_stm32f103xb.o
Error_Handler                                     build/main.o
                                                  build/usart.o
                                                  build/spi.o
                                                  build/adc.o
FLASH_IRQHandler                                  build/startup_stm32f103xb.o
FLASH_PageErase                                   build/stm32f1xx_hal_flash_ex.o
                                                  build/stm32f1xx_hal_flash.o
FLASH_WaitForLastOperation                        build/stm32f1xx_hal_flash.o
                                                  build/stm32f1xx_hal_flash_ex.o
Font_11x18                                        build/fonts.o
                                                  build/menu.o
Font_16x26                                        build/fonts.o
Font_7x10                                         build/fonts.o
                                                  build/menu.o
HAL_ADCEx_Calibration_Start                       build/stm32f1xx_hal_adc_ex.o
HAL_ADCEx_InjectedConfigChannel                   build/stm32f1xx_hal_adc_ex.o
HAL_ADCEx_InjectedConvCpltCallback                build/stm32f1xx_hal_adc_ex.o
                                                  build/stm32f1xx_hal_adc.o
HAL_ADCEx_InjectedGetValue                        build/stm32f1xx_hal_adc_ex.o
HAL_ADCEx_InjectedPollForConversion               build/stm32f1xx_hal_adc_ex.o
HAL_ADCEx_InjectedStart                           build/stm32f1xx_hal_adc_ex.o
HAL_ADCEx_InjectedStart_IT                        build/stm32f1xx_hal_adc_ex.o
HAL_ADCEx_InjectedStop                            build/stm32f1xx_hal_adc_ex.o
HAL_ADCEx_InjectedStop_IT                         build/stm32f1xx_hal_adc_ex.o
HAL_ADCEx_MultiModeConfigChannel                  build/stm32f1xx_hal_adc_ex.o
HAL_ADCEx_MultiModeGetValue                       build/stm32f1xx_hal_adc_ex.o
HAL_ADCEx_MultiModeStart_DMA                      build/stm32f1xx_hal_adc_ex.o
HAL_ADCEx_MultiModeStop_DMA                       build/stm32f1xx_hal_adc_ex.o
HAL_ADC_AnalogWDGConfig                           build/stm32f1xx_hal_adc.o
HAL_ADC_ConfigChannel                             build/stm32f1xx_hal_adc.o
                                                  build/adc.o
HAL_ADC_ConvCpltCallback                          build/stm32f1xx_hal_adc.o
HAL_ADC_ConvHalfCpltCallback                      build/stm32f1xx_hal_adc.o
HAL_ADC_DeInit                                    build/stm32f1xx_hal_adc.o
HAL_ADC_ErrorCallback                             build/stm32f1xx_hal_adc.o
HAL_ADC_GetError                                  build/stm32f1xx_hal_adc.o
HAL_ADC_GetState                                  build/stm32f1xx_hal_adc.o
HAL_ADC_GetValue                                  build/stm32f1xx_hal_adc.o
                                                  build/joypad.o
HAL_ADC_IRQHandler                                build/stm32f1xx_hal_adc.o
HAL_ADC_Init                                      build/stm32f1xx_hal_adc.o
                                                  build/adc.o
HAL_ADC_LevelOutOfWindowCallback                  build/stm32f1xx_hal_adc.o
HAL_ADC_MspDeInit                                 build/adc.o
HAL_ADC_MspInit                                   build/adc.o
HAL_ADC_PollForConversion                         build/stm32f1xx_hal_adc.o
                                                  build/joypad.o
HAL_ADC_PollForEvent                              build/stm32f1xx_hal_adc.o
HAL_ADC_Start                                     build/stm32f1xx_hal_adc.o
                                                  build/joypad.o
HAL_ADC_Start_DMA                                 build/stm32f1xx_hal_adc.o
HAL_ADC_Start_IT                                  build/stm32f1xx_hal_adc.o
HAL_ADC_Stop                                      build/stm32f1xx_hal_adc.o
HAL_ADC_Stop_DMA                                  build/stm32f1xx_hal_adc.o
HAL_ADC_Stop_IT                                   build/stm32f1xx_hal_adc.o
HAL_DBGMCU_DisableDBGSleepMode                    build/stm32f1xx_hal.o
HAL_DBGMCU_DisableDBGStandbyMode                  build/stm32f1xx_hal.o
HAL_DBGMCU_DisableDBGStopMode                     build/stm32f1xx_hal.o
HAL_DBGMCU_EnableDBGSleepMode                     build/stm32f1xx_hal.o
HAL_DBGMCU_EnableDBGStandbyMode                   build/stm32f1xx_hal.o
HAL_DBGMCU_EnableDBGStopMode                      build/stm32f1xx_hal.o
HAL_DMA_Abort                                     build/stm32f1xx_hal_dma.o
                                                  build/stm32f1xx_hal_uart.o
                                                  build/stm32f1xx_hal_spi.o
                                                  build/stm32f1xx_hal_adc_ex.o
                                                  build/stm32f1xx_hal_adc.o
HAL_DMA_Abort_IT                                  build/stm32f1xx_hal_dma.o
                                                  build/stm32f1xx_hal_uart.o
                                                  build/stm32f1xx_hal_spi.o
HAL_DMA_DeInit                                    build/stm32f1xx_hal_dma.o
HAL_DMA_GetError                                  build/stm32f1xx_hal_dma.o
                                                  build/stm32f1xx_hal_uart.o
HAL_DMA_GetState                                  build/stm32f1xx_hal_dma.o
HAL_DMA_IRQHandler                                build/stm32f1xx_hal_dma.o
HAL_DMA_Init                                      build/stm32f1xx_hal_dma.o
HAL_DMA_PollForTransfer                           build/stm32f1xx_hal_dma.o
HAL_DMA_RegisterCallback                          build/stm32f1xx_hal_dma.o
HAL_DMA_Start                                     build/stm32f1xx_hal_dma.o
HAL_DMA_Start_IT                                  build/stm32f1xx_hal_dma.o
                                                  build/stm32f1xx_hal_uart.o
                                                  build/stm32f1xx_hal_spi.o
                                                  build/stm32f1xx_hal_adc_ex.o
                                                  build/stm32f1xx_hal_adc.o
HAL_DMA_UnRegisterCallback                        build/stm32f1xx_hal_dma.o
HAL_DeInit                                        build/stm32f1xx_hal.o
HAL_Delay                                         build/stm32f1xx_hal.o
                                                  build/menu.o
                                                  build/st7735.o
HAL_EXTI_ClearConfigLine                          build/stm32f1xx_hal_exti.o
HAL_EXTI_ClearPending                             build/stm32f1xx_hal_exti.o
HAL_EXTI_GenerateSWI                              build/stm32f1xx_hal_exti.o
HAL_EXTI_GetConfigLine                            build/stm32f1xx_hal_exti.o
HAL_EXTI_GetHandle                                build/stm32f1xx_hal_exti.o
HAL_EXTI_GetPending                               build/stm32f1xx_hal_exti.o
HAL_EXTI_IRQHandler                               build/stm32f1xx_hal_exti.o
HAL_EXTI_RegisterCallback                         build/stm32f1xx_hal_exti.o
HAL_EXTI_SetConfigLine                            build/stm32f1xx_hal_exti.o
HAL_FLASHEx_Erase                                 build/stm32f1xx_hal_flash_ex.o
HAL_FLASHEx_Erase_IT                              build/stm32f1xx_hal_flash_ex.o
HAL_FLASHEx_OBErase                               build/stm32f1xx_hal_flash_ex.o
HAL_FLASHEx_OBGetConfig                           build/stm32f1xx_hal_flash_ex.o
HAL_FLASHEx_OBGetUserData                         build/stm32f1xx_hal_flash_ex.o
HAL_FLASHEx_OBProgram                             build/stm32f1xx_hal_flash_ex.o
HAL_FLASH_EndOfOperationCallback                  build/stm32f1xx_hal_flash.o
HAL_FLASH_GetError                                build/stm32f1xx_hal_flash.o
HAL_FLASH_IRQHandler                              build/stm32f1xx_hal_flash.o
HAL_FLASH_Lock                                    build/stm32f1xx_hal_flash.o
HAL_FLASH_OB_Launch                               build/stm32f1xx_hal_flash.o
HAL_FLASH_OB_Lock                                 build/stm32f1xx_hal_flash.o
HAL_FLASH_OB_Unlock                               build/stm32f1xx_hal_flash.o
HAL_FLASH_OperationErrorCallback                  build/stm32f1xx_hal_flash.o
HAL_FLASH_Program                                 build/stm32f1xx_hal_flash.o
HAL_FLASH_Program_IT                              build/stm32f1xx_hal_flash.o
HAL_FLASH_Unlock                                  build/stm32f1xx_hal_flash.o
HAL_GPIOEx_ConfigEventout                         build/stm32f1xx_hal_gpio_ex.o
HAL_GPIOEx_DisableEventout                        build/stm32f1xx_hal_gpio_ex.o
HAL_GPIOEx_EnableEventout                         build/stm32f1xx_hal_gpio_ex.o
HAL_GPIO_DeInit                                   build/stm32f1xx_hal_gpio.o
                                                  build/usart.o
                                                  build/spi.o
                                                  build/adc.o
HAL_GPIO_EXTI_Callback                            build/stm32f1xx_hal_gpio.o
HAL_GPIO_EXTI_IRQHandler                          build/stm32f1xx_hal_gpio.o
HAL_GPIO_Init                                     build/stm32f1xx_hal_gpio.o
                                                  build/stm32f1xx_hal_rcc.o
                                                  build/usart.o
                                                  build/spi.o
                                                  build/gpio.o
                                                  build/adc.o
HAL_GPIO_LockPin                                  build/stm32f1xx_hal_gpio.o
HAL_GPIO_ReadPin                                  build/stm32f1xx_hal_gpio.o
HAL_GPIO_TogglePin                                build/stm32f1xx_hal_gpio.o
HAL_GPIO_WritePin                                 build/stm32f1xx_hal_gpio.o
                                                  build/gpio.o
                                                  build/st7735.o
HAL_GetDEVID                                      build/stm32f1xx_hal.o
HAL_GetHalVersion                                 build/stm32f1xx_hal.o
HAL_GetREVID                                      build/stm32f1xx_hal.o
HAL_GetTick                                       build/stm32f1xx_hal.o
                                                  build/stm32f1xx_hal_uart.o
                                                  build/stm32f1xx_hal_spi.o
                                                  build/stm32f1xx_hal_rcc_ex.o
                                                  build/stm32f1xx_hal_rcc.o
                                                  build/stm32f1xx_hal_flash.o
                                                  build/stm32f1xx_hal_dma.o
                                                  build/stm32f1xx_hal_adc_ex.o
                                                  build/stm32f1xx_hal_adc.o
HAL_GetTickFreq                                   build/stm32f1xx_hal.o
HAL_GetTickPrio                                   build/stm32f1xx_hal.o
HAL_GetUIDw0                                      build/stm32f1xx_hal.o
HAL_GetUIDw1                                      build/stm32f1xx_hal.o
HAL_GetUIDw2                                      build/stm32f1xx_hal.o
HAL_HalfDuplex_EnableReceiver                     build/stm32f1xx_hal_uart.o
HAL_HalfDuplex_EnableTransmitter                  build/stm32f1xx_hal_uart.o
HAL_HalfDuplex_Init                               build/stm32f1xx_hal_uart.o
HAL_IncTick                                       build/stm32f1xx_hal.o
                                                  build/stm32f1xx_it.o
HAL_Init                                          build/stm32f1xx_hal.o
                                                  build/main.o
HAL_InitTick                                      build/stm32f1xx_hal.o
                                                  build/stm32f1xx_hal_rcc.o
HAL_LIN_Init                                      build/stm32f1xx_hal_uart.o
HAL_LIN_SendBreak                                 build/stm32f1xx_hal_uart.o
HAL_MspDeInit                                     build/stm32f1xx_hal.o
HAL_MspInit                                       build/stm32f1xx_hal_msp.o
HAL_MultiProcessor_EnterMuteMode                  build/stm32f1xx_hal_uart.o
HAL_MultiProcessor_ExitMuteMode                   build/stm32f1xx_hal_uart.o
HAL_MultiProcessor_Init                           build/stm32f1xx_hal_uart.o
HAL_NVIC_ClearPendingIRQ                          build/stm32f1xx_hal_cortex.o
HAL_NVIC_DisableIRQ                               build/stm32f1xx_hal_cortex.o
HAL_NVIC_EnableIRQ                                build/stm32f1xx_hal_cortex.o
HAL_NVIC_GetActive                                build/stm32f1xx_hal_cortex.o
HAL_NVIC_GetPendingIRQ                            build/stm32f1xx_hal_cortex.o
HAL_NVIC_GetPriority                              build/stm32f1xx_hal_cortex.o
HAL_NVIC_GetPriorityGrouping                      build/stm32f1xx_hal_cortex.o
HAL_NVIC_SetPendingIRQ                            build/stm32f1xx_hal_cortex.o
HAL_NVIC_SetPriority                              build/stm32f1xx_hal_cortex.o
                                                  build/stm32f1xx_hal.o
HAL_NVIC_SetPriorityGrouping                      build/stm32f1xx_hal_cortex.o
                                                  build/stm32f1xx_hal.o
HAL_NVIC_SystemReset                              build/stm32f1xx_hal_cortex.o
                                                  build/stm32f1xx_hal_flash.o
HAL_PWR_ConfigPVD                                 build/stm32f1xx_hal_pwr.o
HAL_PWR_DeInit                                    build/stm32f1xx_hal_pwr.o
HAL_PWR_DisableBkUpAccess                         build/stm32f1xx_hal_pwr.o
HAL_PWR_DisablePVD                                build/stm32f1xx_hal_pwr.o
HAL_PWR_DisableSEVOnPend                          build/stm32f1xx_hal_pwr.o
HAL_PWR_DisableSleepOnExit                        build/stm32f1xx_hal_pwr.o
HAL_PWR_DisableWakeUpPin                          build/stm32f1xx_hal_pwr.o
HAL_PWR_EnableBkUpAccess                          build/stm32f1xx_hal_pwr.o
HAL_PWR_EnablePVD                                 build/stm32f1xx_hal_pwr.o
HAL_PWR_EnableSEVOnPend                           build/stm32f1xx_hal_pwr.o
HAL_PWR_EnableSleepOnExit                         build/stm32f1xx_hal_pwr.o
HAL_PWR_EnableWakeUpPin                           build/stm32f1xx_hal_pwr.o
HAL_PWR_EnterSLEEPMode                            build/stm32f1xx_hal_pwr.o
HAL_PWR_EnterSTANDBYMode                          build/stm32f1xx_hal_pwr.o
HAL_PWR_EnterSTOPMode                             build/stm32f1xx_hal_pwr.o
HAL_PWR_PVDCallback                               build/stm32f1xx_hal_pwr.o
HAL_PWR_PVD_IRQHandler                            build/stm32f1xx_hal_pwr.o
HAL_RCCEx_GetPeriphCLKConfig                      build/stm32f1xx_hal_rcc_ex.o
HAL_RCCEx_GetPeriphCLKFreq                        build/stm32f1xx_hal_rcc_ex.o
                                                  build/stm32f1xx_hal_adc_ex.o
                                                  build/stm32f1xx_hal_adc.o
HAL_RCCEx_PeriphCLKConfig                         build/stm32f1xx_hal_rcc_ex.o
                                                  build/main.o
HAL_RCC_CSSCallback                               build/stm32f1xx_hal_rcc.o
HAL_RCC_ClockConfig                               build/stm32f1xx_hal_rcc.o
                                                  build/main.o
HAL_RCC_DeInit                                    build/stm32f1xx_hal_rcc.o
HAL_RCC_DisableCSS                                build/stm32f1xx_hal_rcc.o
HAL_RCC_EnableCSS                                 build/stm32f1xx_hal_rcc.o
HAL_RCC_GetClockConfig                            build/stm32f1xx_hal_rcc.o
HAL_RCC_GetHCLKFreq                               build/stm32f1xx_hal_rcc.o
HAL_RCC_GetOscConfig                              build/stm32f1xx_hal_rcc.o
HAL_RCC_GetPCLK1Freq                              build/stm32f1xx_hal_rcc.o
                                                  build/stm32f1xx_hal_uart.o
HAL_RCC_GetPCLK2Freq                              build/stm32f1xx_hal_rcc.o
                                                  build/stm32f1xx_hal_uart.o
                                                  build/stm32f1xx_hal_rcc_ex.o
HAL_RCC_GetSysClockFreq                           build/stm32f1xx_hal_rcc.o
HAL_RCC_MCOConfig                                 build/stm32f1xx_hal_rcc.o
HAL_RCC_NMI_IRQHandler                            build/stm32f1xx_hal_rcc.o
HAL_RCC_OscConfig                                 build/stm32f1xx_hal_rcc.o
                                                  build/main.o
HAL_ResumeTick                                    build/stm32f1xx_hal.o
HAL_SPI_Abort                                     build/stm32f1xx_hal_spi.o
HAL_SPI_AbortCpltCallback                         build/stm32f1xx_hal_spi.o
HAL_SPI_Abort_IT                                  build/stm32f1xx_hal_spi.o
HAL_SPI_DMAPause                                  build/stm32f1xx_hal_spi.o
HAL_SPI_DMAResume                                 build/stm32f1xx_hal_spi.o
HAL_SPI_DMAStop                                   build/stm32f1xx_hal_spi.o
HAL_SPI_DeInit                                    build/stm32f1xx_hal_spi.o
HAL_SPI_ErrorCallback                             build/stm32f1xx_hal_spi.o
HAL_SPI_GetError                                  build/stm32f1xx_hal_spi.o
HAL_SPI_GetState                                  build/stm32f1xx_hal_spi.o
HAL_SPI_IRQHandler                                build/stm32f1xx_hal_spi.o
HAL_SPI_Init                                      build/stm32f1xx_hal_spi.o
                                                  build/spi.o
HAL_SPI_MspDeInit                                 build/spi.o
HAL_SPI_MspInit                                   build/spi.o
HAL_SPI_Receive                                   build/stm32f1xx_hal_spi.o
HAL_SPI_Receive_DMA                               build/stm32f1xx_hal_spi.o
HAL_SPI_Receive_IT                                build/stm32f1xx_hal_spi.o
HAL_SPI_RxCpltCallback                            build/stm32f1xx_hal_spi.o
HAL_SPI_RxHalfCpltCallback                        build/stm32f1xx_hal_spi.o
HAL_SPI_Transmit                                  build/stm32f1xx_hal_spi.o
                                                  build/st7735.o
HAL_SPI_TransmitReceive                           build/stm32f1xx_hal_spi.o
HAL_SPI_TransmitReceive_DMA                       build/stm32f1xx_hal_spi.o
HAL_SPI_TransmitReceive_IT                        build/stm32f1xx_hal_spi.o
HAL_SPI_Transmit_DMA                              build/stm32f1xx_hal_spi.o
HAL_SPI_Transmit_IT                               build/stm32f1xx_hal_spi.o
HAL_SPI_TxCpltCallback                            build/stm32f1xx_hal_spi.o
HAL_SPI_TxHalfCpltCallback                        build/stm32f1xx_hal_spi.o
HAL_SPI_TxRxCpltCallback                          build/stm32f1xx_hal_spi.o
HAL_SPI_TxRxHalfCpltCallback                      build/stm32f1xx_hal_spi.o
HAL_SYSTICK_CLKSourceConfig                       build/stm32f1xx_hal_cortex.o
HAL_SYSTICK_Callback                              build/stm32f1xx_hal_cortex.o
HAL_SYSTICK_Config                                build/stm32f1xx_hal_cortex.o
                                                  build/stm32f1xx_hal.o
HAL_SYSTICK_IRQHandler                            build/stm32f1xx_hal_cortex.o
HAL_SetTickFreq                                   build/stm32f1xx_hal.o
HAL_SuspendTick                                   build/stm32f1xx_hal.o
HAL_UARTEx_ReceiveToIdle                          build/stm32f1xx_hal_uart.o
HAL_UARTEx_ReceiveToIdle_DMA                      build/stm32f1xx_hal_uart.o
HAL_UARTEx_ReceiveToIdle_IT                       build/stm32f1xx_hal_uart.o
HAL_UARTEx_RxEventCallback                        build/stm32f1xx_hal_uart.o
HAL_UART_Abort                                    build/stm32f1xx_hal_uart.o
HAL_UART_AbortCpltCallback                        build/stm32f1xx_hal_uart.o
HAL_UART_AbortReceive                             build/stm32f1xx_hal_uart.o
HAL_UART_AbortReceiveCpltCallback                 build/stm32f1xx_hal_uart.o
HAL_UART_AbortReceive_IT                          build/stm32f1xx_hal_uart.o
HAL_UART_AbortTransmit                            build/stm32f1xx_hal_uart.o
HAL_UART_AbortTransmitCpltCallback                build/stm32f1xx_hal_uart.o
HAL_UART_AbortTransmit_IT                         build/stm32f1xx_hal_uart.o
HAL_UART_Abort_IT                                 build/stm32f1xx_hal_uart.o
HAL_UART_DMAPause                                 build/stm32f1xx_hal_uart.o
HAL_UART_DMAResume                                build/stm32f1xx_hal_uart.o
HAL_UART_DMAStop                                  build/stm32f1xx_hal_uart.o
HAL_UART_DeInit                                   build/stm32f1xx_hal_uart.o
HAL_UART_ErrorCallback                            build/stm32f1xx_hal_uart.o
HAL_UART_GetError                                 build/stm32f1xx_hal_uart.o
HAL_UART_GetState                                 build/stm32f1xx_hal_uart.o
HAL_UART_IRQHandler                               build/stm32f1xx_hal_uart.o
HAL_UART_Init                                     build/stm32f1xx_hal_uart.o
                                                  build/usart.o
HAL_UART_MspDeInit                                build/usart.o
HAL_UART_MspInit                                  build/usart.o
HAL_UART_Receive                                  build/stm32f1xx_hal_uart.o
HAL_UART_Receive_DMA                              build/stm32f1xx_hal_uart.o
HAL_UART_Receive_IT                               build/stm32f1xx_hal_uart.o
HAL_UART_RxCpltCallback                           build/stm32f1xx_hal_uart.o
HAL_UART_RxHalfCpltCallback                       build/stm32f1xx_hal_uart.o
HAL_UART_Transmit                                 build/stm32f1xx_hal_uart.o
HAL_UART_Transmit_DMA                             build/stm32f1xx_hal_uart.o
HAL_UART_Transmit_IT                              build/stm32f1xx_hal_uart.o
HAL_UART_TxCpltCallback                           build/stm32f1xx_hal_uart.o
HAL_UART_TxHalfCpltCallback                       build/stm32f1xx_hal_uart.o
HardFault_Handler                                 build/stm32f1xx_it.o
I2C1_ER_IRQHandler                                build/startup_stm32f103xb.o
I2C1_EV_IRQHandler                                build/startup_stm32f103xb.o
I2C2_ER_IRQHandler                                build/startup_stm32f103xb.o
I2C2_EV_IRQHandler                                build/startup_stm32f103xb.o
MX_ADC1_Init                                      build/adc.o
                                                  build/main.o
MX_GPIO_Init                                      build/gpio.o
                                                  build/main.o
MX_SPI2_Init                                      build/spi.o
                                                  build/main.o
MX_USART1_UART_Init                               build/usart.o
                                                  build/main.o
MX_USART3_UART_Init                               build/usart.o
                                                  build/main.o
MemManage_Handler                                 build/stm32f1xx_it.o
NMI_Handler                                       build/stm32f1xx_it.o
PVD_IRQHandler                                    build/startup_stm32f103xb.o
PendSV_Handler                                    build/stm32f1xx_it.o
RCC_IRQHandler                                    build/startup_stm32f103xb.o
RTC_Alarm_IRQHandler                              build/startup_stm32f103xb.o
RTC_IRQHandler                                    build/startup_stm32f103xb.o
Reset_Handler                                     build/startup_stm32f103xb.o
SPI1_IRQHandler                                   build/startup_stm32f103xb.o
SPI2_IRQHandler                                   build/startup_stm32f103xb.o
ST7735_DrawImage                                  build/st7735.o
ST7735_DrawPixel                                  build/st7735.o
ST7735_FillRectangle                              build/st7735.o
ST7735_FillRectangleFast                          build/st7735.o
ST7735_FillScreen                                 build/st7735.o
                                                  build/menu.o
ST7735_FillScreenFast                             build/st7735.o
ST7735_Init                                       build/st7735.o
                                                  build/menu.o
ST7735_InvertColors                               build/st7735.o
ST7735_SetGamma                                   build/st7735.o
ST7735_Unselect                                   build/st7735.o
ST7735_WriteJustifyString                         build/st7735.o
                                                  build/menu.o
ST7735_WriteString                                build/st7735.o
SVC_Handler                                       build/stm32f1xx_it.o
SysTick_Handler                                   build/stm32f1xx_it.o
SystemClock_Config                                build/main.o
SystemCoreClock                                   build/system_stm32f1xx.o
                                                  build/stm32f1xx_hal_spi.o
                                                  build/stm32f1xx_hal_rcc.o
                                                  build/stm32f1xx_hal_adc_ex.o
                                                  build/stm32f1xx_hal_adc.o
                                                  build/stm32f1xx_hal.o
SystemCoreClockUpdate                             build/system_stm32f1xx.o
SystemInit                                        build/system_stm32f1xx.o
                                                  build/startup_stm32f103xb.o
TAMPER_IRQHandler                                 build/startup_stm32f103xb.o
TIM1_BRK_IRQHandler                               build/startup_stm32f103xb.o
TIM1_CC_IRQHandler                                build/startup_stm32f103xb.o
TIM1_TRG_COM_IRQHandler                           build/startup_stm32f103xb.o
TIM1_UP_IRQHandler                                build/startup_stm32f103xb.o
TIM2_IRQHandler                                   build/startup_stm32f103xb.o
TIM3_IRQHandler                                   build/startup_stm32f103xb.o
TIM4_IRQHandler                                   build/startup_stm32f103xb.o
UART_Start_Receive_DMA                            build/stm32f1xx_hal_uart.o
UART_Start_Receive_IT                             build/stm32f1xx_hal_uart.o
USART1_IRQHandler                                 build/startup_stm32f103xb.o
USART2_IRQHandler                                 build/startup_stm32f103xb.o
USART3_IRQHandler                                 build/startup_stm32f103xb.o
USBWakeUp_IRQHandler                              build/startup_stm32f103xb.o
USB_HP_CAN1_TX_IRQHandler                         build/startup_stm32f103xb.o
USB_LP_CAN1_RX0_IRQHandler                        build/startup_stm32f103xb.o
UsageFault_Handler                                build/stm32f1xx_it.o
WWDG_IRQHandler                                   build/startup_stm32f103xb.o
__atexit_dummy                                    /usr/lib/gcc/arm-none-eabi/12.2.0/../../../../arm-none-eabi/lib/thumb/v7-m/nofp/libc_nano.a(lib_a-__atexit.o)
__atexit_recursive_mutex                          /usr/lib/gcc/arm-none-eabi/12.2.0/../../../../arm-none-eabi/lib/thumb/v7-m/nofp/libc_nano.a(lib_a-__call_atexit.o)
                                                  /usr/lib/gcc/arm-none-eabi/12.2.0/../../../../arm-none-eabi/lib/thumb/v7-m/nofp/libc_nano.a(lib_a-__atexit.o)
__bss_end__                                       /usr/lib/gcc/arm-none-eabi/12.2.0/../../../../arm-none-eabi/lib/thumb/v7-m/nofp/crt0.o
__bss_start__                                     /usr/lib/gcc/arm-none-eabi/12.2.0/../../../../arm-none-eabi/lib/thumb/v7-m/nofp/crt0.o
__call_exitprocs                                  /usr/lib/gcc/arm-none-eabi/12.2.0/../../../../arm-none-eabi/lib/thumb/v7-m/nofp/libc_nano.a(lib_a-__call_atexit.o)
                                                  /usr/lib/gcc/arm-none-eabi/12.2.0/../../../../arm-none-eabi/lib/thumb/v7-m/nofp/libc_nano.a(lib_a-__atexit.o)
                                                  /usr/lib/gcc/arm-none-eabi/12.2.0/../../../../arm-none-eabi/lib/thumb/v7-m/nofp/libc_nano.a(lib_a-exit.o)
__deregister_frame_info                           /usr/lib/gcc/arm-none-eabi/12.2.0/thumb/v7-m/nofp/crtbegin.o
__dso_handle                                      /usr/lib/gcc/arm-none-eabi/12.2.0/thumb/v7-m/nofp/crtbegin.o
__fini_array_end                                  /usr/lib/gcc/arm-none-eabi/12.2.0/../../../../arm-none-eabi/lib/thumb/v7-m/nofp/libc_nano.a(lib_a-fini.o)
__fini_array_start                                /usr/lib/gcc/arm-none-eabi/12.2.0/../../../../arm-none-eabi/lib/thumb/v7-m/nofp/libc_nano.a(lib_a-fini.o)
__init_array_end                                  /usr/lib/gcc/arm-none-eabi/12.2.0/../../../../arm-none-eabi/lib/thumb/v7-m/nofp/libc_nano.a(lib_a-init.o)
__init_array_start                                /usr/lib/gcc/arm-none-eabi/12.2.0/../../../../arm-none-eabi/lib/thumb/v7-m/nofp/libc_nano.a(lib_a-init.o)
__libc_fini_array                                 /usr/lib/gcc/arm-none-eabi/12.2.0/../../../../arm-none-eabi/lib/thumb/v7-m/nofp/libc_nano.a(lib_a-fini.o)
                                                  /usr/lib/gcc/arm-none-eabi/12.2.0/../../../../arm-none-eabi/lib/thumb/v7-m/nofp/crt0.o
__libc_init_array                                 /usr/lib/gcc/arm-none-eabi/12.2.0/../../../../arm-none-eabi/lib/thumb/v7-m/nofp/libc_nano.a(lib_a-init.o)
                                                  build/startup_stm32f103xb.o
                                                  /usr/lib/gcc/arm-none-eabi/12.2.0/../../../../arm-none-eabi/lib/thumb/v7-m/nofp/crt0.o
__lock___arc4random_mutex                         /usr/lib/gcc/arm-none-eabi/12.2.0/../../../../arm-none-eabi/lib/thumb/v7-m/nofp/libc_nano.a(lib_a-lock.o)
__lock___at_quick_exit_mutex                      /usr/lib/gcc/arm-none-eabi/12.2.0/../../../../arm-none-eabi/lib/thumb/v7-m/nofp/libc_nano.a(lib_a-lock.o)
__lock___atexit_recursive_mutex                   /usr/lib/gcc/arm-none-eabi/12.2.0/../../../../arm-none-eabi/lib/thumb/v7-m/nofp/libc_nano.a(lib_a-lock.o)
                                                  /usr/lib/gcc/arm-none-eabi/12.2.0/../../../../arm-none-eabi/lib/thumb/v7-m/nofp/libc_nano.a(lib_a-__call_atexit.o)
__lock___dd_hash_mutex                            /usr/lib/gcc/arm-none-eabi/12.2.0/../../../../arm-none-eabi/lib/thumb/v7-m/nofp/libc_nano.a(lib_a-lock.o)
__lock___env_recursive_mutex                      /usr/lib/gcc/arm-none-eabi/12.2.0/../../../../arm-none-eabi/lib/thumb/v7-m/nofp/libc_nano.a(lib_a-lock.o)
__lock___malloc_recursive_mutex                   /usr/lib/gcc/arm-none-eabi/12.2.0/../../../../arm-none-eabi/lib/thumb/v7-m/nofp/libc_nano.a(lib_a-lock.o)
                                                  /usr/lib/gcc/arm-none-eabi/12.2.0/../../../../arm-none-eabi/lib/thumb/v7-m/nofp/libc_nano.a(lib_a-mlock.o)
__lock___sfp_recursive_mutex                      /usr/lib/gcc/arm-none-eabi/12.2.0/../../../../arm-none-eabi/lib/thumb/v7-m/nofp/libc_nano.a(lib_a-lock.o)
__lock___sinit_recursive_mutex                    /usr/lib/gcc/arm-none-eabi/12.2.0/../../../../arm-none-eabi/lib/thumb/v7-m/nofp/libc_nano.a(lib_a-lock.o)
__lock___tz_mutex                                 /usr/lib/gcc/arm-none-eabi/12.2.0/../../../../arm-none-eabi/lib/thumb/v7-m/nofp/libc_nano.a(lib_a-lock.o)
__malloc_free_list                                /usr/lib/gcc/arm-none-eabi/12.2.0/../../../../arm-none-eabi/lib/thumb/v7-m/nofp/libc_nano.a(lib_a-nano-mallocr.o)
                                                  /usr/lib/gcc/arm-none-eabi/12.2.0/../../../../arm-none-eabi/lib/thumb/v7-m/nofp/libc_nano.a(lib_a-nano-freer.o)
__malloc_lock                                     /usr/lib/gcc/arm-none-eabi/12.2.0/../../../../arm-none-eabi/lib/thumb/v7-m/nofp/libc_nano.a(lib_a-mlock.o)
                                                  /usr/lib/gcc/arm-none-eabi/12.2.0/../../../../arm-none-eabi/lib/thumb/v7-m/nofp/libc_nano.a(lib_a-nano-mallocr.o)
                                                  /usr/lib/gcc/arm-none-eabi/12.2.0/../../../../arm-none-eabi/lib/thumb/v7-m/nofp/libc_nano.a(lib_a-nano-freer.o)
__malloc_sbrk_start                               /usr/lib/gcc/arm-none-eabi/12.2.0/../../../../arm-none-eabi/lib/thumb/v7-m/nofp/libc_nano.a(lib_a-nano-mallocr.o)
__malloc_unlock                                   /usr/lib/gcc/arm-none-eabi/12.2.0/../../../../arm-none-eabi/lib/thumb/v7-m/nofp/libc_nano.a(lib_a-mlock.o)
                                                  /usr/lib/gcc/arm-none-eabi/12.2.0/../../../../arm-none-eabi/lib/thumb/v7-m/nofp/libc_nano.a(lib_a-nano-mallocr.o)
                                                  /usr/lib/gcc/arm-none-eabi/12.2.0/../../../../arm-none-eabi/lib/thumb/v7-m/nofp/libc_nano.a(lib_a-nano-freer.o)
__on_exit_args                                    /usr/lib/gcc/arm-none-eabi/12.2.0/../../../../arm-none-eabi/lib/thumb/v7-m/nofp/libc_nano.a(lib_a-__atexit.o)
__preinit_array_end                               /usr/lib/gcc/arm-none-eabi/12.2.0/../../../../arm-none-eabi/lib/thumb/v7-m/nofp/libc_nano.a(lib_a-init.o)
__preinit_array_start                             /usr/lib/gcc/arm-none-eabi/12.2.0/../../../../arm-none-eabi/lib/thumb/v7-m/nofp/libc_nano.a(lib_a-init.o)
__register_exitproc                               /usr/lib/gcc/arm-none-eabi/12.2.0/../../../../arm-none-eabi/lib/thumb/v7-m/nofp/libc_nano.a(lib_a-__atexit.o)
                                                  /usr/lib/gcc/arm-none-eabi/12.2.0/../../../../arm-none-eabi/lib/thumb/v7-m/nofp/libc_nano.a(lib_a-atexit.o)
__register_frame_info                             /usr/lib/gcc/arm-none-eabi/12.2.0/thumb/v7-m/nofp/crtbegin.o
__retarget_lock_acquire                           /usr/lib/gcc/arm-none-eabi/12.2.0/../../../../arm-none-eabi/lib/thumb/v7-m/nofp/libc_nano.a(lib_a-lock.o)
__retarget_lock_acquire_recursive                 /usr/lib/gcc/arm-none-eabi/12.2.0/../../../../arm-none-eabi/lib/thumb/v7-m/nofp/libc_nano.a(lib_a-lock.o)
                                                  /usr/lib/gcc/arm-none-eabi/12.2.0/../../../../arm-none-eabi/lib/thumb/v7-m/nofp/libc_nano.a(lib_a-mlock.o)
                                                  /usr/lib/gcc/arm-none-eabi/12.2.0/../../../../arm-none-eabi/lib/thumb/v7-m/nofp/libc_nano.a(lib_a-__call_atexit.o)
                                                  /usr/lib/gcc/arm-none-eabi/12.2.0/../../../../arm-none-eabi/lib/thumb/v7-m/nofp/libc_nano.a(lib_a-__atexit.o)
__retarget_lock_close                             /usr/lib/gcc/arm-none-eabi/12.2.0/../../../../arm-none-eabi/lib/thumb/v7-m/nofp/libc_nano.a(lib_a-lock.o)
__retarget_lock_close_recursive                   /usr/lib/gcc/arm-none-eabi/12.2.0/../../../../arm-none-eabi/lib/thumb/v7-m/nofp/libc_nano.a(lib_a-lock.o)
__retarget_lock_init                              /usr/lib/gcc/arm-none-eabi/12.2.0/../../../../arm-none-eabi/lib/thumb/v7-m/nofp/libc_nano.a(lib_a-lock.o)
__retarget_lock_init_recursive                    /usr/lib/gcc/arm-none-eabi/12.2.0/../../../../arm-none-eabi/lib/thumb/v7-m/nofp/libc_nano.a(lib_a-lock.o)
__retarget_lock_release                           /usr/lib/gcc/arm-none-eabi/12.2.0/../../../../arm-none-eabi/lib/thumb/v7-m/nofp/libc_nano.a(lib_a-lock.o)
                                                  /usr/lib/gcc/arm-none-eabi/12.2.0/../../../../arm-none-eabi/lib/thumb/v7-m/nofp/libc_nano.a(lib_a-__atexit.o)
__retarget_lock_release_recursive                 /usr/lib/gcc/arm-none-eabi/12.2.0/../../../../arm-none-eabi/lib/thumb/v7-m/nofp/libc_nano.a(lib_a-lock.o)
                                                  /usr/lib/gcc/arm-none-eabi/12.2.0/../../../../arm-none-eabi/lib/thumb/v7-m/nofp/libc_nano.a(lib_a-mlock.o)
                                                  /usr/lib/gcc/arm-none-eabi/12.2.0/../../../../arm-none-eabi/lib/thumb/v7-m/nofp/libc_nano.a(lib_a-__call_atexit.o)
                                                  /usr/lib/gcc/arm-none-eabi/12.2.0/../../../../arm-none-eabi/lib/thumb/v7-m/nofp/libc_nano.a(lib_a-__atexit.o)
__retarget_lock_try_acquire                       /usr/lib/gcc/arm-none-eabi/12.2.0/../../../../arm-none-eabi/lib/thumb/v7-m/nofp/libc_nano.a(lib_a-lock.o)
__retarget_lock_try_acquire_recursive             /usr/lib/gcc/arm-none-eabi/12.2.0/../../../../arm-none-eabi/lib/thumb/v7-m/nofp/libc_nano.a(lib_a-lock.o)
__sf_fake_stderr                                  /usr/lib/gcc/arm-none-eabi/12.2.0/../../../../arm-none-eabi/lib/thumb/v7-m/nofp/libc_nano.a(lib_a-impure.o)
__sf_fake_stdin                                   /usr/lib/gcc/arm-none-eabi/12.2.0/../../../../arm-none-eabi/lib/thumb/v7-m/nofp/libc_nano.a(lib_a-impure.o)
__sf_fake_stdout                                  /usr/lib/gcc/arm-none-eabi/12.2.0/../../../../arm-none-eabi/lib/thumb/v7-m/nofp/libc_nano.a(lib_a-impure.o)
__stack                                           /usr/lib/gcc/arm-none-eabi/12.2.0/../../../../arm-none-eabi/lib/thumb/v7-m/nofp/crt0.o
_ebss                                             build/startup_stm32f103xb.o
_edata                                            build/startup_stm32f103xb.o
_estack                                           build/startup_stm32f103xb.o
_exit                                             /usr/lib/gcc/arm-none-eabi/12.2.0/../../../../arm-none-eabi/lib/thumb/v7-m/nofp/libnosys.a(_exit.o)
                                                  /usr/lib/gcc/arm-none-eabi/12.2.0/../../../../arm-none-eabi/lib/thumb/v7-m/nofp/libc_nano.a(lib_a-exit.o)
_fini                                             /usr/lib/gcc/arm-none-eabi/12.2.0/thumb/v7-m/nofp/crti.o
                                                  /usr/lib/gcc/arm-none-eabi/12.2.0/../../../../arm-none-eabi/lib/thumb/v7-m/nofp/libc_nano.a(lib_a-fini.o)
_free_r                                           /usr/lib/gcc/arm-none-eabi/12.2.0/../../../../arm-none-eabi/lib/thumb/v7-m/nofp/libc_nano.a(lib_a-nano-freer.o)
                                                  /usr/lib/gcc/arm-none-eabi/12.2.0/../../../../arm-none-eabi/lib/thumb/v7-m/nofp/libc_nano.a(lib_a-reent.o)
                                                  /usr/lib/gcc/arm-none-eabi/12.2.0/../../../../arm-none-eabi/lib/thumb/v7-m/nofp/libc_nano.a(lib_a-malloc.o)
_global_atexit                                    /usr/lib/gcc/arm-none-eabi/12.2.0/../../../../arm-none-eabi/lib/thumb/v7-m/nofp/libc_nano.a(lib_a-__call_atexit.o)
                                                  /usr/lib/gcc/arm-none-eabi/12.2.0/../../../../arm-none-eabi/lib/thumb/v7-m/nofp/libc_nano.a(lib_a-__atexit.o)
_global_impure_ptr                                /usr/lib/gcc/arm-none-eabi/12.2.0/../../../../arm-none-eabi/lib/thumb/v7-m/nofp/libc_nano.a(lib_a-impure.o)
                                                  /usr/lib/gcc/arm-none-eabi/12.2.0/../../../../arm-none-eabi/lib/thumb/v7-m/nofp/libc_nano.a(lib_a-exit.o)