Archive member included to satisfy reference by file (symbol)

/usr/lib/gcc/arm-none-eabi/10.3.1/../../../arm-none-eabi/lib/thumb/v7-m/nofp/libc_nano.a(lib_a-atexit.o)
                              /usr/lib/gcc/arm-none-eabi/10.3.1/../../../arm-none-eabi/lib/thumb/v7-m/nofp/crt0.o (atexit)
/usr/lib/gcc/arm-none-eabi/10.3.1/../../../arm-none-eabi/lib/thumb/v7-m/nofp/libc_nano.a(lib_a-exit.o)
                              /usr/lib/gcc/arm-none-eabi/10.3.1/../../../arm-none-eabi/lib/thumb/v7-m/nofp/crt0.o (exit)
/usr/lib/gcc/arm-none-eabi/10.3.1/../../../arm-none-eabi/lib/thumb/v7-m/nofp/libc_nano.a(lib_a-fini.o)
                              /usr/lib/gcc/arm-none-eabi/10.3.1/../../../arm-none-eabi/lib/thumb/v7-m/nofp/crt0.o (__libc_fini_array)
/usr/lib/gcc/arm-none-eabi/10.3.1/../../../arm-none-eabi/lib/thumb/v7-m/nofp/libc_nano.a(lib_a-impure.o)
                              /usr/lib/gcc/arm-none-eabi/10.3.1/../../../arm-none-eabi/lib/thumb/v7-m/nofp/libc_nano.a(lib_a-exit.o) (_global_impure_ptr)
/usr/lib/gcc/arm-none-eabi/10.3.1/../../../arm-none-eabi/lib/thumb/v7-m/nofp/libc_nano.a(lib_a-init.o)
                              /usr/lib/gcc/arm-none-eabi/10.3.1/../../../arm-none-eabi/lib/thumb/v7-m/nofp/crt0.o (__libc_init_array)
/usr/lib/gcc/arm-none-eabi/10.3.1/../../../arm-none-eabi/lib/thumb/v7-m/nofp/libc_nano.a(lib_a-malloc.o)
                              build/st7735.o (malloc)
/usr/lib/gcc/arm-none-eabi/10.3.1/../../../arm-none-eabi/lib/thumb/v7-m/nofp/libc_nano.a(lib_a-memset.o)
                              /usr/lib/gcc/arm-none-eabi/10.3.1/../../../arm-none-eabi/lib/thumb/v7-m/nofp/crt0.o (memset)
/usr/lib/gcc/arm-none-eabi/10.3.1/../../../arm-none-eabi/lib/thumb/v7-m/nofp/libc_nano.a(lib_a-nano-freer.o)
                              /usr/lib/gcc/arm-none-eabi/10.3.1/../../../arm-none-eabi/lib/thumb/v7-m/nofp/libc_nano.a(lib_a-malloc.o) (_free_r)
/usr/lib/gcc/arm-none-eabi/10.3.1/../../../arm-none-eabi/lib/thumb/v7-m/nofp/libc_nano.a(lib_a-nano-mallocr.o)
                              /usr/lib/gcc/arm-none-eabi/10.3.1/../../../arm-none-eabi/lib/thumb/v7-m/nofp/libc_nano.a(lib_a-malloc.o) (_malloc_r)
/usr/lib/gcc/arm-none-eabi/10.3.1/../../../arm-none-eabi/lib/thumb/v7-m/nofp/libc_nano.a(lib_a-sbrkr.o)
                              /usr/lib/gcc/arm-none-eabi/10.3.1/../../../arm-none-eabi/lib/thumb/v7-m/nofp/libc_nano.a(lib_a-nano-mallocr.o) (_sbrk_r)
/usr/lib/gcc/arm-none-eabi/10.3.1/../../../arm-none-eabi/lib/thumb/v7-m/nofp/libc_nano.a(lib_a-strcat.o)
                              build/execution.o (strcat)
/usr/lib/gcc/arm-none-eabi/10.3.1/../../../arm-none-eabi/lib/thumb/v7-m/nofp/libc_nano.a(lib_a-strcpy.o)
                              /usr/lib/gcc/arm-none-eabi/10.3.1/../../../arm-none-eabi/lib/thumb/v7-m/nofp/libc_nano.a(lib_a-strcat.o) (strcpy)
/usr/lib/gcc/arm-none-eabi/10.3.1/../../../arm-none-eabi/lib/thumb/v7-m/nofp/libc_nano.a(lib_a-strlen-stub.o)
                              build/st7735.o (strlen)
/usr/lib/gcc/arm-none-eabi/10.3.1/../../../arm-none-eabi/lib/thumb/v7-m/nofp/libc_nano.a(lib_a-strncpy.o)
                              build/execution.o (strncpy)
/usr/lib/gcc/arm-none-eabi/10.3.1/../../../arm-none-eabi/lib/thumb/v7-m/nofp/libc_nano.a(lib_a-__atexit.o)
                              /usr/lib/gcc/arm-none-eabi/10.3.1/../../../arm-none-eabi/lib/thumb/v7-m/nofp/libc_nano.a(lib_a-atexit.o) (__register_exitproc)
/usr/lib/gcc/arm-none-eabi/10.3.1/../../../arm-none-eabi/lib/thumb/v7-m/nofp/libc_nano.a(lib_a-__call_atexit.o)
                              /usr/lib/gcc/arm-none-eabi/10.3.1/../../../arm-none-eabi/lib/thumb/v7-m/nofp/libc_nano.a(lib_a-__atexit.o) (__call_exitprocs)
/usr/lib/gcc/arm-none-eabi/10.3.1/../../../arm-none-eabi/lib/thumb/v7-m/nofp/libc_nano.a(lib_a-mlock.o)
                              /usr/lib/gcc/arm-none-eabi/10.3.1/../../../arm-none-eabi/lib/thumb/v7-m/nofp/libc_nano.a(lib_a-nano-freer.o) (__malloc_lock)
/usr/lib/gcc/arm-none-eabi/10.3.1/../../../arm-none-eabi/lib/thumb/v7-m/nofp/libc_nano.a(lib_a-reent.o)
                              /usr/lib/gcc/arm-none-eabi/10.3.1/../../../arm-none-eabi/lib/thumb/v7-m/nofp/libc_nano.a(lib_a-sbrkr.o) (errno)
/usr/lib/gcc/arm-none-eabi/10.3.1/../../../arm-none-eabi/lib/thumb/v7-m/nofp/libnosys.a(sbrk.o)
                              /usr/lib/gcc/arm-none-eabi/10.3.1/../../../arm-none-eabi/lib/thumb/v7-m/nofp/libc_nano.a(lib_a-sbrkr.o) (_sbrk)
/usr/lib/gcc/arm-none-eabi/10.3.1/../../../arm-none-eabi/lib/thumb/v7-m/nofp/libnosys.a(_exit.o)
                              /usr/lib/gcc/arm-none-eabi/10.3.1/../../../arm-none-eabi/lib/thumb/v7-m/nofp/libc_nano.a(lib_a-exit.o) (_exit)
/usr/lib/gcc/arm-none-eabi/10.3.1/thumb/v7-m/nofp/libgcc.a(_arm_mulsf3.o)
                              build/utils.o (__aeabi_fmul)
/usr/lib/gcc/arm-none-eabi/10.3.1/thumb/v7-m/nofp/libgcc.a(_arm_cmpsf2.o)
                              build/execution.o (__aeabi_fcmpeq)
[...]
Memory Configuration

Name             Origin             Length             Attributes
RAM              0x0000000020000000 0x0000000000005000 xrw
FLASH            0x0000000008000000 0x0000000000010000 xr
*default*        0x0000000000000000 0xffffffffffffffff

Linker script and memory map

LOAD /usr/lib/gcc/arm-none-eabi/10.3.1/thumb/v7-m/nofp/crti.o
LOAD /usr/lib/gcc/arm-none-eabi/10.3.1/thumb/v7-m/nofp/crtbegin.o
LOAD /usr/lib/gcc/arm-none-eabi/10.3.1/../../../arm-none-eabi/lib/thumb/v7-m/nofp/crt0.o
LOAD build/fonts.o
LOAD build/st7735.o
LOAD build/adc.o
LOAD build/comm_interface.o
LOAD build/execution.o
LOAD build/gpio.o
LOAD build/joypad.o
LOAD build/main.o
LOAD build/menu.o
LOAD build/spi.o
LOAD build/stm32f1xx_hal_msp.o
LOAD build/stm32f1xx_it.o
LOAD build/system_stm32f1xx.o
LOAD build/usart.o
LOAD build/utils.o
LOAD build/stm32f1xx_hal.o
LOAD build/stm32f1xx_hal_adc.o
LOAD build/stm32f1xx_hal_adc_ex.o
LOAD build/stm32f1xx_hal_cortex.o
LOAD build/stm32f1xx_hal_dma.o
LOAD build/stm32f1xx_hal_exti.o
LOAD build/stm32f1xx_hal_flash.o
LOAD build/stm32f1xx_hal_flash_ex.o
LOAD build/stm32f1xx_hal_gpio.o
LOAD build/stm32f1xx_hal_gpio_ex.o
LOAD build/stm32f1xx_hal_pwr.o
LOAD build/stm32f1xx_hal_rcc.o
LOAD build/stm32f1xx_hal_rcc_ex.o
LOAD build/stm32f1xx_hal_spi.o
LOAD build/stm32f1xx_hal_tim.o
LOAD build/stm32f1xx_hal_tim_ex.o
LOAD build/stm32f1xx_hal_uart.o
LOAD build/startup_stm32f103xb.o
LOAD /usr/lib/gcc/arm-none-eabi/10.3.1/../../../arm-none-eabi/lib/thumb/v7-m/nofp/libc_nano.a
LOAD /usr/lib/gcc/arm-none-eabi/10.3.1/../../../arm-none-eabi/lib/thumb/v7-m/nofp/libm.a
LOAD /usr/lib/gcc/arm-none-eabi/10.3.1/../../../arm-none-eabi/lib/thumb/v7-m/nofp/libnosys.a
START GROUP
LOAD /usr/lib/gcc/arm-none-eabi/10.3.1/thumb/v7-m/nofp/libgcc.a
LOAD /usr/lib/gcc/arm-none-eabi/10.3.1/../../../arm-none-eabi/lib/thumb/v7-m/nofp/libc_nano.a
END GROUP
START GROUP
LOAD /usr/lib/gcc/arm-none-eabi/10.3.1/thumb/v7-m/nofp/libgcc.a
LOAD /usr/lib/gcc/arm-none-eabi/10.3.1/../../../arm-none-eabi/lib/thumb/v7-m/nofp/libc_nano.a
END GROUP
LOAD /usr/lib/gcc/arm-none-eabi/10.3.1/thumb/v7-m/nofp/crtend.o
LOAD /usr/lib/gcc/arm-none-eabi/10.3.1/thumb/v7-m/nofp/crtn.o
                0x0000000020005000                _estack = (ORIGIN (RAM) + LENGTH (RAM))
                0x0000000000000200                _Min_Heap_Size = 0x200
                0x0000000000000400                _Min_Stack_Size = 0x400

.isr_vector     0x0000000008000000      0x10c
                0x0000000008000000                . = ALIGN (0x4)
 *(.isr_vector)
 .isr_vector    0x0000000008000000      0x10c build/startup_stm32f103xb.o
                0x0000000008000000                g_pfnVectors
                0x000000000800010c                . = ALIGN (0x4)

.text           0x000000000800010c     0x2df4
                0x000000000800010c                . = ALIGN (0x4)
 *(.text)
 .text          0x000000000800010c       0x88 /usr/lib/gcc/arm-none-eabi/10.3.1/thumb/v7-m/nofp/crtbegin.o
 .text          0x0000000008000194       0x48 /usr/lib/gcc/arm-none-eabi/10.3.1/../../../arm-none-eabi/lib/thumb/v7-m/nofp/libc_nano.a(lib_a-init.o)
                0x0000000008000194                __libc_init_array
 .text          0x00000000080001dc       0xa4 /usr/lib/gcc/arm-none-eabi/10.3.1/../../../arm-none-eabi/lib/thumb/v7-m/nofp/libc_nano.a(lib_a-memset.o)
                0x00000000080001dc                memset
 .text          0x0000000008000280       0x40 /usr/lib/gcc/arm-none-eabi/10.3.1/../../../arm-none-eabi/lib/thumb/v7-m/nofp/libc_nano.a(lib_a-strcat.o)
                0x0000000008000280                strcat
 .text          0x00000000080002c0       0xbc /usr/lib/gcc/arm-none-eabi/10.3.1/../../../arm-none-eabi/lib/thumb/v7-m/nofp/libc_nano.a(lib_a-strcpy.o)
                0x00000000080002c0                strcpy
 .text          0x000000000800037c       0x5c /usr/lib/gcc/arm-none-eabi/10.3.1/../../../arm-none-eabi/lib/thumb/v7-m/nofp/libc_nano.a(lib_a-strlen-stub.o)
                0x000000000800037c                strlen
 .text          0x00000000080003d8       0x68 /usr/lib/gcc/arm-none-eabi/10.3.1/../../../arm-none-eabi/lib/thumb/v7-m/nofp/libc_nano.a(lib_a-strncpy.o)
                0x00000000080003d8                strncpy
 .text          0x0000000008000440      0x168 /usr/lib/gcc/arm-none-eabi/10.3.1/thumb/v7-m/nofp/libgcc.a(_arm_mulsf3.o)
                0x0000000008000440                __mulsf3
                0x0000000008000440                __aeabi_fmul
 .text          0x00000000080005a8       0xec /usr/lib/gcc/arm-none-eabi/10.3.1/thumb/v7-m/nofp/libgcc.a(_arm_cmpsf2.o)
                0x00000000080005a8                __gtsf2
                0x00000000080005a8                __gesf2
                0x00000000080005b0                __lesf2
                0x00000000080005b0                __ltsf2
                0x00000000080005b8                __nesf2
                0x00000000080005b8                __eqsf2
                0x00000000080005b8                __cmpsf2
                0x0000000008000618                __aeabi_cfrcmple
                0x0000000008000620                __aeabi_cfcmple
                0x0000000008000620                __aeabi_cfcmpeq
                0x0000000008000630                __aeabi_fcmpeq
                0x0000000008000644                __aeabi_fcmplt
                0x0000000008000658                __aeabi_fcmple
                0x000000000800066c                __aeabi_fcmpge
                0x0000000008000680                __aeabi_fcmpgt
 .text          0x0000000008000694       0x40 /usr/lib/gcc/arm-none-eabi/10.3.1/thumb/v7-m/nofp/libgcc.a(_arm_fixunssfsi.o)
                0x0000000008000694                __aeabi_f2uiz
                0x0000000008000694                __fixunssfsi
 *(.text*)
 .text.ST7735_Select
                0x00000000080006d4       0x14 build/st7735.o
 .text.ST7735_Reset
                0x00000000080006e8       0x24 build/st7735.o
 .text.ST7735_WriteCommand
                0x000000000800070c       0x30 build/st7735.o
 .text.ST7735_WriteData
                0x000000000800073c       0x28 build/st7735.o
 .text.ST7735_ExecuteCommandList
                0x0000000008000764       0x4c build/st7735.o
 .text.ST7735_SetAddressWindow
                0x00000000080007b0       0x58 build/st7735.o
 .text.ST7735_WriteChar
                0x0000000008000808       0x98 build/st7735.o
 .text.ST7735_Unselect
                0x00000000080008a0       0x14 build/st7735.o
                0x00000000080008a0                ST7735_Unselect
 .text.ST7735_Init
                0x00000000080008b4       0x30 build/st7735.o
                0x00000000080008b4                ST7735_Init
 .text.ST7735_WriteString
                0x00000000080008e4       0x72 build/st7735.o
                0x00000000080008e4                ST7735_WriteString
 .text.ST7735_WriteJustifyString
                0x0000000008000956       0x9c build/st7735.o
                0x0000000008000956                ST7735_WriteJustifyString
 *fill*         0x00000000080009f2        0x2 
 .text.ST7735_FillRectangle
                0x00000000080009f4       0x98 build/st7735.o
                0x00000000080009f4                ST7735_FillRectangle
 .text.ST7735_FillScreen
                0x0000000008000a8c       0x18 build/st7735.o
                0x0000000008000a8c                ST7735_FillScreen
 .text.MX_ADC1_Init
                0x0000000008000aa4       0x78 build/adc.o
                0x0000000008000aa4                MX_ADC1_Init
 .text.HAL_ADC_MspInit
                0x0000000008000b1c       0x5c build/adc.o
                0x0000000008000b1c                HAL_ADC_MspInit
 .text.initComms
                0x0000000008000b78       0x4c build/comm_interface.o
                0x0000000008000b78                initComms
 .text.reportFail
                0x0000000008000bc4        0x4 build/comm_interface.o
                0x0000000008000bc4                reportFail
 .text.initSetupData
                0x0000000008000bc8       0x28 build/execution.o
                0x0000000008000bc8                initSetupData
 .text.plotterMoving
                0x0000000008000bf0        0x4 build/execution.o
                0x0000000008000bf0                plotterMoving
 .text.quickMoveCommand
                0x0000000008000bf4       0xac build/execution.o
                0x0000000008000bf4                quickMoveCommand
 .text.plotterSendCommand
                0x0000000008000ca0        0xe build/execution.o
                0x0000000008000ca0                plotterSendCommand
 *fill*         0x0000000008000cae        0x2 
 .text._moveDuration
                0x0000000008000cb0       0xd4 build/execution.o
                0x0000000008000cb0                _moveDuration
 .text.manualControl
                0x0000000008000d84       0x9c build/execution.o
                0x0000000008000d84                manualControl
 .text.MX_GPIO_Init
                0x0000000008000e20       0xdc build/gpio.o
                0x0000000008000e20                MX_GPIO_Init
 .text.getJoypadVals
                0x0000000008000efc       0x44 build/joypad.o
                0x0000000008000efc                getJoypadVals
 .text.HAL_GPIO_EXTI_Callback
                0x0000000008000f40       0x24 build/main.o
                0x0000000008000f40                HAL_GPIO_EXTI_Callback
 .text.Error_Handler
                0x0000000008000f64        0x4 build/main.o
                0x0000000008000f64                Error_Handler
 .text.SystemClock_Config
                0x0000000008000f68       0x84 build/main.o
                0x0000000008000f68                SystemClock_Config
 .text.main     0x0000000008000fec       0xd8 build/main.o
                0x0000000008000fec                main
 .text.serveMenuFunc
                0x00000000080010c4       0x20 build/menu.o
                0x00000000080010c4                serveMenuFunc
 .text.drawMenuScreen
                0x00000000080010e4       0x60 build/menu.o
                0x00000000080010e4                drawMenuScreen
 .text.serveMenuScreen
                0x0000000008001144       0xac build/menu.o
                0x0000000008001144                serveMenuScreen
 .text.setMenuTexts
                0x00000000080011f0        0x8 build/menu.o
                0x00000000080011f0                setMenuTexts
 .text.initMenu
                0x00000000080011f8      0x178 build/menu.o
                0x00000000080011f8                initMenu
 .text.MX_SPI2_Init
                0x0000000008001370       0x44 build/spi.o
                0x0000000008001370                MX_SPI2_Init
 .text.HAL_SPI_MspInit
                0x00000000080013b4       0x64 build/spi.o
                0x00000000080013b4                HAL_SPI_MspInit
 .text.HAL_MspInit
                0x0000000008001418       0x30 build/stm32f1xx_hal_msp.o
                0x0000000008001418                HAL_MspInit
 .text.NMI_Handler
                0x0000000008001448        0x2 build/stm32f1xx_it.o
                0x0000000008001448                NMI_Handler
 .text.HardFault_Handler
                0x000000000800144a        0x2 build/stm32f1xx_it.o
                0x000000000800144a                HardFault_Handler
 .text.MemManage_Handler
                0x000000000800144c        0x2 build/stm32f1xx_it.o
                0x000000000800144c                MemManage_Handler
 .text.BusFault_Handler
                0x000000000800144e        0x2 build/stm32f1xx_it.o
                0x000000000800144e                BusFault_Handler
 .text.UsageFault_Handler
                0x0000000008001450        0x2 build/stm32f1xx_it.o
                0x0000000008001450                UsageFault_Handler
 .text.SVC_Handler
                0x0000000008001452        0x2 build/stm32f1xx_it.o
                0x0000000008001452                SVC_Handler
 .text.DebugMon_Handler
                0x0000000008001454        0x2 build/stm32f1xx_it.o
                0x0000000008001454                DebugMon_Handler
 .text.PendSV_Handler
                0x0000000008001456        0x2 build/stm32f1xx_it.o
                0x0000000008001456                PendSV_Handler
 .text.SysTick_Handler
                0x0000000008001458        0x8 build/stm32f1xx_it.o
                0x0000000008001458                SysTick_Handler
 .text.EXTI0_IRQHandler
                0x0000000008001460        0xa build/stm32f1xx_it.o
                0x0000000008001460                EXTI0_IRQHandler
 .text.EXTI1_IRQHandler
                0x000000000800146a        0xa build/stm32f1xx_it.o
                0x000000000800146a                EXTI1_IRQHandler
 .text.SystemInit
                0x0000000008001474        0x2 build/system_stm32f1xx.o
                0x0000000008001474                SystemInit
 *fill*         0x0000000008001476        0x2 
 .text.MX_USART1_UART_Init
                0x0000000008001478       0x34 build/usart.o
                0x0000000008001478                MX_USART1_UART_Init
 .text.MX_USART3_UART_Init
                0x00000000080014ac       0x34 build/usart.o
                0x00000000080014ac                MX_USART3_UART_Init
 .text.HAL_UART_MspInit
                0x00000000080014e0       0xdc build/usart.o
                0x00000000080014e0                HAL_UART_MspInit
 .text.copyString
                0x00000000080015bc       0x1e build/utils.o
                0x00000000080015bc                copyString
 *fill*         0x00000000080015da        0x2 
 .text.floatToChar
                0x00000000080015dc       0xf0 build/utils.o
                0x00000000080015dc                floatToChar
 .text.uartSendData
                0x00000000080016cc       0x34 build/utils.o
                0x00000000080016cc                uartSendData
 .text.HAL_InitTick
                0x0000000008001700       0x4c build/stm32f1xx_hal.o
                0x0000000008001700                HAL_InitTick
 .text.HAL_Init
                0x000000000800174c       0x24 build/stm32f1xx_hal.o
                0x000000000800174c                HAL_Init
 .text.HAL_IncTick
                0x0000000008001770       0x18 build/stm32f1xx_hal.o
                0x0000000008001770                HAL_IncTick
 .text.HAL_GetTick
                0x0000000008001788        0xc build/stm32f1xx_hal.o
                0x0000000008001788                HAL_GetTick
 .text.HAL_Delay
                0x0000000008001794       0x28 build/stm32f1xx_hal.o
                0x0000000008001794                HAL_Delay
 .text.HAL_ADC_PollForConversion
                0x00000000080017bc      0x184 build/stm32f1xx_hal_adc.o
                0x00000000080017bc                HAL_ADC_PollForConversion
 .text.HAL_ADC_GetValue
                0x0000000008001940        0x6 build/stm32f1xx_hal_adc.o
                0x0000000008001940                HAL_ADC_GetValue
 *fill*         0x0000000008001946        0x2 
 .text.HAL_ADC_ConfigChannel
                0x0000000008001948      0x144 build/stm32f1xx_hal_adc.o
                0x0000000008001948                HAL_ADC_ConfigChannel
 .text.ADC_Enable
                0x0000000008001a8c       0x88 build/stm32f1xx_hal_adc.o
                0x0000000008001a8c                ADC_Enable
 .text.HAL_ADC_Start
                0x0000000008001b14       0xe8 build/stm32f1xx_hal_adc.o
                0x0000000008001b14                HAL_ADC_Start
 .text.ADC_ConversionStop_Disable
                0x0000000008001bfc       0x56 build/stm32f1xx_hal_adc.o
                0x0000000008001bfc                ADC_ConversionStop_Disable
 *fill*         0x0000000008001c52        0x2 
 .text.HAL_ADC_Init
                0x0000000008001c54      0x108 build/stm32f1xx_hal_adc.o
                0x0000000008001c54                HAL_ADC_Init
 .text.HAL_NVIC_SetPriorityGrouping
                0x0000000008001d5c       0x24 build/stm32f1xx_hal_cortex.o
                0x0000000008001d5c                HAL_NVIC_SetPriorityGrouping
 .text.HAL_NVIC_SetPriority
                0x0000000008001d80       0x70 build/stm32f1xx_hal_cortex.o
                0x0000000008001d80                HAL_NVIC_SetPriority
 .text.HAL_NVIC_EnableIRQ
                0x0000000008001df0       0x1c build/stm32f1xx_hal_cortex.o
                0x0000000008001df0                HAL_NVIC_EnableIRQ
 .text.HAL_SYSTICK_Config
                0x0000000008001e0c       0x28 build/stm32f1xx_hal_cortex.o
                0x0000000008001e0c                HAL_SYSTICK_Config
 .text.HAL_GPIO_Init
                0x0000000008001e34      0x224 build/stm32f1xx_hal_gpio.o
                0x0000000008001e34                HAL_GPIO_Init
 .text.HAL_GPIO_WritePin
                0x0000000008002058        0xc build/stm32f1xx_hal_gpio.o
                0x0000000008002058                HAL_GPIO_WritePin
 .text.HAL_GPIO_EXTI_IRQHandler
                0x0000000008002064       0x1c build/stm32f1xx_hal_gpio.o
                0x0000000008002064                HAL_GPIO_EXTI_IRQHandler
 .text.RCC_Delay
                0x0000000008002080       0x2c build/stm32f1xx_hal_rcc.o
 .text.HAL_RCC_OscConfig
                0x00000000080020ac      0x410 build/stm32f1xx_hal_rcc.o
                0x00000000080020ac                HAL_RCC_OscConfig
 .text.HAL_RCC_GetSysClockFreq
                0x00000000080024bc       0x70 build/stm32f1xx_hal_rcc.o
                0x00000000080024bc                HAL_RCC_GetSysClockFreq
 .text.HAL_RCC_ClockConfig
                0x000000000800252c      0x16c build/stm32f1xx_hal_rcc.o
                0x000000000800252c                HAL_RCC_ClockConfig
 .text.HAL_RCC_GetHCLKFreq
                0x0000000008002698        0xc build/stm32f1xx_hal_rcc.o
                0x0000000008002698                HAL_RCC_GetHCLKFreq
 .text.HAL_RCC_GetPCLK1Freq
                0x00000000080026a4       0x20 build/stm32f1xx_hal_rcc.o
                0x00000000080026a4                HAL_RCC_GetPCLK1Freq
 .text.HAL_RCC_GetPCLK2Freq
                0x00000000080026c4       0x20 build/stm32f1xx_hal_rcc.o
                0x00000000080026c4                HAL_RCC_GetPCLK2Freq
 .text.HAL_RCCEx_PeriphCLKConfig
                0x00000000080026e4      0x118 build/stm32f1xx_hal_rcc_ex.o
                0x00000000080026e4                HAL_RCCEx_PeriphCLKConfig
 .text.HAL_RCCEx_GetPeriphCLKFreq
                0x00000000080027fc      0x100 build/stm32f1xx_hal_rcc_ex.o
                0x00000000080027fc                HAL_RCCEx_GetPeriphCLKFreq
 .text.SPI_WaitFlagStateUntilTimeout
                0x00000000080028fc       0xd4 build/stm32f1xx_hal_spi.o
 .text.SPI_EndRxTxTransaction
                0x00000000080029d0       0x24 build/stm32f1xx_hal_spi.o
 .text.HAL_SPI_Init
                0x00000000080029f4       0xb6 build/stm32f1xx_hal_spi.o
                0x00000000080029f4                HAL_SPI_Init
 .text.HAL_SPI_Transmit
                0x0000000008002aaa      0x1b8 build/stm32f1xx_hal_spi.o
                0x0000000008002aaa                HAL_SPI_Transmit
 *fill*         0x0000000008002c62        0x2 
 .text.UART_SetConfig
                0x0000000008002c64       0x94 build/stm32f1xx_hal_uart.o
 .text.UART_WaitOnFlagUntilTimeout
                0x0000000008002cf8       0x6c build/stm32f1xx_hal_uart.o
 .text.HAL_UART_Init
                0x0000000008002d64       0x5e build/stm32f1xx_hal_uart.o
                0x0000000008002d64                HAL_UART_Init
 .text.HAL_UART_Transmit
                0x0000000008002dc2       0xd8 build/stm32f1xx_hal_uart.o
                0x0000000008002dc2                HAL_UART_Transmit
 *fill*         0x0000000008002e9a        0x2 
 .text.Reset_Handler
                0x0000000008002e9c       0x48 build/startup_stm32f103xb.o
                0x0000000008002e9c                Reset_Handler
 .text.Default_Handler
                0x0000000008002ee4        0x2 build/startup_stm32f103xb.o
                0x0000000008002ee4                RTC_Alarm_IRQHandler
                0x0000000008002ee4                EXTI2_IRQHandler
                0x0000000008002ee4                TIM1_CC_IRQHandler
                0x0000000008002ee4                PVD_IRQHandler
                0x0000000008002ee4                EXTI3_IRQHandler
                0x0000000008002ee4                I2C2_EV_IRQHandler
                0x0000000008002ee4                ADC1_2_IRQHandler
                0x0000000008002ee4                SPI1_IRQHandler
                0x0000000008002ee4                TAMPER_IRQHandler
                0x0000000008002ee4                DMA1_Channel4_IRQHandler
                0x0000000008002ee4                USART3_IRQHandler
                0x0000000008002ee4                RTC_IRQHandler
                0x0000000008002ee4                DMA1_Channel7_IRQHandler
                0x0000000008002ee4                CAN1_RX1_IRQHandler
                0x0000000008002ee4                TIM4_IRQHandler
                0x0000000008002ee4                I2C1_EV_IRQHandler
                0x0000000008002ee4                DMA1_Channel6_IRQHandler
                0x0000000008002ee4                TIM3_IRQHandler
                0x0000000008002ee4                RCC_IRQHandler
                0x0000000008002ee4                TIM1_TRG_COM_IRQHandler
                0x0000000008002ee4                DMA1_Channel1_IRQHandler
                0x0000000008002ee4                Default_Handler
                0x0000000008002ee4                EXTI15_10_IRQHandler
                0x0000000008002ee4                EXTI9_5_IRQHandler
                0x0000000008002ee4                SPI2_IRQHandler
                0x0000000008002ee4                DMA1_Channel5_IRQHandler
                0x0000000008002ee4                EXTI4_IRQHandler
                0x0000000008002ee4                USB_LP_CAN1_RX0_IRQHandler
                0x0000000008002ee4                USB_HP_CAN1_TX_IRQHandler
                0x0000000008002ee4                DMA1_Channel3_IRQHandler
                0x0000000008002ee4                TIM1_UP_IRQHandler
                0x0000000008002ee4                WWDG_IRQHandler
                0x0000000008002ee4                TIM2_IRQHandler
                0x0000000008002ee4                TIM1_BRK_IRQHandler
                0x0000000008002ee4                USART2_IRQHandler
                0x0000000008002ee4                I2C2_ER_IRQHandler
                0x0000000008002ee4                DMA1_Channel2_IRQHandler
                0x0000000008002ee4                CAN1_SCE_IRQHandler
                0x0000000008002ee4                FLASH_IRQHandler
                0x0000000008002ee4                USART1_IRQHandler
                0x0000000008002ee4                I2C1_ER_IRQHandler
                0x0000000008002ee4                USBWakeUp_IRQHandler
 *(.glue_7)
 .glue_7        0x0000000008002ee6        0x0 linker stubs
 *(.glue_7t)
 .glue_7t       0x0000000008002ee6        0x0 linker stubs
 *(.eh_frame)
 *fill*         0x0000000008002ee6        0x2 
 .eh_frame      0x0000000008002ee8        0x0 /usr/lib/gcc/arm-none-eabi/10.3.1/thumb/v7-m/nofp/crtbegin.o
 *(.init)
 .init          0x0000000008002ee8        0x4 /usr/lib/gcc/arm-none-eabi/10.3.1/thumb/v7-m/nofp/crti.o
                0x0000000008002ee8                _init
 .init          0x0000000008002eec        0x8 /usr/lib/gcc/arm-none-eabi/10.3.1/thumb/v7-m/nofp/crtn.o
 *(.fini)
 .fini          0x0000000008002ef4        0x4 /usr/lib/gcc/arm-none-eabi/10.3.1/thumb/v7-m/nofp/crti.o
                0x0000000008002ef4                _fini
 .fini          0x0000000008002ef8        0x8 /usr/lib/gcc/arm-none-eabi/10.3.1/thumb/v7-m/nofp/crtn.o
                0x0000000008002f00                . = ALIGN (0x4)
                0x0000000008002f00                _etext = .

.vfp11_veneer   0x0000000008002f00        0x0
 .vfp11_veneer  0x0000000008002f00        0x0 linker stubs

.v4_bx          0x0000000008002f00        0x0
 .v4_bx         0x0000000008002f00        0x0 linker stubs

.iplt           0x0000000008002f00        0x0
 .iplt          0x0000000008002f00        0x0 /usr/lib/gcc/arm-none-eabi/10.3.1/thumb/v7-m/nofp/crtbegin.o

.rodata         0x0000000008002f00     0x175c
                0x0000000008002f00                . = ALIGN (0x4)
 *(.rodata)
 *(.rodata*)
 .rodata.Font11x18
                0x0000000008002f00      0xd5c build/fonts.o
 .rodata.Font7x10
                0x0000000008003c5c      0x76c build/fonts.o
 .rodata.init_cmds1
                0x00000000080043c8       0x3b build/st7735.o
 *fill*         0x0000000008004403        0x1 
 .rodata.init_cmds2
                0x0000000008004404        0xd build/st7735.o
 *fill*         0x0000000008004411        0x3 
 .rodata.init_cmds3
                0x0000000008004414       0x2b build/st7735.o
 *fill*         0x000000000800443f        0x1 
 .rodata.initSetupData.str1.4
                0x0000000008004440        0x8 build/execution.o
 .rodata.quickMoveCommand.str1.4
                0x0000000008004448       0x12 build/execution.o
 *fill*         0x000000000800445a        0x2 
 .rodata.initMenu.str1.4
                0x000000000800445c      0x1d1 build/menu.o
                                        0x1d5 (size before relaxing)
 *fill*         0x000000000800462d        0x3 
 .rodata.AHBPrescTable
                0x0000000008004630       0x10 build/system_stm32f1xx.o
                0x0000000008004630                AHBPrescTable
 .rodata.APBPrescTable
                0x0000000008004640        0x8 build/system_stm32f1xx.o
                0x0000000008004640                APBPrescTable
 .rodata.HAL_RCC_GetSysClockFreq.str1.4
                0x0000000008004648       0x11 build/stm32f1xx_hal_rcc.o
 .rodata.HAL_RCCEx_GetPeriphCLKFreq.str1.4
                0x0000000008004659       0x11 build/stm32f1xx_hal_rcc_ex.o
                0x000000000800466c                . = ALIGN (0x4)
 *fill*         0x0000000008004659        0x3 

.rel.dyn        0x000000000800465c        0x0
 .rel.iplt      0x000000000800465c        0x0 /usr/lib/gcc/arm-none-eabi/10.3.1/thumb/v7-m/nofp/crtbegin.o

.ARM.extab
 *(.ARM.extab* .gnu.linkonce.armextab.*)

.ARM            0x000000000800465c        0x0
                0x000000000800465c                __exidx_start = .
 *(.ARM.exidx*)
                0x000000000800465c                __exidx_end = .

.preinit_array  0x000000000800465c        0x0
                0x000000000800465c                PROVIDE (__preinit_array_start = .)
 *(.preinit_array*)
                0x000000000800465c                PROVIDE (__preinit_array_end = .)

.init_array     0x000000000800465c        0x4
                0x000000000800465c                PROVIDE (__init_array_start = .)
 *(SORT_BY_NAME(.init_array.*))
 *(.init_array*)
 .init_array    0x000000000800465c        0x4 /usr/lib/gcc/arm-none-eabi/10.3.1/thumb/v7-m/nofp/crtbegin.o
                0x0000000008004660                PROVIDE (__init_array_end = .)

.fini_array     0x0000000008004660        0x4
                0x0000000008004660                PROVIDE (__fini_array_start = .)
 *(SORT_BY_NAME(.fini_array.*))
 *(.fini_array*)
 .fini_array    0x0000000008004660        0x4 /usr/lib/gcc/arm-none-eabi/10.3.1/thumb/v7-m/nofp/crtbegin.o
                0x0000000008004664                PROVIDE (__fini_array_end = .)
                0x0000000008004664                _sidata = LOADADDR (.data)

.data           0x0000000020000000       0x1c load address 0x0000000008004664
                0x0000000020000000                . = ALIGN (0x4)
                0x0000000020000000                _sdata = .
 *(.data)
 *(.data*)
 .data.Font_11x18
                0x0000000020000000        0x8 build/fonts.o
                0x0000000020000000                Font_11x18
 .data.Font_7x10
                0x0000000020000008        0x8 build/fonts.o
                0x0000000020000008                Font_7x10
 .data.SystemCoreClock
                0x0000000020000010        0x4 build/system_stm32f1xx.o
                0x0000000020000010                SystemCoreClock
 .data.uwTickFreq
                0x0000000020000014        0x1 build/stm32f1xx_hal.o
                0x0000000020000014                uwTickFreq
 *fill*         0x0000000020000015        0x3 
 .data.uwTickPrio
                0x0000000020000018        0x4 build/stm32f1xx_hal.o
                0x0000000020000018                uwTickPrio
                0x000000002000001c                . = ALIGN (0x4)
                0x000000002000001c                _edata = .

.tm_clone_table
                0x000000002000001c        0x0 load address 0x0000000008004680
 .tm_clone_table
                0x000000002000001c        0x0 /usr/lib/gcc/arm-none-eabi/10.3.1/thumb/v7-m/nofp/crtbegin.o
 .tm_clone_table
                0x000000002000001c        0x0 /usr/lib/gcc/arm-none-eabi/10.3.1/thumb/v7-m/nofp/crtend.o

.igot.plt       0x000000002000001c        0x0 load address 0x0000000008004680
 .igot.plt      0x000000002000001c        0x0 /usr/lib/gcc/arm-none-eabi/10.3.1/thumb/v7-m/nofp/crtbegin.o
                0x000000002000001c                . = ALIGN (0x4)

.bss            0x000000002000001c     0x1020 load address 0x0000000008004680
                0x000000002000001c                _sbss = .
                0x000000002000001c                __bss_start__ = _sbss
 *(.bss)
 .bss           0x000000002000001c       0x1c /usr/lib/gcc/arm-none-eabi/10.3.1/thumb/v7-m/nofp/crtbegin.o
 *(.bss*)
 .bss.hadc1     0x0000000020000038       0x30 build/adc.o
                0x0000000020000038                hadc1
 .bss.cancel_button
                0x0000000020000068        0x1 build/main.o
                0x0000000020000068                cancel_button
 .bss.select_button
                0x0000000020000069        0x1 build/main.o
                0x0000000020000069                select_button
 *fill*         0x000000002000006a        0x2 
 .bss.menu_cont
                0x000000002000006c      0x76c build/menu.o
                0x000000002000006c                menu_cont
 .bss.menu_titles
                0x00000000200007d8      0x76c build/menu.o
                0x00000000200007d8                menu_titles
 .bss.menu_transition
                0x0000000020000f44       0x13 build/menu.o
                0x0000000020000f44                menu_transition
 *fill*         0x0000000020000f57        0x1 
 .bss.hspi2     0x0000000020000f58       0x58 build/spi.o
                0x0000000020000f58                hspi2
 .bss.huart1    0x0000000020000fb0       0x44 build/usart.o
                0x0000000020000fb0                huart1
 .bss.huart3    0x0000000020000ff4       0x44 build/usart.o
                0x0000000020000ff4                huart3
 .bss.uwTick    0x0000000020001038        0x4 build/stm32f1xx_hal.o
                0x0000000020001038                uwTick
 *(COMMON)
                0x000000002000103c                . = ALIGN (0x4)
                0x000000002000103c                _ebss = .
                0x000000002000103c                __bss_end__ = _ebss

._user_heap_stack
                0x000000002000103c      0x604 load address 0x0000000008004680
                0x0000000020001040                . = ALIGN (0x8)
 *fill*         0x000000002000103c        0x4 
                0x0000000020001040                PROVIDE (end = .)
                [!provide]                        PROVIDE (_end = .)
                0x0000000020001240                . = (. + _Min_Heap_Size)
 *fill*         0x0000000020001040      0x200 
                0x0000000020001640                . = (. + _Min_Stack_Size)
 *fill*         0x0000000020001240      0x400 
                0x0000000020001640                . = ALIGN (0x8)

/DISCARD/
 libc.a(*)
 libm.a(*)
 libgcc.a(*)

.ARM.attributes
                0x0000000000000000       0x29
 *(.ARM.attributes)
 .ARM.attributes
                0x0000000000000000       0x1d /usr/lib/gcc/arm-none-eabi/10.3.1/thumb/v7-m/nofp/crti.o
 .ARM.attributes
                0x000000000000001d       0x2d /usr/lib/gcc/arm-none-eabi/10.3.1/thumb/v7-m/nofp/crtbegin.o
 .ARM.attributes
                0x000000000000004a       0x33 build/fonts.o
 .ARM.attributes
                0x000000000000007d       0x2d build/st7735.o
 .ARM.attributes
                0x00000000000000aa       0x2d build/adc.o
 .ARM.attributes
                0x00000000000000d7       0x2d build/comm_interface.o
 .ARM.attributes
                0x0000000000000104       0x2d build/execution.o
 .ARM.attributes
                0x0000000000000131       0x2d build/gpio.o
 .ARM.attributes
                0x000000000000015e       0x2d build/joypad.o
 .ARM.attributes
                0x000000000000018b       0x2d build/main.o
 .ARM.attributes
                0x00000000000001b8       0x2d build/menu.o
 .ARM.attributes
                0x00000000000001e5       0x2d build/spi.o
 .ARM.attributes
                0x0000000000000212       0x2d build/stm32f1xx_hal_msp.o
 .ARM.attributes
                0x000000000000023f       0x2d build/stm32f1xx_it.o
 .ARM.attributes
                0x000000000000026c       0x2d build/system_stm32f1xx.o
 .ARM.attributes
                0x0000000000000299       0x2d build/usart.o
 .ARM.attributes
                0x00000000000002c6       0x2d build/utils.o
 .ARM.attributes
                0x00000000000002f3       0x2d build/stm32f1xx_hal.o
 .ARM.attributes
                0x0000000000000320       0x2d build/stm32f1xx_hal_adc.o
 .ARM.attributes
                0x000000000000034d       0x2d build/stm32f1xx_hal_cortex.o
 .ARM.attributes
                0x000000000000037a       0x2d build/stm32f1xx_hal_gpio.o
 .ARM.attributes
                0x00000000000003a7       0x2d build/stm32f1xx_hal_rcc.o
 .ARM.attributes
                0x00000000000003d4       0x2d build/stm32f1xx_hal_rcc_ex.o
 .ARM.attributes
                0x0000000000000401       0x2d build/stm32f1xx_hal_spi.o
 .ARM.attributes
                0x000000000000042e       0x2d build/stm32f1xx_hal_uart.o
 .ARM.attributes
                0x000000000000045b       0x21 build/startup_stm32f103xb.o
 .ARM.attributes
                0x000000000000047c       0x2d /usr/lib/gcc/arm-none-eabi/10.3.1/../../../arm-none-eabi/lib/thumb/v7-m/nofp/libc_nano.a(lib_a-init.o)
 .ARM.attributes
                0x00000000000004a9       0x2d /usr/lib/gcc/arm-none-eabi/10.3.1/../../../arm-none-eabi/lib/thumb/v7-m/nofp/libc_nano.a(lib_a-memset.o)
 .ARM.attributes
                0x00000000000004d6       0x2d /usr/lib/gcc/arm-none-eabi/10.3.1/../../../arm-none-eabi/lib/thumb/v7-m/nofp/libc_nano.a(lib_a-strcat.o)
 .ARM.attributes
                0x0000000000000503       0x2d /usr/lib/gcc/arm-none-eabi/10.3.1/../../../arm-none-eabi/lib/thumb/v7-m/nofp/libc_nano.a(lib_a-strcpy.o)
 .ARM.attributes
                0x0000000000000530       0x2d /usr/lib/gcc/arm-none-eabi/10.3.1/../../../arm-none-eabi/lib/thumb/v7-m/nofp/libc_nano.a(lib_a-strlen-stub.o)
 .ARM.attributes
                0x000000000000055d       0x2d /usr/lib/gcc/arm-none-eabi/10.3.1/../../../arm-none-eabi/lib/thumb/v7-m/nofp/libc_nano.a(lib_a-strncpy.o)
 .ARM.attributes
                0x000000000000058a       0x1d /usr/lib/gcc/arm-none-eabi/10.3.1/thumb/v7-m/nofp/libgcc.a(_arm_mulsf3.o)
 .ARM.attributes
                0x00000000000005a7       0x1d /usr/lib/gcc/arm-none-eabi/10.3.1/thumb/v7-m/nofp/libgcc.a(_arm_cmpsf2.o)
 .ARM.attributes
                0x00000000000005c4       0x1d /usr/lib/gcc/arm-none-eabi/10.3.1/thumb/v7-m/nofp/libgcc.a(_arm_fixunssfsi.o)
 .ARM.attributes
                0x00000000000005e1       0x2d /usr/lib/gcc/arm-none-eabi/10.3.1/thumb/v7-m/nofp/crtend.o
 .ARM.attributes
                0x000000000000060e       0x1d /usr/lib/gcc/arm-none-eabi/10.3.1/thumb/v7-m/nofp/crtn.o
OUTPUT(build/flasher_interface.elf elf32-littlearm)
LOAD linker stubs
LOAD /usr/lib/gcc/arm-none-eabi/10.3.1/../../../arm-none-eabi/lib/thumb/v7-m/nofp/libc.a
LOAD /usr/lib/gcc/arm-none-eabi/10.3.1/../../../arm-none-eabi/lib/thumb/v7-m/nofp/libm.a
LOAD /usr/lib/gcc/arm-none-eabi/10.3.1/thumb/v7-m/nofp/libgcc.a

.comment        0x0000000000000000       0x33
 .comment       0x0000000000000000       0x33 /usr/lib/gcc/arm-none-eabi/10.3.1/thumb/v7-m/nofp/crtbegin.o
                                         0x34 (size before relaxing)
 .comment       0x0000000000000033       0x34 build/fonts.o
 .comment       0x0000000000000033       0x34 build/st7735.o
 .comment       0x0000000000000033       0x34 build/adc.o
 .comment       0x0000000000000033       0x34 build/comm_interface.o
 .comment       0x0000000000000033       0x34 build/execution.o
 .comment       0x0000000000000033       0x34 build/gpio.o
 .comment       0x0000000000000033       0x34 build/joypad.o
 .comment       0x0000000000000033       0x34 build/main.o
 .comment       0x0000000000000033       0x34 build/menu.o
 .comment       0x0000000000000033       0x34 build/spi.o
 .comment       0x0000000000000033       0x34 build/stm32f1xx_hal_msp.o
 .comment       0x0000000000000033       0x34 build/stm32f1xx_it.o
 .comment       0x0000000000000033       0x34 build/system_stm32f1xx.o
 .comment       0x0000000000000033       0x34 build/usart.o
 .comment       0x0000000000000033       0x34 build/utils.o
 .comment       0x0000000000000033       0x34 build/stm32f1xx_hal.o
 .comment       0x0000000000000033       0x34 build/stm32f1xx_hal_adc.o
 .comment       0x0000000000000033       0x34 build/stm32f1xx_hal_cortex.o
 .comment       0x0000000000000033       0x34 build/stm32f1xx_hal_gpio.o
 .comment       0x0000000000000033       0x34 build/stm32f1xx_hal_rcc.o
 .comment       0x0000000000000033       0x34 build/stm32f1xx_hal_rcc_ex.o
 .comment       0x0000000000000033       0x34 build/stm32f1xx_hal_spi.o
 .comment       0x0000000000000033       0x34 build/stm32f1xx_hal_uart.o
 .comment       0x0000000000000033       0x34 /usr/lib/gcc/arm-none-eabi/10.3.1/../../../arm-none-eabi/lib/thumb/v7-m/nofp/libc_nano.a(lib_a-init.o)
 .comment       0x0000000000000033       0x34 /usr/lib/gcc/arm-none-eabi/10.3.1/../../../arm-none-eabi/lib/thumb/v7-m/nofp/libc_nano.a(lib_a-memset.o)
 .comment       0x0000000000000033       0x34 /usr/lib/gcc/arm-none-eabi/10.3.1/../../../arm-none-eabi/lib/thumb/v7-m/nofp/libc_nano.a(lib_a-strcat.o)
 .comment       0x0000000000000033       0x34 /usr/lib/gcc/arm-none-eabi/10.3.1/../../../arm-none-eabi/lib/thumb/v7-m/nofp/libc_nano.a(lib_a-strcpy.o)
 .comment       0x0000000000000033       0x34 /usr/lib/gcc/arm-none-eabi/10.3.1/../../../arm-none-eabi/lib/thumb/v7-m/nofp/libc_nano.a(lib_a-strlen-stub.o)
 .comment       0x0000000000000033       0x34 /usr/lib/gcc/arm-none-eabi/10.3.1/../../../arm-none-eabi/lib/thumb/v7-m/nofp/libc_nano.a(lib_a-strncpy.o)
 .comment       0x0000000000000033       0x34 /usr/lib/gcc/arm-none-eabi/10.3.1/thumb/v7-m/nofp/crtend.o

.debug_info     0x0000000000000000     0xecdd
 .debug_info    0x0000000000000000      0x192 build/fonts.o
 .debug_info    0x0000000000000192     0x1410 build/st7735.o
 .debug_info    0x00000000000015a2      0x870 build/adc.o
 .debug_info    0x0000000000001e12      0x7a7 build/comm_interface.o
 .debug_info    0x00000000000025b9      0xad0 build/execution.o
 .debug_info    0x0000000000003089      0x4ff build/gpio.o
 .debug_info    0x0000000000003588      0x5cb build/joypad.o
 .debug_info    0x0000000000003b53      0xc2b build/main.o
 .debug_info    0x000000000000477e      0xd73 build/menu.o
 .debug_info    0x00000000000054f1      0x83b build/spi.o
 .debug_info    0x0000000000005d2c      0x177 build/stm32f1xx_hal_msp.o
 .debug_info    0x0000000000005ea3      0x19b build/stm32f1xx_it.o
 .debug_info    0x000000000000603e      0x230 build/system_stm32f1xx.o
 .debug_info    0x000000000000626e      0x8e7 build/usart.o
 .debug_info    0x0000000000006b55      0x85c build/utils.o
 .debug_info    0x00000000000073b1      0x79c build/stm32f1xx_hal.o
 .debug_info    0x0000000000007b4d      0xef8 build/stm32f1xx_hal_adc.o
 .debug_info    0x0000000000008a45      0xd66 build/stm32f1xx_hal_cortex.o
 .debug_info    0x00000000000097ab      0x657 build/stm32f1xx_hal_gpio.o
 .debug_info    0x0000000000009e02      0xa12 build/stm32f1xx_hal_rcc.o
 .debug_info    0x000000000000a814      0x42b build/stm32f1xx_hal_rcc_ex.o
 .debug_info    0x000000000000ac3f     0x1d4c build/stm32f1xx_hal_spi.o
 .debug_info    0x000000000000c98b     0x1c67 build/stm32f1xx_hal_uart.o
 .debug_info    0x000000000000e5f2       0x30 build/startup_stm32f103xb.o
 .debug_info    0x000000000000e622      0x11a /usr/lib/gcc/arm-none-eabi/10.3.1/../../../arm-none-eabi/lib/thumb/v7-m/nofp/libc_nano.a(lib_a-init.o)
 .debug_info    0x000000000000e73c      0x137 /usr/lib/gcc/arm-none-eabi/10.3.1/../../../arm-none-eabi/lib/thumb/v7-m/nofp/libc_nano.a(lib_a-memset.o)
 .debug_info    0x000000000000e873      0x125 /usr/lib/gcc/arm-none-eabi/10.3.1/../../../arm-none-eabi/lib/thumb/v7-m/nofp/libc_nano.a(lib_a-strcat.o)
 .debug_info    0x000000000000e998       0xc4 /usr/lib/gcc/arm-none-eabi/10.3.1/../../../arm-none-eabi/lib/thumb/v7-m/nofp/libc_nano.a(lib_a-strcpy.o)
 .debug_info    0x000000000000ea5c       0xbc /usr/lib/gcc/arm-none-eabi/10.3.1/../../../arm-none-eabi/lib/thumb/v7-m/nofp/libc_nano.a(lib_a-strlen-stub.o)
 .debug_info    0x000000000000eb18      0x153 /usr/lib/gcc/arm-none-eabi/10.3.1/../../../arm-none-eabi/lib/thumb/v7-m/nofp/libc_nano.a(lib_a-strncpy.o)
 .debug_info    0x000000000000ec6b       0x26 /usr/lib/gcc/arm-none-eabi/10.3.1/thumb/v7-m/nofp/libgcc.a(_arm_mulsf3.o)
 .debug_info    0x000000000000ec91       0x26 /usr/lib/gcc/arm-none-eabi/10.3.1/thumb/v7-m/nofp/libgcc.a(_arm_cmpsf2.o)
 .debug_info    0x000000000000ecb7       0x26 /usr/lib/gcc/arm-none-eabi/10.3.1/thumb/v7-m/nofp/libgcc.a(_arm_fixunssfsi.o)

.debug_abbrev   0x0000000000000000     0x2e7c
 .debug_abbrev  0x0000000000000000       0xaa build/fonts.o
 .debug_abbrev  0x00000000000000aa      0x2d4 build/st7735.o
 .debug_abbrev  0x000000000000037e      0x1c1 build/adc.o
 .debug_abbrev  0x000000000000053f      0x1c1 build/comm_interface.o
 .debug_abbrev  0x0000000000000700      0x1ec build/execution.o
 .debug_abbrev  0x00000000000008ec      0x158 build/gpio.o
 .debug_abbrev  0x0000000000000a44      0x17a build/joypad.o
 .debug_abbrev  0x0000000000000bbe      0x246 build/main.o
 .debug_abbrev  0x0000000000000e04      0x1ea build/menu.o
 .debug_abbrev  0x0000000000000fee      0x1c1 build/spi.o
 .debug_abbrev  0x00000000000011af       0xbf build/stm32f1xx_hal_msp.o
 .debug_abbrev  0x000000000000126e       0xb7 build/stm32f1xx_it.o
 .debug_abbrev  0x0000000000001325      0x13e build/system_stm32f1xx.o
 .debug_abbrev  0x0000000000001463      0x1c1 build/usart.o
 .debug_abbrev  0x0000000000001624      0x21a build/utils.o
 .debug_abbrev  0x000000000000183e      0x1f4 build/stm32f1xx_hal.o
 .debug_abbrev  0x0000000000001a32      0x1fc build/stm32f1xx_hal_adc.o
 .debug_abbrev  0x0000000000001c2e      0x341 build/stm32f1xx_hal_cortex.o
 .debug_abbrev  0x0000000000001f6f      0x1e6 build/stm32f1xx_hal_gpio.o
 .debug_abbrev  0x0000000000002155      0x27a build/stm32f1xx_hal_rcc.o
 .debug_abbrev  0x00000000000023cf      0x1d2 build/stm32f1xx_hal_rcc_ex.o
 .debug_abbrev  0x00000000000025a1      0x23b build/stm32f1xx_hal_spi.o
 .debug_abbrev  0x00000000000027dc      0x254 build/stm32f1xx_hal_uart.o
 .debug_abbrev  0x0000000000002a30       0x1d build/startup_stm32f103xb.o
 .debug_abbrev  0x0000000000002a4d       0xcc /usr/lib/gcc/arm-none-eabi/10.3.1/../../../arm-none-eabi/lib/thumb/v7-m/nofp/libc_nano.a(lib_a-init.o)
 .debug_abbrev  0x0000000000002b19       0xb4 /usr/lib/gcc/arm-none-eabi/10.3.1/../../../arm-none-eabi/lib/thumb/v7-m/nofp/libc_nano.a(lib_a-memset.o)
 .debug_abbrev  0x0000000000002bcd       0xc4 /usr/lib/gcc/arm-none-eabi/10.3.1/../../../arm-none-eabi/lib/thumb/v7-m/nofp/libc_nano.a(lib_a-strcat.o)
 .debug_abbrev  0x0000000000002c91       0x7b /usr/lib/gcc/arm-none-eabi/10.3.1/../../../arm-none-eabi/lib/thumb/v7-m/nofp/libc_nano.a(lib_a-strcpy.o)
 .debug_abbrev  0x0000000000002d0c       0x79 /usr/lib/gcc/arm-none-eabi/10.3.1/../../../arm-none-eabi/lib/thumb/v7-m/nofp/libc_nano.a(lib_a-strlen-stub.o)
 .debug_abbrev  0x0000000000002d85       0xbb /usr/lib/gcc/arm-none-eabi/10.3.1/../../../arm-none-eabi/lib/thumb/v7-m/nofp/libc_nano.a(lib_a-strncpy.o)
 .debug_abbrev  0x0000000000002e40       0x14 /usr/lib/gcc/arm-none-eabi/10.3.1/thumb/v7-m/nofp/libgcc.a(_arm_mulsf3.o)
 .debug_abbrev  0x0000000000002e54       0x14 /usr/lib/gcc/arm-none-eabi/10.3.1/thumb/v7-m/nofp/libgcc.a(_arm_cmpsf2.o)
 .debug_abbrev  0x0000000000002e68       0x14 /usr/lib/gcc/arm-none-eabi/10.3.1/thumb/v7-m/nofp/libgcc.a(_arm_fixunssfsi.o)

.debug_aranges  0x0000000000000000      0xc20
 .debug_aranges
                0x0000000000000000       0x18 build/fonts.o
 .debug_aranges
                0x0000000000000018       0xb0 build/st7735.o
 .debug_aranges
                0x00000000000000c8       0x30 build/adc.o
 .debug_aranges
                0x00000000000000f8       0x38 build/comm_interface.o
 .debug_aranges
                0x0000000000000130       0x50 build/execution.o
 .debug_aranges
                0x0000000000000180       0x20 build/gpio.o
 .debug_aranges
                0x00000000000001a0       0x20 build/joypad.o
 .debug_aranges
                0x00000000000001c0       0x38 build/main.o
 .debug_aranges
                0x00000000000001f8       0x40 build/menu.o
 .debug_aranges
                0x0000000000000238       0x30 build/spi.o
 .debug_aranges
                0x0000000000000268       0x20 build/stm32f1xx_hal_msp.o
 .debug_aranges
                0x0000000000000288       0x70 build/stm32f1xx_it.o
 .debug_aranges
                0x00000000000002f8       0x28 build/system_stm32f1xx.o
 .debug_aranges
                0x0000000000000320       0x38 build/usart.o
 .debug_aranges
                0x0000000000000358       0x38 build/utils.o
 .debug_aranges
                0x0000000000000390       0xe0 build/stm32f1xx_hal.o
 .debug_aranges
                0x0000000000000470       0xf0 build/stm32f1xx_hal_adc.o
 .debug_aranges
                0x0000000000000560       0x90 build/stm32f1xx_hal_cortex.o
 .debug_aranges
                0x00000000000005f0       0x58 build/stm32f1xx_hal_gpio.o
 .debug_aranges
                0x0000000000000648       0x90 build/stm32f1xx_hal_rcc.o
 .debug_aranges
                0x00000000000006d8       0x30 build/stm32f1xx_hal_rcc_ex.o
 .debug_aranges
                0x0000000000000708      0x1d0 build/stm32f1xx_hal_spi.o
 .debug_aranges
                0x00000000000008d8      0x200 build/stm32f1xx_hal_uart.o
 .debug_aranges
                0x0000000000000ad8       0x28 build/startup_stm32f103xb.o
 .debug_aranges
                0x0000000000000b00       0x20 /usr/lib/gcc/arm-none-eabi/10.3.1/../../../arm-none-eabi/lib/thumb/v7-m/nofp/libc_nano.a(lib_a-init.o)
 .debug_aranges
                0x0000000000000b20       0x20 /usr/lib/gcc/arm-none-eabi/10.3.1/../../../arm-none-eabi/lib/thumb/v7-m/nofp/libc_nano.a(lib_a-memset.o)
 .debug_aranges
                0x0000000000000b40       0x20 /usr/lib/gcc/arm-none-eabi/10.3.1/../../../arm-none-eabi/lib/thumb/v7-m/nofp/libc_nano.a(lib_a-strcat.o)
 .debug_aranges
                0x0000000000000b60       0x20 /usr/lib/gcc/arm-none-eabi/10.3.1/../../../arm-none-eabi/lib/thumb/v7-m/nofp/libc_nano.a(lib_a-strcpy.o)
 .debug_aranges
                0x0000000000000b80       0x20 /usr/lib/gcc/arm-none-eabi/10.3.1/../../../arm-none-eabi/lib/thumb/v7-m/nofp/libc_nano.a(lib_a-strlen-stub.o)
 .debug_aranges
                0x0000000000000ba0       0x20 /usr/lib/gcc/arm-none-eabi/10.3.1/../../../arm-none-eabi/lib/thumb/v7-m/nofp/libc_nano.a(lib_a-strncpy.o)
 .debug_aranges
                0x0000000000000bc0       0x20 /usr/lib/gcc/arm-none-eabi/10.3.1/thumb/v7-m/nofp/libgcc.a(_arm_mulsf3.o)
 .debug_aranges
                0x0000000000000be0       0x20 /usr/lib/gcc/arm-none-eabi/10.3.1/thumb/v7-m/nofp/libgcc.a(_arm_cmpsf2.o)
 .debug_aranges
                0x0000000000000c00       0x20 /usr/lib/gcc/arm-none-eabi/10.3.1/thumb/v7-m/nofp/libgcc.a(_arm_fixunssfsi.o)

.debug_line     0x0000000000000000     0xa1d2
 .debug_line    0x0000000000000000       0x79 build/fonts.o
 .debug_line    0x0000000000000079      0x79d build/st7735.o
 .debug_line    0x0000000000000816      0x280 build/adc.o
 .debug_line    0x0000000000000a96      0x1ba build/comm_interface.o
 .debug_line    0x0000000000000c50      0x3f8 build/execution.o
 .debug_line    0x0000000000001048      0x186 build/gpio.o
 .debug_line    0x00000000000011ce      0x167 build/joypad.o
 .debug_line    0x0000000000001335      0x3bd build/main.o
 .debug_line    0x00000000000016f2      0x3a1 build/menu.o
 .debug_line    0x0000000000001a93      0x24e build/spi.o
 .debug_line    0x0000000000001ce1       0xd1 build/stm32f1xx_hal_msp.o
 .debug_line    0x0000000000001db2      0x1f7 build/stm32f1xx_it.o
 .debug_line    0x0000000000001fa9      0x1a1 build/system_stm32f1xx.o
 .debug_line    0x000000000000214a      0x317 build/usart.o
 .debug_line    0x0000000000002461      0x2e5 build/utils.o
 .debug_line    0x0000000000002746      0x489 build/stm32f1xx_hal.o
 .debug_line    0x0000000000002bcf      0xe47 build/stm32f1xx_hal_adc.o
 .debug_line    0x0000000000003a16      0x594 build/stm32f1xx_hal_cortex.o
 .debug_line    0x0000000000003faa      0x53e build/stm32f1xx_hal_gpio.o
 .debug_line    0x00000000000044e8      0xb87 build/stm32f1xx_hal_rcc.o
 .debug_line    0x000000000000506f      0x3f9 build/stm32f1xx_hal_rcc_ex.o
 .debug_line    0x0000000000005468     0x23c5 build/stm32f1xx_hal_spi.o
 .debug_line    0x000000000000782d     0x2016 build/stm32f1xx_hal_uart.o
 .debug_line    0x0000000000009843       0x75 build/startup_stm32f103xb.o
 .debug_line    0x00000000000098b8      0x13f /usr/lib/gcc/arm-none-eabi/10.3.1/../../../arm-none-eabi/lib/thumb/v7-m/nofp/libc_nano.a(lib_a-init.o)
 .debug_line    0x00000000000099f7      0x1bf /usr/lib/gcc/arm-none-eabi/10.3.1/../../../arm-none-eabi/lib/thumb/v7-m/nofp/libc_nano.a(lib_a-memset.o)
 .debug_line    0x0000000000009bb6       0xf1 /usr/lib/gcc/arm-none-eabi/10.3.1/../../../arm-none-eabi/lib/thumb/v7-m/nofp/libc_nano.a(lib_a-strcat.o)
 .debug_line    0x0000000000009ca7       0xb9 /usr/lib/gcc/arm-none-eabi/10.3.1/../../../arm-none-eabi/lib/thumb/v7-m/nofp/libc_nano.a(lib_a-strcpy.o)
 .debug_line    0x0000000000009d60       0xf4 /usr/lib/gcc/arm-none-eabi/10.3.1/../../../arm-none-eabi/lib/thumb/v7-m/nofp/libc_nano.a(lib_a-strlen-stub.o)
 .debug_line    0x0000000000009e54      0x184 /usr/lib/gcc/arm-none-eabi/10.3.1/../../../arm-none-eabi/lib/thumb/v7-m/nofp/libc_nano.a(lib_a-strncpy.o)
 .debug_line    0x0000000000009fd8       0xd4 /usr/lib/gcc/arm-none-eabi/10.3.1/thumb/v7-m/nofp/libgcc.a(_arm_mulsf3.o)
 .debug_line    0x000000000000a0ac       0xb1 /usr/lib/gcc/arm-none-eabi/10.3.1/thumb/v7-m/nofp/libgcc.a(_arm_cmpsf2.o)
 .debug_line    0x000000000000a15d       0x75 /usr/lib/gcc/arm-none-eabi/10.3.1/thumb/v7-m/nofp/libgcc.a(_arm_fixunssfsi.o)

.debug_str      0x0000000000000000     0x3589
 .debug_str     0x0000000000000000      0x186 build/fonts.o
                                        0x1bf (size before relaxing)
 .debug_str     0x0000000000000186      0x656 build/st7735.o
                                        0x820 (size before relaxing)
 .debug_str     0x00000000000007dc      0x27c build/adc.o
                                        0x5eb (size before relaxing)
 .debug_str     0x0000000000000a58      0x2ec build/comm_interface.o
                                        0x6a3 (size before relaxing)
 .debug_str     0x0000000000000d44      0x10a build/execution.o
                                        0x752 (size before relaxing)
 .debug_str     0x0000000000000e4e      0x31a build/gpio.o
                                        0x546 (size before relaxing)
 .debug_str     0x0000000000001168       0x59 build/joypad.o
                                        0x4cd (size before relaxing)
 .debug_str     0x00000000000011c1      0x44a build/main.o
                                        0xaf3 (size before relaxing)
 .debug_str     0x000000000000160b       0x74 build/menu.o
                                        0x8df (size before relaxing)
 .debug_str     0x000000000000167f       0x48 build/spi.o
                                        0x64d (size before relaxing)
 .debug_str     0x00000000000016c7       0x29 build/stm32f1xx_hal_msp.o
                                        0x1c8 (size before relaxing)
 .debug_str     0x00000000000016f0       0xef build/stm32f1xx_it.o
                                        0x248 (size before relaxing)
 .debug_str     0x00000000000017df       0x7b build/system_stm32f1xx.o
                                        0x21c (size before relaxing)
 .debug_str     0x000000000000185a       0x4e build/usart.o
                                        0x675 (size before relaxing)
 .debug_str     0x00000000000018a8       0xa6 build/utils.o
                                        0x64e (size before relaxing)
 .debug_str     0x000000000000194e      0x2eb build/stm32f1xx_hal.o
                                        0x7f6 (size before relaxing)
 .debug_str     0x0000000000001c39      0x2fb build/stm32f1xx_hal_adc.o
                                        0x89b (size before relaxing)
 .debug_str     0x0000000000001f34      0x3af build/stm32f1xx_hal_cortex.o
                                        0x891 (size before relaxing)
 .debug_str     0x00000000000022e3      0x102 build/stm32f1xx_hal_gpio.o
                                        0x3c7 (size before relaxing)
 .debug_str     0x00000000000023e5      0x1e2 build/stm32f1xx_hal_rcc.o
                                        0x5e8 (size before relaxing)
 .debug_str     0x00000000000025c7       0x81 build/stm32f1xx_hal_rcc_ex.o
                                        0x39b (size before relaxing)
 .debug_str     0x0000000000002648      0x51f build/stm32f1xx_hal_spi.o
                                        0xb24 (size before relaxing)
 .debug_str     0x0000000000002b67      0x5c7 build/stm32f1xx_hal_uart.o
                                        0xc4b (size before relaxing)
 .debug_str     0x000000000000312e       0x30 build/startup_stm32f103xb.o
                                         0x58 (size before relaxing)
 .debug_str     0x000000000000315e      0x161 /usr/lib/gcc/arm-none-eabi/10.3.1/../../../arm-none-eabi/lib/thumb/v7-m/nofp/libc_nano.a(lib_a-init.o)
                                        0x203 (size before relaxing)
 .debug_str     0x00000000000032bf       0xa6 /usr/lib/gcc/arm-none-eabi/10.3.1/../../../arm-none-eabi/lib/thumb/v7-m/nofp/libc_nano.a(lib_a-memset.o)
                                        0x1b8 (size before relaxing)
 .debug_str     0x0000000000003365       0x46 /usr/lib/gcc/arm-none-eabi/10.3.1/../../../arm-none-eabi/lib/thumb/v7-m/nofp/libc_nano.a(lib_a-strcat.o)
                                        0x1af (size before relaxing)
 .debug_str     0x00000000000033ab       0x9f /usr/lib/gcc/arm-none-eabi/10.3.1/../../../arm-none-eabi/lib/thumb/v7-m/nofp/libc_nano.a(lib_a-strcpy.o)
                                        0x1aa (size before relaxing)
 .debug_str     0x000000000000344a       0x41 /usr/lib/gcc/arm-none-eabi/10.3.1/../../../arm-none-eabi/lib/thumb/v7-m/nofp/libc_nano.a(lib_a-strlen-stub.o)
                                        0x1b6 (size before relaxing)
 .debug_str     0x000000000000348b       0x57 /usr/lib/gcc/arm-none-eabi/10.3.1/../../../arm-none-eabi/lib/thumb/v7-m/nofp/libc_nano.a(lib_a-strncpy.o)
                                        0x1ce (size before relaxing)
 .debug_str     0x00000000000034e2       0xa7 /usr/lib/gcc/arm-none-eabi/10.3.1/thumb/v7-m/nofp/libgcc.a(_arm_mulsf3.o)
 .debug_str     0x0000000000003589       0xa7 /usr/lib/gcc/arm-none-eabi/10.3.1/thumb/v7-m/nofp/libgcc.a(_arm_cmpsf2.o)
 .debug_str     0x0000000000003589       0xa7 /usr/lib/gcc/arm-none-eabi/10.3.1/thumb/v7-m/nofp/libgcc.a(_arm_fixunssfsi.o)

.debug_loc      0x0000000000000000     0x79d2
 .debug_loc     0x0000000000000000      0xa35 build/st7735.o
 .debug_loc     0x0000000000000a35       0x84 build/adc.o
 .debug_loc     0x0000000000000ab9       0xa1 build/comm_interface.o
 .debug_loc     0x0000000000000b5a      0x255 build/execution.o
 .debug_loc     0x0000000000000daf       0x32 build/joypad.o
 .debug_loc     0x0000000000000de1       0x56 build/main.o
 .debug_loc     0x0000000000000e37      0x221 build/menu.o
 .debug_loc     0x0000000000001058       0x84 build/spi.o
 .debug_loc     0x00000000000010dc       0xff build/system_stm32f1xx.o
 .debug_loc     0x00000000000011db       0xbe build/usart.o
 .debug_loc     0x0000000000001299      0x26a build/utils.o
 .debug_loc     0x0000000000001503      0x141 build/stm32f1xx_hal.o
 .debug_loc     0x0000000000001644      0xad9 build/stm32f1xx_hal_adc.o
 .debug_loc     0x000000000000211d      0x71f build/stm32f1xx_hal_cortex.o
 .debug_loc     0x000000000000283c      0x47d build/stm32f1xx_hal_gpio.o
 .debug_loc     0x0000000000002cb9      0x63e build/stm32f1xx_hal_rcc.o
 .debug_loc     0x00000000000032f7      0x3c8 build/stm32f1xx_hal_rcc_ex.o
 .debug_loc     0x00000000000036bf     0x1d4e build/stm32f1xx_hal_spi.o
 .debug_loc     0x000000000000540d     0x2037 build/stm32f1xx_hal_uart.o
 .debug_loc     0x0000000000007444       0xba /usr/lib/gcc/arm-none-eabi/10.3.1/../../../arm-none-eabi/lib/thumb/v7-m/nofp/libc_nano.a(lib_a-init.o)
 .debug_loc     0x00000000000074fe      0x22c /usr/lib/gcc/arm-none-eabi/10.3.1/../../../arm-none-eabi/lib/thumb/v7-m/nofp/libc_nano.a(lib_a-memset.o)
 .debug_loc     0x000000000000772a       0xc3 /usr/lib/gcc/arm-none-eabi/10.3.1/../../../arm-none-eabi/lib/thumb/v7-m/nofp/libc_nano.a(lib_a-strcat.o)
 .debug_loc     0x00000000000077ed       0x25 /usr/lib/gcc/arm-none-eabi/10.3.1/../../../arm-none-eabi/lib/thumb/v7-m/nofp/libc_nano.a(lib_a-strcpy.o)
 .debug_loc     0x0000000000007812       0x25 /usr/lib/gcc/arm-none-eabi/10.3.1/../../../arm-none-eabi/lib/thumb/v7-m/nofp/libc_nano.a(lib_a-strlen-stub.o)
 .debug_loc     0x0000000000007837      0x19b /usr/lib/gcc/arm-none-eabi/10.3.1/../../../arm-none-eabi/lib/thumb/v7-m/nofp/libc_nano.a(lib_a-strncpy.o)

.debug_ranges   0x0000000000000000      0xa50
 .debug_ranges  0x0000000000000000       0xb8 build/st7735.o
 .debug_ranges  0x00000000000000b8       0x20 build/adc.o
 .debug_ranges  0x00000000000000d8       0x28 build/comm_interface.o
 .debug_ranges  0x0000000000000100       0x40 build/execution.o
 .debug_ranges  0x0000000000000140       0x10 build/gpio.o
 .debug_ranges  0x0000000000000150       0x10 build/joypad.o
 .debug_ranges  0x0000000000000160       0x28 build/main.o
 .debug_ranges  0x0000000000000188       0x30 build/menu.o
 .debug_ranges  0x00000000000001b8       0x20 build/spi.o
 .debug_ranges  0x00000000000001d8       0x10 build/stm32f1xx_hal_msp.o
 .debug_ranges  0x00000000000001e8       0x60 build/stm32f1xx_it.o
 .debug_ranges  0x0000000000000248       0x18 build/system_stm32f1xx.o
 .debug_ranges  0x0000000000000260       0x28 build/usart.o
 .debug_ranges  0x0000000000000288       0x28 build/utils.o
 .debug_ranges  0x00000000000002b0       0xd0 build/stm32f1xx_hal.o
 .debug_ranges  0x0000000000000380       0xe0 build/stm32f1xx_hal_adc.o
 .debug_ranges  0x0000000000000460       0xe0 build/stm32f1xx_hal_cortex.o
 .debug_ranges  0x0000000000000540       0x48 build/stm32f1xx_hal_gpio.o
 .debug_ranges  0x0000000000000588       0xa0 build/stm32f1xx_hal_rcc.o
 .debug_ranges  0x0000000000000628       0x38 build/stm32f1xx_hal_rcc_ex.o
 .debug_ranges  0x0000000000000660      0x1c0 build/stm32f1xx_hal_spi.o
 .debug_ranges  0x0000000000000820      0x1f0 build/stm32f1xx_hal_uart.o
 .debug_ranges  0x0000000000000a10       0x20 build/startup_stm32f103xb.o
 .debug_ranges  0x0000000000000a30       0x10 /usr/lib/gcc/arm-none-eabi/10.3.1/../../../arm-none-eabi/lib/thumb/v7-m/nofp/libc_nano.a(lib_a-strcpy.o)
 .debug_ranges  0x0000000000000a40       0x10 /usr/lib/gcc/arm-none-eabi/10.3.1/../../../arm-none-eabi/lib/thumb/v7-m/nofp/libc_nano.a(lib_a-strlen-stub.o)

.debug_frame    0x0000000000000000     0x1e10
 .debug_frame   0x0000000000000000      0x2a0 build/st7735.o
 .debug_frame   0x00000000000002a0       0x68 build/adc.o
 .debug_frame   0x0000000000000308       0x5c build/comm_interface.o
 .debug_frame   0x0000000000000364       0xc8 build/execution.o
 .debug_frame   0x000000000000042c       0x38 build/gpio.o
 .debug_frame   0x0000000000000464       0x2c build/joypad.o
 .debug_frame   0x0000000000000490       0x6c build/main.o
 .debug_frame   0x00000000000004fc       0x98 build/menu.o
 .debug_frame   0x0000000000000594       0x60 build/spi.o
 .debug_frame   0x00000000000005f4       0x28 build/stm32f1xx_hal_msp.o
 .debug_frame   0x000000000000061c       0xd8 build/stm32f1xx_it.o
 .debug_frame   0x00000000000006f4       0x30 build/system_stm32f1xx.o
 .debug_frame   0x0000000000000724       0x78 build/usart.o
 .debug_frame   0x000000000000079c       0x90 build/utils.o
 .debug_frame   0x000000000000082c      0x1cc build/stm32f1xx_hal.o
 .debug_frame   0x00000000000009f8      0x2c4 build/stm32f1xx_hal_adc.o
 .debug_frame   0x0000000000000cbc      0x118 build/stm32f1xx_hal_cortex.o
 .debug_frame   0x0000000000000dd4       0xe4 build/stm32f1xx_hal_gpio.o
 .debug_frame   0x0000000000000eb8      0x190 build/stm32f1xx_hal_rcc.o
 .debug_frame   0x0000000000001048       0x64 build/stm32f1xx_hal_rcc_ex.o
 .debug_frame   0x00000000000010ac      0x5a4 build/stm32f1xx_hal_spi.o
 .debug_frame   0x0000000000001650      0x5c4 build/stm32f1xx_hal_uart.o
 .debug_frame   0x0000000000001c14       0x2c /usr/lib/gcc/arm-none-eabi/10.3.1/../../../arm-none-eabi/lib/thumb/v7-m/nofp/libc_nano.a(lib_a-init.o)
 .debug_frame   0x0000000000001c40       0x2c /usr/lib/gcc/arm-none-eabi/10.3.1/../../../arm-none-eabi/lib/thumb/v7-m/nofp/libc_nano.a(lib_a-memset.o)
 .debug_frame   0x0000000000001c6c       0x28 /usr/lib/gcc/arm-none-eabi/10.3.1/../../../arm-none-eabi/lib/thumb/v7-m/nofp/libc_nano.a(lib_a-strcat.o)
 .debug_frame   0x0000000000001c94       0x20 /usr/lib/gcc/arm-none-eabi/10.3.1/../../../arm-none-eabi/lib/thumb/v7-m/nofp/libc_nano.a(lib_a-strcpy.o)
 .debug_frame   0x0000000000001cb4       0x20 /usr/lib/gcc/arm-none-eabi/10.3.1/../../../arm-none-eabi/lib/thumb/v7-m/nofp/libc_nano.a(lib_a-strlen-stub.o)
 .debug_frame   0x0000000000001cd4       0x2c /usr/lib/gcc/arm-none-eabi/10.3.1/../../../arm-none-eabi/lib/thumb/v7-m/nofp/libc_nano.a(lib_a-strncpy.o)
 .debug_frame   0x0000000000001d00       0x24 /usr/lib/gcc/arm-none-eabi/10.3.1/thumb/v7-m/nofp/libgcc.a(_arm_mulsf3.o)
 .debug_frame   0x0000000000001d24       0xc8 /usr/lib/gcc/arm-none-eabi/10.3.1/thumb/v7-m/nofp/libgcc.a(_arm_cmpsf2.o)
 .debug_frame   0x0000000000001dec       0x24 /usr/lib/gcc/arm-none-eabi/10.3.1/thumb/v7-m/nofp/libgcc.a(_arm_fixunssfsi.o)

Cross Reference Table

Symbol                                            File
ADC1_2_IRQHandler                                 build/startup_stm32f103xb.o
ADC_ConversionStop_Disable                        build/stm32f1xx_hal_adc.o
                                                  build/stm32f1xx_hal_adc_ex.o
ADC_DMAConvCplt                                   build/stm32f1xx_hal_adc.o
                                                  build/stm32f1xx_hal_adc_ex.o
ADC_DMAError                                      build/stm32f1xx_hal_adc.o
                                                  build/stm32f1xx_hal_adc_ex.o
ADC_DMAHalfConvCplt                               build/stm32f1xx_hal_adc.o
                                                  build/stm32f1xx_hal_adc_ex.o
ADC_Enable                                        build/stm32f1xx_hal_adc.o
                                                  build/stm32f1xx_hal_adc_ex.o
AHBPrescTable                                     build/system_stm32f1xx.o
                                                  build/stm32f1xx_hal_rcc.o
APBPrescTable                                     build/system_stm32f1xx.o
                                                  build/stm32f1xx_hal_rcc.o
BusFault_Handler                                  build/stm32f1xx_it.o
CAN1_RX1_IRQHandler                               build/startup_stm32f103xb.o
CAN1_SCE_IRQHandler                               build/startup_stm32f103xb.o
DMA1_Channel1_IRQHandler                          build/startup_stm32f103xb.o
DMA1_Channel2_IRQHandler                          build/startup_stm32f103xb.o
DMA1_Channel3_IRQHandler                          build/startup_stm32f103xb.o
DMA1_Channel4_IRQHandler                          build/startup_stm32f103xb.o
DMA1_Channel5_IRQHandler                          build/startup_stm32f103xb.o
DMA1_Channel6_IRQHandler                          build/startup_stm32f103xb.o
DMA1_Channel7_IRQHandler                          build/startup_stm32f103xb.o
DebugMon_Handler                                  build/stm32f1xx_it.o
Default_Handler                                   build/startup_stm32f103xb.o
EXTI0_IRQHandler                                  build/stm32f1xx_it.o
EXTI15_10_IRQHandler                              build/startup_stm32f103xb.o
EXTI1_IRQHandler                                  build/stm32f1xx_it.o
EXTI2_IRQHandler                                  build/startup_stm32f103xb.o
EXTI3_IRQHandler                                  build/startup_stm32f103xb.o
EXTI4_IRQHandler                                  build/startup_stm32f103xb.o
EXTI9_5_IRQHandler                                build/startup_stm32f103xb.o
Error_Handler                                     build/main.o
                                                  build/usart.o
                                                  build/spi.o
                                                  build/adc.o
FLASH_IRQHandler                                  build/startup_stm32f103xb.o
FLASH_PageErase                                   build/stm32f1xx_hal_flash_ex.o
                                                  build/stm32f1xx_hal_flash.o
FLASH_WaitForLastOperation                        build/stm32f1xx_hal_flash.o
                                                  build/stm32f1xx_hal_flash_ex.o
Font_11x18                                        build/fonts.o
                                                  build/menu.o
Font_16x26                                        build/fonts.o
Font_7x10                                         build/fonts.o
                                                  build/menu.o
HAL_ADCEx_Calibration_Start                       build/stm32f1xx_hal_adc_ex.o
HAL_ADCEx_InjectedConfigChannel                   build/stm32f1xx_hal_adc_ex.o
HAL_ADCEx_InjectedConvCpltCallback                build/stm32f1xx_hal_adc_ex.o
                                                  build/stm32f1xx_hal_adc.o
HAL_ADCEx_InjectedGetValue                        build/stm32f1xx_hal_adc_ex.o
HAL_ADCEx_InjectedPollForConversion               build/stm32f1xx_hal_adc_ex.o
HAL_ADCEx_InjectedStart                           build/stm32f1xx_hal_adc_ex.o
HAL_ADCEx_InjectedStart_IT                        build/stm32f1xx_hal_adc_ex.o
HAL_ADCEx_InjectedStop                            build/stm32f1xx_hal_adc_ex.o
HAL_ADCEx_InjectedStop_IT                         build/stm32f1xx_hal_adc_ex.o
HAL_ADCEx_MultiModeConfigChannel                  build/stm32f1xx_hal_adc_ex.o
HAL_ADCEx_MultiModeGetValue                       build/stm32f1xx_hal_adc_ex.o
HAL_ADCEx_MultiModeStart_DMA                      build/stm32f1xx_hal_adc_ex.o
HAL_ADCEx_MultiModeStop_DMA                       build/stm32f1xx_hal_adc_ex.o
HAL_ADC_AnalogWDGConfig                           build/stm32f1xx_hal_adc.o
HAL_ADC_ConfigChannel                             build/stm32f1xx_hal_adc.o
                                                  build/adc.o
HAL_ADC_ConvCpltCallback                          build/stm32f1xx_hal_adc.o
HAL_ADC_ConvHalfCpltCallback                      build/stm32f1xx_hal_adc.o
HAL_ADC_DeInit                                    build/stm32f1xx_hal_adc.o
HAL_ADC_ErrorCallback                             build/stm32f1xx_hal_adc.o
HAL_ADC_GetError                                  build/stm32f1xx_hal_adc.o
HAL_ADC_GetState                                  build/stm32f1xx_hal_adc.o
HAL_ADC_GetValue                                  build/stm32f1xx_hal_adc.o
                                                  build/joypad.o
HAL_ADC_IRQHandler                                build/stm32f1xx_hal_adc.o
HAL_ADC_Init                                      build/stm32f1xx_hal_adc.o
                                                  build/adc.o
HAL_ADC_LevelOutOfWindowCallback                  build/stm32f1xx_hal_adc.o
HAL_ADC_MspDeInit                                 build/adc.o
HAL_ADC_MspInit                                   build/adc.o
HAL_ADC_PollForConversion                         build/stm32f1xx_hal_adc.o
                                                  build/joypad.o
HAL_ADC_PollForEvent                              build/stm32f1xx_hal_adc.o
HAL_ADC_Start                                     build/stm32f1xx_hal_adc.o
                                                  build/joypad.o
HAL_ADC_Start_DMA                                 build/stm32f1xx_hal_adc.o
HAL_ADC_Start_IT                                  build/stm32f1xx_hal_adc.o
HAL_ADC_Stop                                      build/stm32f1xx_hal_adc.o
HAL_ADC_Stop_DMA                                  build/stm32f1xx_hal_adc.o
HAL_ADC_Stop_IT                                   build/stm32f1xx_hal_adc.o
HAL_DBGMCU_DisableDBGSleepMode                    build/stm32f1xx_hal.o
HAL_DBGMCU_DisableDBGStandbyMode                  build/stm32f1xx_hal.o
HAL_DBGMCU_DisableDBGStopMode                     build/stm32f1xx_hal.o
HAL_DBGMCU_EnableDBGSleepMode                     build/stm32f1xx_hal.o
HAL_DBGMCU_EnableDBGStandbyMode                   build/stm32f1xx_hal.o
HAL_DBGMCU_EnableDBGStopMode                      build/stm32f1xx_hal.o
HAL_DMA_Abort                                     build/stm32f1xx_hal_dma.o
                                                  build/stm32f1xx_hal_uart.o
                                                  build/stm32f1xx_hal_spi.o
                                                  build/stm32f1xx_hal_adc_ex.o
                                                  build/stm32f1xx_hal_adc.o
HAL_DMA_Abort_IT                                  build/stm32f1xx_hal_dma.o
                                                  build/stm32f1xx_hal_uart.o
                                                  build/stm32f1xx_hal_spi.o
HAL_DMA_DeInit                                    build/stm32f1xx_hal_dma.o
HAL_DMA_GetError                                  build/stm32f1xx_hal_dma.o
                                                  build/stm32f1xx_hal_uart.o
HAL_DMA_GetState                                  build/stm32f1xx_hal_dma.o
HAL_DMA_IRQHandler                                build/stm32f1xx_hal_dma.o
HAL_DMA_Init                                      build/stm32f1xx_hal_dma.o
HAL_DMA_PollForTransfer                           build/stm32f1xx_hal_dma.o
HAL_DMA_RegisterCallback                          build/stm32f1xx_hal_dma.o
HAL_DMA_Start                                     build/stm32f1xx_hal_dma.o
HAL_DMA_Start_IT                                  build/stm32f1xx_hal_dma.o
                                                  build/stm32f1xx_hal_uart.o
                                                  build/stm32f1xx_hal_spi.o
                                                  build/stm32f1xx_hal_adc_ex.o
                                                  build/stm32f1xx_hal_adc.o
HAL_DMA_UnRegisterCallback                        build/stm32f1xx_hal_dma.o
HAL_DeInit                                        build/stm32f1xx_hal.o
HAL_Delay                                         build/stm32f1xx_hal.o
                                                  build/menu.o
                                                  build/execution.o
                                                  build/st7735.o
HAL_EXTI_ClearConfigLine                          build/stm32f1xx_hal_exti.o
HAL_EXTI_ClearPending                             build/stm32f1xx_hal_exti.o
HAL_EXTI_GenerateSWI                              build/stm32f1xx_hal_exti.o
HAL_EXTI_GetConfigLine                            build/stm32f1xx_hal_exti.o
HAL_EXTI_GetHandle                                build/stm32f1xx_hal_exti.o
HAL_EXTI_GetPending                               build/stm32f1xx_hal_exti.o
HAL_EXTI_IRQHandler                               build/stm32f1xx_hal_exti.o
HAL_EXTI_RegisterCallback                         build/stm32f1xx_hal_exti.o
HAL_EXTI_SetConfigLine                            build/stm32f1xx_hal_exti.o
HAL_FLASHEx_Erase                                 build/stm32f1xx_hal_flash_ex.o
HAL_FLASHEx_Erase_IT                              build/stm32f1xx_hal_flash_ex.o
HAL_FLASHEx_OBErase                               build/stm32f1xx_hal_flash_ex.o
HAL_FLASHEx_OBGetConfig                           build/stm32f1xx_hal_flash_ex.o
HAL_FLASHEx_OBGetUserData                         build/stm32f1xx_hal_flash_ex.o
HAL_FLASHEx_OBProgram                             build/stm32f1xx_hal_flash_ex.o
HAL_FLASH_EndOfOperationCallback                  build/stm32f1xx_hal_flash.o
HAL_FLASH_GetError                                build/stm32f1xx_hal_flash.o
HAL_FLASH_IRQHandler                              build/stm32f1xx_hal_flash.o
HAL_FLASH_Lock                                    build/stm32f1xx_hal_flash.o
HAL_FLASH_OB_Launch                               build/stm32f1xx_hal_flash.o
HAL_FLASH_OB_Lock                                 build/stm32f1xx_hal_flash.o
HAL_FLASH_OB_Unlock                               build/stm32f1xx_hal_flash.o
HAL_FLASH_OperationErrorCallback                  build/stm32f1xx_hal_flash.o
HAL_FLASH_Program                                 build/stm32f1xx_hal_flash.o
HAL_FLASH_Program_IT                              build/stm32f1xx_hal_flash.o
HAL_FLASH_Unlock                                  build/stm32f1xx_hal_flash.o
HAL_GPIOEx_ConfigEventout                         build/stm32f1xx_hal_gpio_ex.o
HAL_GPIOEx_DisableEventout                        build/stm32f1xx_hal_gpio_ex.o
HAL_GPIOEx_EnableEventout                         build/stm32f1xx_hal_gpio_ex.o
HAL_GPIO_DeInit                                   build/stm32f1xx_hal_gpio.o
                                                  build/usart.o
                                                  build/spi.o
                                                  build/adc.o
HAL_GPIO_EXTI_Callback                            build/main.o
HAL_GPIO_EXTI_IRQHandler                          build/stm32f1xx_hal_gpio.o
                                                  build/stm32f1xx_it.o
HAL_GPIO_Init                                     build/stm32f1xx_hal_gpio.o
                                                  build/stm32f1xx_hal_rcc.o
                                                  build/usart.o
                                                  build/spi.o
                                                  build/gpio.o
                                                  build/adc.o
HAL_GPIO_LockPin                                  build/stm32f1xx_hal_gpio.o
HAL_GPIO_ReadPin                                  build/stm32f1xx_hal_gpio.o
HAL_GPIO_TogglePin                                build/stm32f1xx_hal_gpio.o
HAL_GPIO_WritePin                                 build/stm32f1xx_hal_gpio.o
                                                  build/gpio.o
                                                  build/st7735.o
HAL_GetDEVID                                      build/stm32f1xx_hal.o
HAL_GetHalVersion                                 build/stm32f1xx_hal.o
HAL_GetREVID                                      build/stm32f1xx_hal.o
HAL_GetTick                                       build/stm32f1xx_hal.o
                                                  build/stm32f1xx_hal_uart.o
                                                  build/stm32f1xx_hal_spi.o
                                                  build/stm32f1xx_hal_rcc_ex.o
                                                  build/stm32f1xx_hal_rcc.o
                                                  build/stm32f1xx_hal_flash.o
                                                  build/stm32f1xx_hal_dma.o
                                                  build/stm32f1xx_hal_adc_ex.o
                                                  build/stm32f1xx_hal_adc.o
                                                  build/main.o
HAL_GetTickFreq                                   build/stm32f1xx_hal.o
HAL_GetTickPrio                                   build/stm32f1xx_hal.o
HAL_GetUIDw0                                      build/stm32f1xx_hal.o
HAL_GetUIDw1                                      build/stm32f1xx_hal.o
HAL_GetUIDw2                                      build/stm32f1xx_hal.o
HAL_HalfDuplex_EnableReceiver                     build/stm32f1xx_hal_uart.o
HAL_HalfDuplex_EnableTransmitter                  build/stm32f1xx_hal_uart.o
HAL_HalfDuplex_Init                               build/stm32f1xx_hal_uart.o
HAL_IncTick                                       build/stm32f1xx_hal.o
                                                  build/stm32f1xx_it.o
HAL_Init                                          build/stm32f1xx_hal.o
                                                  build/main.o
HAL_InitTick                                      build/stm32f1xx_hal.o
                                                  build/stm32f1xx_hal_rcc.o
HAL_LIN_Init                                      build/stm32f1xx_hal_uart.o
HAL_LIN_SendBreak                                 build/stm32f1xx_hal_uart.o
HAL_MspDeInit                                     build/stm32f1xx_hal.o
HAL_MspInit                                       build/stm32f1xx_hal_msp.o
HAL_MultiProcessor_EnterMuteMode                  build/stm32f1xx_hal_uart.o
HAL_MultiProcessor_ExitMuteMode                   build/stm32f1xx_hal_uart.o
HAL_MultiProcessor_Init                           build/stm32f1xx_hal_uart.o
HAL_NVIC_ClearPendingIRQ                          build/stm32f1xx_hal_cortex.o
HAL_NVIC_DisableIRQ                               build/stm32f1xx_hal_cortex.o
HAL_NVIC_EnableIRQ                                build/stm32f1xx_hal_cortex.o
                                                  build/gpio.o
HAL_NVIC_GetActive                                build/stm32f1xx_hal_cortex.o
HAL_NVIC_GetPendingIRQ                            build/stm32f1xx_hal_cortex.o
HAL_NVIC_GetPriority                              build/stm32f1xx_hal_cortex.o
HAL_NVIC_GetPriorityGrouping                      build/stm32f1xx_hal_cortex.o
HAL_NVIC_SetPendingIRQ                            build/stm32f1xx_hal_cortex.o
HAL_NVIC_SetPriority                              build/stm32f1xx_hal_cortex.o
                                                  build/stm32f1xx_hal.o
                                                  build/gpio.o
HAL_NVIC_SetPriorityGrouping                      build/stm32f1xx_hal_cortex.o
                                                  build/stm32f1xx_hal.o
HAL_NVIC_SystemReset                              build/stm32f1xx_hal_cortex.o
                                                  build/stm32f1xx_hal_flash.o
HAL_PWR_ConfigPVD                                 build/stm32f1xx_hal_pwr.o
HAL_PWR_DeInit                                    build/stm32f1xx_hal_pwr.o
HAL_PWR_DisableBkUpAccess                         build/stm32f1xx_hal_pwr.o
HAL_PWR_DisablePVD                                build/stm32f1xx_hal_pwr.o
HAL_PWR_DisableSEVOnPend                          build/stm32f1xx_hal_pwr.o
HAL_PWR_DisableSleepOnExit                        build/stm32f1xx_hal_pwr.o
HAL_PWR_DisableWakeUpPin                          build/stm32f1xx_hal_pwr.o
HAL_PWR_EnableBkUpAccess                          build/stm32f1xx_hal_pwr.o
HAL_PWR_EnablePVD                                 build/stm32f1xx_hal_pwr.o
HAL_PWR_EnableSEVOnPend                           build/stm32f1xx_hal_pwr.o
HAL_PWR_EnableSleepOnExit                         build/stm32f1xx_hal_pwr.o
HAL_PWR_EnableWakeUpPin                           build/stm32f1xx_hal_pwr.o
HAL_PWR_EnterSLEEPMode                            build/stm32f1xx_hal_pwr.o
HAL_PWR_EnterSTANDBYMode                          build/stm32f1xx_hal_pwr.o
HAL_PWR_EnterSTOPMode                             build/stm32f1xx_hal_pwr.o
HAL_PWR_PVDCallback                               build/stm32f1xx_hal_pwr.o
HAL_PWR_PVD_IRQHandler                            build/stm32f1xx_hal_pwr.o
HAL_RCCEx_GetPeriphCLKConfig                      build/stm32f1xx_hal_rcc_ex.o
HAL_RCCEx_GetPeriphCLKFreq                        build/stm32f1xx_hal_rcc_ex.o
                                                  build/stm32f1xx_hal_adc_ex.o
                                                  build/stm32f1xx_hal_adc.o
HAL_RCCEx_PeriphCLKConfig                         build/stm32f1xx_hal_rcc_ex.o
                                                  build/main.o
HAL_RCC_CSSCallback                               build/stm32f1xx_hal_rcc.o
HAL_RCC_ClockConfig                               build/stm32f1xx_hal_rcc.o
                                                  build/main.o
HAL_RCC_DeInit                                    build/stm32f1xx_hal_rcc.o
HAL_RCC_DisableCSS                                build/stm32f1xx_hal_rcc.o
HAL_RCC_EnableCSS                                 build/stm32f1xx_hal_rcc.o
HAL_RCC_GetClockConfig                            build/stm32f1xx_hal_rcc.o
HAL_RCC_GetHCLKFreq                               build/stm32f1xx_hal_rcc.o
HAL_RCC_GetOscConfig                              build/stm32f1xx_hal_rcc.o
HAL_RCC_GetPCLK1Freq                              build/stm32f1xx_hal_rcc.o
                                                  build/stm32f1xx_hal_uart.o
HAL_RCC_GetPCLK2Freq                              build/stm32f1xx_hal_rcc.o
                                                  build/stm32f1xx_hal_uart.o
                                                  build/stm32f1xx_hal_rcc_ex.o
HAL_RCC_GetSysClockFreq                           build/stm32f1xx_hal_rcc.o
HAL_RCC_MCOConfig                                 build/stm32f1xx_hal_rcc.o
HAL_RCC_NMI_IRQHandler                            build/stm32f1xx_hal_rcc.o
HAL_RCC_OscConfig                                 build/stm32f1xx_hal_rcc.o
                                                  build/main.o
HAL_ResumeTick                                    build/stm32f1xx_hal.o
HAL_SPI_Abort                                     build/stm32f1xx_hal_spi.o
HAL_SPI_AbortCpltCallback                         build/stm32f1xx_hal_spi.o
HAL_SPI_Abort_IT                                  build/stm32f1xx_hal_spi.o
HAL_SPI_DMAPause                                  build/stm32f1xx_hal_spi.o
HAL_SPI_DMAResume                                 build/stm32f1xx_hal_spi.o
HAL_SPI_DMAStop                                   build/stm32f1xx_hal_spi.o
HAL_SPI_DeInit                                    build/stm32f1xx_hal_spi.o
HAL_SPI_ErrorCallback                             build/stm32f1xx_hal_spi.o
HAL_SPI_GetError                                  build/stm32f1xx_hal_spi.o
HAL_SPI_GetState                                  build/stm32f1xx_hal_spi.o
HAL_SPI_IRQHandler                                build/stm32f1xx_hal_spi.o
HAL_SPI_Init                                      build/stm32f1xx_hal_spi.o
                                                  build/spi.o
HAL_SPI_MspDeInit                                 build/spi.o
HAL_SPI_MspInit                                   build/spi.o
HAL_SPI_Receive                                   build/stm32f1xx_hal_spi.o
HAL_SPI_Receive_DMA                               build/stm32f1xx_hal_spi.o
HAL_SPI_Receive_IT                                build/stm32f1xx_hal_spi.o
HAL_SPI_RxCpltCallback                            build/stm32f1xx_hal_spi.o
HAL_SPI_RxHalfCpltCallback                        build/stm32f1xx_hal_spi.o
HAL_SPI_Transmit                                  build/stm32f1xx_hal_spi.o
                                                  build/st7735.o
HAL_SPI_TransmitReceive                           build/stm32f1xx_hal_spi.o
HAL_SPI_TransmitReceive_DMA                       build/stm32f1xx_hal_spi.o
HAL_SPI_TransmitReceive_IT                        build/stm32f1xx_hal_spi.o
HAL_SPI_Transmit_DMA                              build/stm32f1xx_hal_spi.o
HAL_SPI_Transmit_IT                               build/stm32f1xx_hal_spi.o
HAL_SPI_TxCpltCallback                            build/stm32f1xx_hal_spi.o
HAL_SPI_TxHalfCpltCallback                        build/stm32f1xx_hal_spi.o
HAL_SPI_TxRxCpltCallback                          build/stm32f1xx_hal_spi.o
HAL_SPI_TxRxHalfCpltCallback                      build/stm32f1xx_hal_spi.o
HAL_SYSTICK_CLKSourceConfig                       build/stm32f1xx_hal_cortex.o
HAL_SYSTICK_Callback                              build/stm32f1xx_hal_cortex.o
HAL_SYSTICK_Config                                build/stm32f1xx_hal_cortex.o
                                                  build/stm32f1xx_hal.o
HAL_SYSTICK_IRQHandler                            build/stm32f1xx_hal_cortex.o
HAL_SetTickFreq                                   build/stm32f1xx_hal.o
HAL_SuspendTick                                   build/stm32f1xx_hal.o
HAL_UARTEx_ReceiveToIdle                          build/stm32f1xx_hal_uart.o
HAL_UARTEx_ReceiveToIdle_DMA                      build/stm32f1xx_hal_uart.o
HAL_UARTEx_ReceiveToIdle_IT                       build/stm32f1xx_hal_uart.o
HAL_UARTEx_RxEventCallback                        build/stm32f1xx_hal_uart.o
HAL_UART_Abort                                    build/stm32f1xx_hal_uart.o
HAL_UART_AbortCpltCallback                        build/stm32f1xx_hal_uart.o
HAL_UART_AbortReceive                             build/stm32f1xx_hal_uart.o
HAL_UART_AbortReceiveCpltCallback                 build/stm32f1xx_hal_uart.o
HAL_UART_AbortReceive_IT                          build/stm32f1xx_hal_uart.o
HAL_UART_AbortTransmit                            build/stm32f1xx_hal_uart.o
HAL_UART_AbortTransmitCpltCallback                build/stm32f1xx_hal_uart.o
HAL_UART_AbortTransmit_IT                         build/stm32f1xx_hal_uart.o
HAL_UART_Abort_IT                                 build/stm32f1xx_hal_uart.o
HAL_UART_DMAPause                                 build/stm32f1xx_hal_uart.o
HAL_UART_DMAResume                                build/stm32f1xx_hal_uart.o
HAL_UART_DMAStop                                  build/stm32f1xx_hal_uart.o
HAL_UART_DeInit                                   build/stm32f1xx_hal_uart.o
HAL_UART_ErrorCallback                            build/stm32f1xx_hal_uart.o
HAL_UART_GetError                                 build/stm32f1xx_hal_uart.o
HAL_UART_GetState                                 build/stm32f1xx_hal_uart.o
HAL_UART_IRQHandler                               build/stm32f1xx_hal_uart.o
HAL_UART_Init                                     build/stm32f1xx_hal_uart.o
                                                  build/usart.o
HAL_UART_MspDeInit                                build/usart.o
HAL_UART_MspInit                                  build/usart.o
HAL_UART_Receive                                  build/stm32f1xx_hal_uart.o
                                                  build/utils.o
HAL_UART_Receive_DMA                              build/stm32f1xx_hal_uart.o
HAL_UART_Receive_IT                               build/stm32f1xx_hal_uart.o
HAL_UART_RxCpltCallback                           build/stm32f1xx_hal_uart.o
HAL_UART_RxHalfCpltCallback                       build/stm32f1xx_hal_uart.o
HAL_UART_Transmit                                 build/stm32f1xx_hal_uart.o
                                                  build/utils.o
HAL_UART_Transmit_DMA                             build/stm32f1xx_hal_uart.o
HAL_UART_Transmit_IT                              build/stm32f1xx_hal_uart.o
HAL_UART_TxCpltCallback                           build/stm32f1xx_hal_uart.o
HAL_UART_TxHalfCpltCallback                       build/stm32f1xx_hal_uart.o
HardFault_Handler                                 build/stm32f1xx_it.o
I2C1_ER_IRQHandler                                build/startup_stm32f103xb.o
I2C1_EV_IRQHandler                                build/startup_stm32f103xb.o
I2C2_ER_IRQHandler                                build/startup_stm32f103xb.o
I2C2_EV_IRQHandler                                build/startup_stm32f103xb.o
MX_ADC1_Init                                      build/adc.o
                                                  build/main.o
MX_GPIO_Init                                      build/gpio.o
                                                  build/main.o
MX_SPI2_Init                                      build/spi.o
                                                  build/main.o
MX_USART1_UART_Init                               build/usart.o
                                                  build/main.o
MX_USART3_UART_Init                               build/usart.o
                                                  build/main.o
MemManage_Handler                                 build/stm32f1xx_it.o
NMI_Handler                                       build/stm32f1xx_it.o
PVD_IRQHandler                                    build/startup_stm32f103xb.o
PendSV_Handler                                    build/stm32f1xx_it.o
RCC_IRQHandler                                    build/startup_stm32f103xb.o
RTC_Alarm_IRQHandler                              build/startup_stm32f103xb.o
RTC_IRQHandler                                    build/startup_stm32f103xb.o
Reset_Handler                                     build/startup_stm32f103xb.o
SPI1_IRQHandler                                   build/startup_stm32f103xb.o
SPI2_IRQHandler                                   build/startup_stm32f103xb.o
ST7735_DrawImage                                  build/st7735.o
ST7735_DrawPixel                                  build/st7735.o
ST7735_FillRectangle                              build/st7735.o
ST7735_FillRectangleFast                          build/st7735.o
ST7735_FillScreen                                 build/st7735.o
                                                  build/menu.o
ST7735_FillScreenFast                             build/st7735.o
ST7735_Init                                       build/st7735.o
                                                  build/menu.o
ST7735_InvertColors                               build/st7735.o
ST7735_SetGamma                                   build/st7735.o
ST7735_Unselect                                   build/st7735.o
ST7735_WriteJustifyString                         build/st7735.o
                                                  build/menu.o
ST7735_WriteString                                build/st7735.o
SVC_Handler                                       build/stm32f1xx_it.o
SysTick_Handler                                   build/stm32f1xx_it.o
SystemClock_Config                                build/main.o
SystemCoreClock                                   build/system_stm32f1xx.o
                                                  build/stm32f1xx_hal_spi.o
                                                  build/stm32f1xx_hal_rcc.o
                                                  build/stm32f1xx_hal_adc_ex.o
                                                  build/stm32f1xx_hal_adc.o
                                                  build/stm32f1xx_hal.o
SystemCoreClockUpdate                             build/system_stm32f1xx.o
SystemInit                                        build/system_stm32f1xx.o
                                                  build/startup_stm32f103xb.o
TAMPER_IRQHandler                                 build/startup_stm32f103xb.o
TIM1_BRK_IRQHandler                               build/startup_stm32f103xb.o
TIM1_CC_IRQHandler                                build/startup_stm32f103xb.o
TIM1_TRG_COM_IRQHandler                           build/startup_stm32f103xb.o
TIM1_UP_IRQHandler                                build/startup_stm32f103xb.o
TIM2_IRQHandler                                   build/startup_stm32f103xb.o
TIM3_IRQHandler                                   build/startup_stm32f103xb.o
TIM4_IRQHandler                                   build/startup_stm32f103xb.o
UART_Start_Receive_DMA                            build/stm32f1xx_hal_uart.o
UART_Start_Receive_IT                             build/stm32f1xx_hal_uart.o
USART1_IRQHandler                                 build/startup_stm32f103xb.o
USART2_IRQHandler                                 build/startup_stm32f103xb.o
USART3_IRQHandler                                 build/startup_stm32f103xb.o
USBWakeUp_IRQHandler                              build/startup_stm32f103xb.o
USB_HP_CAN1_TX_IRQHandler                         build/startup_stm32f103xb.o
USB_LP_CAN1_RX0_IRQHandler                        build/startup_stm32f103xb.o
UsageFault_Handler                                build/stm32f1xx_it.o
WWDG_IRQHandler                                   build/startup_stm32f103xb.o
_ITM_deregisterTMCloneTable                       /usr/lib/gcc/arm-none-eabi/10.3.1/thumb/v7-m/nofp/crtbegin.o
_ITM_registerTMCloneTable                         /usr/lib/gcc/arm-none-eabi/10.3.1/thumb/v7-m/nofp/crtbegin.o
__TMC_END__                                       /usr/lib/gcc/arm-none-eabi/10.3.1/thumb/v7-m/nofp/crtend.o
                                                  /usr/lib/gcc/arm-none-eabi/10.3.1/thumb/v7-m/nofp/crtbegin.o
__aeabi_cfcmpeq                                   /usr/lib/gcc/arm-none-eabi/10.3.1/thumb/v7-m/nofp/libgcc.a(_arm_cmpsf2.o)
__aeabi_cfcmple                                   /usr/lib/gcc/arm-none-eabi/10.3.1/thumb/v7-m/nofp/libgcc.a(_arm_cmpsf2.o)
__aeabi_cfrcmple                                  /usr/lib/gcc/arm-none-eabi/10.3.1/thumb/v7-m/nofp/libgcc.a(_arm_cmpsf2.o)
__aeabi_f2uiz                                     /usr/lib/gcc/arm-none-eabi/10.3.1/thumb/v7-m/nofp/libgcc.a(_arm_fixunssfsi.o)
                                                  build/utils.o
__aeabi_fcmpeq                                    /usr/lib/gcc/arm-none-eabi/10.3.1/thumb/v7-m/nofp/libgcc.a(_arm_cmpsf2.o)
                                                  build/execution.o
__aeabi_fcmpge                                    /usr/lib/gcc/arm-none-eabi/10.3.1/thumb/v7-m/nofp/libgcc.a(_arm_cmpsf2.o)
__aeabi_fcmpgt                                    /usr/lib/gcc/arm-none-eabi/10.3.1/thumb/v7-m/nofp/libgcc.a(_arm_cmpsf2.o)
__aeabi_fcmple                                    /usr/lib/gcc/arm-none-eabi/10.3.1/thumb/v7-m/nofp/libgcc.a(_arm_cmpsf2.o)
__aeabi_fcmplt                                    /usr/lib/gcc/arm-none-eabi/10.3.1/thumb/v7-m/nofp/libgcc.a(_arm_cmpsf2.o)